Component: ARM Compiler 6.16 Tool: armlink [5dfeaa00]

==============================================================================

Section Cross References

    startup_stm32h730xxq.o(RESET) refers to startup_stm32h730xxq.o(STACK) for __initial_sp
    startup_stm32h730xxq.o(RESET) refers to startup_stm32h730xxq.o(.text) for Reset_Handler
    startup_stm32h730xxq.o(RESET) refers to stm32h7xx_it.o(.text.NMI_Handler) for NMI_Handler
    startup_stm32h730xxq.o(RESET) refers to stm32h7xx_it.o(.text.HardFault_Handler) for HardFault_Handler
    startup_stm32h730xxq.o(RESET) refers to stm32h7xx_it.o(.text.MemManage_Handler) for MemManage_Handler
    startup_stm32h730xxq.o(RESET) refers to stm32h7xx_it.o(.text.BusFault_Handler) for BusFault_Handler
    startup_stm32h730xxq.o(RESET) refers to stm32h7xx_it.o(.text.UsageFault_Handler) for UsageFault_Handler
    startup_stm32h730xxq.o(RESET) refers to stm32h7xx_it.o(.text.SVC_Handler) for SVC_Handler
    startup_stm32h730xxq.o(RESET) refers to stm32h7xx_it.o(.text.DebugMon_Handler) for DebugMon_Handler
    startup_stm32h730xxq.o(RESET) refers to stm32h7xx_it.o(.text.PendSV_Handler) for PendSV_Handler
    startup_stm32h730xxq.o(RESET) refers to stm32h7xx_it.o(.text.SysTick_Handler) for SysTick_Handler
    startup_stm32h730xxq.o(RESET) refers to stm32h7xx_it.o(.text.EXTI0_IRQHandler) for EXTI0_IRQHandler
    startup_stm32h730xxq.o(RESET) refers to stm32h7xx_it.o(.text.EXTI1_IRQHandler) for EXTI1_IRQHandler
    startup_stm32h730xxq.o(RESET) refers to stm32h7xx_it.o(.text.DMA1_Stream0_IRQHandler) for DMA1_Stream0_IRQHandler
    startup_stm32h730xxq.o(RESET) refers to stm32h7xx_it.o(.text.DMA1_Stream1_IRQHandler) for DMA1_Stream1_IRQHandler
    startup_stm32h730xxq.o(RESET) refers to stm32h7xx_it.o(.text.DMA1_Stream2_IRQHandler) for DMA1_Stream2_IRQHandler
    startup_stm32h730xxq.o(.text) refers to system_stm32h7xx.o(.text.SystemInit) for SystemInit
    startup_stm32h730xxq.o(.text) refers to entry.o(.ARM.Collect$$$$00000000) for __main
    main.o(.text.fputc) refers to main.o(.bss.huart1) for huart1
    main.o(.text.fputc) refers to stm32h7xx_hal_uart.o(.text.HAL_UART_Transmit) for HAL_UART_Transmit
    main.o(.ARM.exidx.text.fputc) refers to main.o(.text.fputc) for [Anonymous Symbol]
    main.o(.text.main) refers to main.o(.text.MPU_Config) for MPU_Config
    main.o(.text.main) refers to stm32h7xx_hal.o(.text.HAL_Init) for HAL_Init
    main.o(.text.main) refers to main.o(.text.SystemClock_Config) for SystemClock_Config
    main.o(.text.main) refers to main.o(.text.MX_GPIO_Init) for MX_GPIO_Init
    main.o(.text.main) refers to main.o(.text.MX_DMA_Init) for MX_DMA_Init
    main.o(.text.main) refers to main.o(.text.MX_SPI5_Init) for MX_SPI5_Init
    main.o(.text.main) refers to main.o(.text.MX_TIM3_Init) for MX_TIM3_Init
    main.o(.text.main) refers to main.o(.text.MX_USART1_UART_Init) for MX_USART1_UART_Init
    main.o(.text.main) refers to main.o(.text.MX_ADC1_Init) for MX_ADC1_Init
    main.o(.text.main) refers to main.o(.text.MX_DAC1_Init) for MX_DAC1_Init
    main.o(.text.main) refers to main.o(.text.MX_TIM2_Init) for MX_TIM2_Init
    main.o(.text.main) refers to main.o(.text.MX_TIM4_Init) for MX_TIM4_Init
    main.o(.text.main) refers to main.o(.bss.hdac1) for hdac1
    main.o(.text.main) refers to stm32h7xx_hal_dac.o(.text.HAL_DAC_Start) for HAL_DAC_Start
    main.o(.text.main) refers to main.o(.bss.hadc1) for hadc1
    main.o(.text.main) refers to stm32h7xx_hal_adc_ex.o(.text.HAL_ADCEx_Calibration_Start) for HAL_ADCEx_Calibration_Start
    main.o(.text.main) refers to main.o(.bss.htim3) for htim3
    main.o(.text.main) refers to stm32h7xx_hal_tim.o(.text.HAL_TIM_Base_Start_IT) for HAL_TIM_Base_Start_IT
    main.o(.text.main) refers to main.o(.bss.htim2) for htim2
    main.o(.text.main) refers to main.o(.bss.htim4) for htim4
    main.o(.text.main) refers to main.o(.text.Scan_Init) for Scan_Init
    main.o(.text.main) refers to puts.o(i.puts) for puts
    main.o(.text.main) refers to main.o(.bss.spi_request) for spi_request
    main.o(.text.main) refers to main.o(.bss.scan_params_union) for scan_params_union
    main.o(.text.main) refers to main.o(.bss.line_completed) for line_completed
    main.o(.text.main) refers to main.o(.bss.current_scan_line) for current_scan_line
    main.o(.text.main) refers to main.o(.ARM.__at_0x38000000) for y_dac_buffer
    main.o(.text.main) refers to main.o(.bss.half_line_completed) for half_line_completed
    main.o(.text.main) refers to stm32h7xx_hal_gpio.o(.text.HAL_GPIO_WritePin) for HAL_GPIO_WritePin
    main.o(.text.main) refers to main.o(.bss.hspi5) for hspi5
    main.o(.text.main) refers to stm32h7xx_hal_spi.o(.text.HAL_SPI_TransmitReceive) for HAL_SPI_TransmitReceive
    main.o(.text.main) refers to main.o(.data.scan_x_size) for scan_x_size
    main.o(.text.main) refers to main.o(.data.scan_y_size) for scan_y_size
    main.o(.text.main) refers to main.o(.bss.scan_x_offset) for scan_x_offset
[...]
    [Anonymous Symbol]                       0x08006958   Section        0  stm32h7xx_hal_adc.o(.text.LL_ADC_REG_StopConversion)
    LL_ADC_SetChannelPreselection            0x08006971   Thumb Code    46  stm32h7xx_hal_adc.o(.text.LL_ADC_SetChannelPreselection)
    [Anonymous Symbol]                       0x08006970   Section        0  stm32h7xx_hal_adc.o(.text.LL_ADC_SetChannelPreselection)
    LL_ADC_SetChannelSamplingTime            0x080069a1   Thumb Code    40  stm32h7xx_hal_adc.o(.text.LL_ADC_SetChannelSamplingTime)
    [Anonymous Symbol]                       0x080069a0   Section        0  stm32h7xx_hal_adc.o(.text.LL_ADC_SetChannelSamplingTime)
    LL_ADC_SetChannelSingleDiff              0x080069c9   Thumb Code    84  stm32h7xx_hal_adc.o(.text.LL_ADC_SetChannelSingleDiff)
    [Anonymous Symbol]                       0x080069c8   Section        0  stm32h7xx_hal_adc.o(.text.LL_ADC_SetChannelSingleDiff)
    LL_ADC_SetCommonClock                    0x08006a21   Thumb Code    12  stm32h7xx_hal_adc.o(.text.LL_ADC_SetCommonClock)
    [Anonymous Symbol]                       0x08006a20   Section        0  stm32h7xx_hal_adc.o(.text.LL_ADC_SetCommonClock)
    LL_ADC_SetCommonPathInternalCh           0x08006a31   Thumb Code    12  stm32h7xx_hal_adc.o(.text.LL_ADC_SetCommonPathInternalCh)
    [Anonymous Symbol]                       0x08006a30   Section        0  stm32h7xx_hal_adc.o(.text.LL_ADC_SetCommonPathInternalCh)
    LL_ADC_SetDataRightShift                 0x08006a41   Thumb Code    20  stm32h7xx_hal_adc.o(.text.LL_ADC_SetDataRightShift)
    [Anonymous Symbol]                       0x08006a40   Section        0  stm32h7xx_hal_adc.o(.text.LL_ADC_SetDataRightShift)
    LL_ADC_SetOffset                         0x08006a59   Thumb Code    68  stm32h7xx_hal_adc.o(.text.LL_ADC_SetOffset)
    [Anonymous Symbol]                       0x08006a58   Section        0  stm32h7xx_hal_adc.o(.text.LL_ADC_SetOffset)
    LL_ADC_SetOffsetSaturation               0x08006aa1   Thumb Code    30  stm32h7xx_hal_adc.o(.text.LL_ADC_SetOffsetSaturation)
    [Anonymous Symbol]                       0x08006aa0   Section        0  stm32h7xx_hal_adc.o(.text.LL_ADC_SetOffsetSaturation)
    LL_ADC_SetOffsetSign                     0x08006ac1   Thumb Code    24  stm32h7xx_hal_adc.o(.text.LL_ADC_SetOffsetSign)
    [Anonymous Symbol]                       0x08006ac0   Section        0  stm32h7xx_hal_adc.o(.text.LL_ADC_SetOffsetSign)
    LL_ADC_SetOffsetSignedSaturation         0x08006ad9   Thumb Code    30  stm32h7xx_hal_adc.o(.text.LL_ADC_SetOffsetSignedSaturation)
    [Anonymous Symbol]                       0x08006ad8   Section        0  stm32h7xx_hal_adc.o(.text.LL_ADC_SetOffsetSignedSaturation)
    LL_ADC_SetOffsetState                    0x08006af9   Thumb Code    14  stm32h7xx_hal_adc.o(.text.LL_ADC_SetOffsetState)
    [Anonymous Symbol]                       0x08006af8   Section        0  stm32h7xx_hal_adc.o(.text.LL_ADC_SetOffsetState)
    LL_ADC_StartCalibration                  0x08006b09   Thumb Code    34  stm32h7xx_hal_adc_ex.o(.text.LL_ADC_StartCalibration)
    [Anonymous Symbol]                       0x08006b08   Section        0  stm32h7xx_hal_adc_ex.o(.text.LL_ADC_StartCalibration)
    Launch_Scan                              0x08006b31   Thumb Code    86  main.o(.text.Launch_Scan)
    [Anonymous Symbol]                       0x08006b30   Section        0  main.o(.text.Launch_Scan)
    MPU_Config                               0x08006b89   Thumb Code    90  main.o(.text.MPU_Config)
    [Anonymous Symbol]                       0x08006b88   Section        0  main.o(.text.MPU_Config)
    MX_ADC1_Init                             0x08006be9   Thumb Code   176  main.o(.text.MX_ADC1_Init)
    [Anonymous Symbol]                       0x08006be8   Section        0  main.o(.text.MX_ADC1_Init)
    MX_DAC1_Init                             0x08006c99   Thumb Code   102  main.o(.text.MX_DAC1_Init)
    [Anonymous Symbol]                       0x08006c98   Section        0  main.o(.text.MX_DAC1_Init)
    MX_DMA_Init                              0x08006d01   Thumb Code    82  main.o(.text.MX_DMA_Init)
    [Anonymous Symbol]                       0x08006d00   Section        0  main.o(.text.MX_DMA_Init)
    MX_GPIO_Init                             0x08006d59   Thumb Code   304  main.o(.text.MX_GPIO_Init)
    [Anonymous Symbol]                       0x08006d58   Section        0  main.o(.text.MX_GPIO_Init)
    MX_SPI5_Init                             0x08006e89   Thumb Code    90  main.o(.text.MX_SPI5_Init)
    [Anonymous Symbol]                       0x08006e88   Section        0  main.o(.text.MX_SPI5_Init)
    MX_TIM2_Init                             0x08006ee9   Thumb Code   112  main.o(.text.MX_TIM2_Init)
    [Anonymous Symbol]                       0x08006ee8   Section        0  main.o(.text.MX_TIM2_Init)
    MX_TIM3_Init                             0x08006f59   Thumb Code   118  main.o(.text.MX_TIM3_Init)
    [Anonymous Symbol]                       0x08006f58   Section        0  main.o(.text.MX_TIM3_Init)
    MX_TIM4_Init                             0x08006fd1   Thumb Code   118  main.o(.text.MX_TIM4_Init)
    [Anonymous Symbol]                       0x08006fd0   Section        0  main.o(.text.MX_TIM4_Init)
    MX_USART1_UART_Init                      0x08007049   Thumb Code   108  main.o(.text.MX_USART1_UART_Init)
    [Anonymous Symbol]                       0x08007048   Section        0  main.o(.text.MX_USART1_UART_Init)
    [Anonymous Symbol]                       0x080070b8   Section        0  stm32h7xx_it.o(.text.MemManage_Handler)
    [Anonymous Symbol]                       0x080070c0   Section        0  stm32h7xx_it.o(.text.NMI_Handler)
    NVIC_EncodePriority                      0x080070c9   Thumb Code    46  stm32h7xx_hal_cortex.o(.text.NVIC_EncodePriority)
    [Anonymous Symbol]                       0x080070c8   Section        0  stm32h7xx_hal_cortex.o(.text.NVIC_EncodePriority)
    [Anonymous Symbol]                       0x080070f8   Section        0  stm32h7xx_it.o(.text.PendSV_Handler)
    RCCEx_PLL2_Config                        0x08007101   Thumb Code   286  stm32h7xx_hal_rcc_ex.o(.text.RCCEx_PLL2_Config)
    [Anonymous Symbol]                       0x08007100   Section        0  stm32h7xx_hal_rcc_ex.o(.text.RCCEx_PLL2_Config)
    RCCEx_PLL3_Config                        0x08007221   Thumb Code   286  stm32h7xx_hal_rcc_ex.o(.text.RCCEx_PLL3_Config)
    [Anonymous Symbol]                       0x08007220   Section        0  stm32h7xx_hal_rcc_ex.o(.text.RCCEx_PLL3_Config)
    SPI_CloseTransfer                        0x08007341   Thumb Code   182  stm32h7xx_hal_spi.o(.text.SPI_CloseTransfer)
    [Anonymous Symbol]                       0x08007340   Section        0  stm32h7xx_hal_spi.o(.text.SPI_CloseTransfer)
    SPI_GetPacketSize                        0x080073f9   Thumb Code    18  stm32h7xx_hal_spi.o(.text.SPI_GetPacketSize)
    [Anonymous Symbol]                       0x080073f8   Section        0  stm32h7xx_hal_spi.o(.text.SPI_GetPacketSize)
    SPI_WaitOnFlagUntilTimeout               0x08007411   Thumb Code    46  stm32h7xx_hal_spi.o(.text.SPI_WaitOnFlagUntilTimeout)
    [Anonymous Symbol]                       0x08007410   Section        0  stm32h7xx_hal_spi.o(.text.SPI_WaitOnFlagUntilTimeout)
    [Anonymous Symbol]                       0x08007440   Section        0  stm32h7xx_it.o(.text.SVC_Handler)
    Scan_Init                                0x08007449   Thumb Code   364  main.o(.text.Scan_Init)
    [Anonymous Symbol]                       0x08007448   Section        0  main.o(.text.Scan_Init)
    Stop_Scan                                0x080075b9   Thumb Code    40  main.o(.text.Stop_Scan)
    [Anonymous Symbol]                       0x080075b8   Section        0  main.o(.text.Stop_Scan)
    SysTick_Config                           0x080075e1   Thumb Code    46  stm32h7xx_hal_cortex.o(.text.SysTick_Config)
    [Anonymous Symbol]                       0x080075e0   Section        0  stm32h7xx_hal_cortex.o(.text.SysTick_Config)
    [Anonymous Symbol]                       0x08007610   Section        0  stm32h7xx_it.o(.text.SysTick_Handler)
    [Anonymous Symbol]                       0x08007618   Section        0  main.o(.text.SystemClock_Config)
    [Anonymous Symbol]                       0x080076c0   Section        0  system_stm32h7xx.o(.text.SystemInit)
    [Anonymous Symbol]                       0x08007770   Section        0  stm32h7xx_hal_tim.o(.text.TIM_Base_SetConfig)
    [Anonymous Symbol]                       0x080078d0   Section        0  stm32h7xx_hal_tim.o(.text.TIM_ETR_SetConfig)
    TIM_ITRx_SetConfig                       0x080078e9   Thumb Code    22  stm32h7xx_hal_tim.o(.text.TIM_ITRx_SetConfig)
    [Anonymous Symbol]                       0x080078e8   Section        0  stm32h7xx_hal_tim.o(.text.TIM_ITRx_SetConfig)
    TIM_TI1_ConfigInputStage                 0x08007901   Thumb Code   106  stm32h7xx_hal_tim.o(.text.TIM_TI1_ConfigInputStage)
    [Anonymous Symbol]                       0x08007900   Section        0  stm32h7xx_hal_tim.o(.text.TIM_TI1_ConfigInputStage)
    TIM_TI2_ConfigInputStage                 0x08007971   Thumb Code    62  stm32h7xx_hal_tim.o(.text.TIM_TI2_ConfigInputStage)
    [Anonymous Symbol]                       0x08007970   Section        0  stm32h7xx_hal_tim.o(.text.TIM_TI2_ConfigInputStage)
    UARTEx_SetNbDataToProcess                0x080079b1   Thumb Code    84  stm32h7xx_hal_uart_ex.o(.text.UARTEx_SetNbDataToProcess)
    [Anonymous Symbol]                       0x080079b0   Section        0  stm32h7xx_hal_uart_ex.o(.text.UARTEx_SetNbDataToProcess)
    [Anonymous Symbol]                       0x08007a08   Section        0  stm32h7xx_hal_uart.o(.text.UART_AdvFeatureConfig)
    [Anonymous Symbol]                       0x08007ae8   Section        0  stm32h7xx_hal_uart.o(.text.UART_CheckIdleState)
    UART_EndRxTransfer                       0x08007ba1   Thumb Code    90  stm32h7xx_hal_uart.o(.text.UART_EndRxTransfer)
    [Anonymous Symbol]                       0x08007ba0   Section        0  stm32h7xx_hal_uart.o(.text.UART_EndRxTransfer)
    [Anonymous Symbol]                       0x08007c00   Section        0  stm32h7xx_hal_uart.o(.text.UART_SetConfig)
    [Anonymous Symbol]                       0x080081c8   Section        0  stm32h7xx_hal_uart.o(.text.UART_WaitOnFlagUntilTimeout)
    [Anonymous Symbol]                       0x08008290   Section        0  stm32h7xx_it.o(.text.UsageFault_Handler)
    __NVIC_EnableIRQ                         0x08008299   Thumb Code    32  stm32h7xx_hal_cortex.o(.text.__NVIC_EnableIRQ)
    [Anonymous Symbol]                       0x08008298   Section        0  stm32h7xx_hal_cortex.o(.text.__NVIC_EnableIRQ)
    __NVIC_GetPriorityGrouping               0x080082b9   Thumb Code    16  stm32h7xx_hal_cortex.o(.text.__NVIC_GetPriorityGrouping)
    [Anonymous Symbol]                       0x080082b8   Section        0  stm32h7xx_hal_cortex.o(.text.__NVIC_GetPriorityGrouping)
    __NVIC_SetPriority                       0x080082c9   Thumb Code    34  stm32h7xx_hal_cortex.o(.text.__NVIC_SetPriority)
    [Anonymous Symbol]                       0x080082c8   Section        0  stm32h7xx_hal_cortex.o(.text.__NVIC_SetPriority)
    __NVIC_SetPriorityGrouping               0x080082f1   Thumb Code    32  stm32h7xx_hal_cortex.o(.text.__NVIC_SetPriorityGrouping)
    [Anonymous Symbol]                       0x080082f0   Section        0  stm32h7xx_hal_cortex.o(.text.__NVIC_SetPriorityGrouping)
    [Anonymous Symbol]                       0x08008310   Section        0  main.o(.text.fputc)
    [Anonymous Symbol]                       0x08008330   Section        0  main.o(.text.main)
    i.__0printf$1                            0x0800879c   Section        0  printf1.o(i.__0printf$1)
    i.__scatterload_copy                     0x080087bc   Section       14  handlers.o(i.__scatterload_copy)
    i.__scatterload_null                     0x080087ca   Section        2  handlers.o(i.__scatterload_null)
    i.__scatterload_zeroinit                 0x080087cc   Section       14  handlers.o(i.__scatterload_zeroinit)
    _printf_core                             0x080087dd   Thumb Code   336  printf1.o(i._printf_core)
    i._printf_core                           0x080087dc   Section        0  printf1.o(i._printf_core)
    i.puts                                   0x08008930   Section        0  puts.o(i.puts)
    UARTEx_SetNbDataToProcess.numerator      0x0800897c   Data           8  stm32h7xx_hal_uart_ex.o(.rodata.cst8)
    [Anonymous Symbol]                       0x0800897c   Section        0  stm32h7xx_hal_uart_ex.o(.rodata.cst8)
    UARTEx_SetNbDataToProcess.denominator    0x08008984   Data           8  stm32h7xx_hal_uart_ex.o(.rodata.cst8)
    .data                                    0x24000000   Section        4  stdout.o(.data)
    scan_lines                               0x2400000c   Data           2  main.o(.data.scan_lines)
    [Anonymous Symbol]                       0x2400000c   Section        0  main.o(.data.scan_lines)
    scan_x_size                              0x2400000e   Data           2  main.o(.data.scan_x_size)
    [Anonymous Symbol]                       0x2400000e   Section        0  main.o(.data.scan_x_size)
    scan_y_size                              0x24000010   Data           2  main.o(.data.scan_y_size)
    [Anonymous Symbol]                       0x24000010   Section        0  main.o(.data.scan_y_size)
    current_scan_line                        0x24000018   Data           2  main.o(.bss.current_scan_line)
    [Anonymous Symbol]                       0x24000018   Section        0  main.o(.bss.current_scan_line)
    half_line_completed                      0x2400008c   Data           1  main.o(.bss.half_line_completed)
    [Anonymous Symbol]                       0x2400008c   Section        0  main.o(.bss.half_line_completed)
    line_completed                           0x2400040c   Data           1  main.o(.bss.line_completed)
    [Anonymous Symbol]                       0x2400040c   Section        0  main.o(.bss.line_completed)
    scan_direction_upward                    0x2400040d   Data           1  main.o(.bss.scan_direction_upward)
    [Anonymous Symbol]                       0x2400040d   Section        0  main.o(.bss.scan_direction_upward)
    scan_x_offset                            0x24000420   Data           2  main.o(.bss.scan_x_offset)
    [Anonymous Symbol]                       0x24000420   Section        0  main.o(.bss.scan_x_offset)
    scan_x_tr                                0x24000422   Data           1  main.o(.bss.scan_x_tr)
    [Anonymous Symbol]                       0x24000422   Section        0  main.o(.bss.scan_x_tr)
    scan_y_inc                               0x24000424   Data           4  main.o(.bss.scan_y_inc)
    [Anonymous Symbol]                       0x24000424   Section        0  main.o(.bss.scan_y_inc)
    scan_y_offset                            0x24000428   Data           2  main.o(.bss.scan_y_offset)
    [Anonymous Symbol]                       0x24000428   Section        0  main.o(.bss.scan_y_offset)
    spi_request                              0x2400042a   Data           1  main.o(.bss.spi_request)
    [Anonymous Symbol]                       0x2400042a   Section        0  main.o(.bss.spi_request)
    STACK                                    0x24000430   Section     1024  startup_stm32h730xxq.o(STACK)

    Global Symbols

    Symbol Name                              Value     Ov Type        Size  Object(Section)

    BuildAttributes$$THM_ISAv4$E$P$D$K$B$S$7EM$VFPv5_D16$PE$PLD8$A:L22UL41UL21$X:L11$S22US41US21$IEEE1$IW$~IW$USESV6$~STKCKD$USESV7$~SHL$OTIME$ROPI$EBA8$MICROLIB$REQ8$PRES8$EABIv2 0x00000000   Number         0  anon$$obj.o ABSOLUTE
    _printf_a                                0x00000000   Number         0  printfstubs.o ABSOLUTE
    _printf_c                                0x00000000   Number         0  printfstubs.o ABSOLUTE
    _printf_charcount                        0x00000000   Number         0  printfstubs.o ABSOLUTE
    _printf_d                                0x00000000   Number         0  printfstubs.o ABSOLUTE
    _printf_e                                0x00000000   Number         0  printfstubs.o ABSOLUTE
    _printf_f                                0x00000000   Number         0  printfstubs.o ABSOLUTE
    _printf_flags                            0x00000000   Number         0  printfstubs.o ABSOLUTE
    _printf_fp_dec                           0x00000000   Number         0  printfstubs.o ABSOLUTE
    _printf_fp_hex                           0x00000000   Number         0  printfstubs.o ABSOLUTE
    _printf_g                                0x00000000   Number         0  printfstubs.o ABSOLUTE
    _printf_i                                0x00000000   Number         0  printfstubs.o ABSOLUTE
    _printf_int_dec                          0x00000000   Number         0  printfstubs.o ABSOLUTE
    _printf_l                                0x00000000   Number         0  printfstubs.o ABSOLUTE
    _printf_lc                               0x00000000   Number         0  printfstubs.o ABSOLUTE
    _printf_ll                               0x00000000   Number         0  printfstubs.o ABSOLUTE
    _printf_lld                              0x00000000   Number         0  printfstubs.o ABSOLUTE
    _printf_lli                              0x00000000   Number         0  printfstubs.o ABSOLUTE
    _printf_llo                              0x00000000   Number         0  printfstubs.o ABSOLUTE
    _printf_llu                              0x00000000   Number         0  printfstubs.o ABSOLUTE
    _printf_llx                              0x00000000   Number         0  printfstubs.o ABSOLUTE
    _printf_longlong_dec                     0x00000000   Number         0  printfstubs.o ABSOLUTE
    _printf_longlong_hex                     0x00000000   Number         0  printfstubs.o ABSOLUTE
    _printf_longlong_oct                     0x00000000   Number         0  printfstubs.o ABSOLUTE
    _printf_ls                               0x00000000   Number         0  printfstubs.o ABSOLUTE
    _printf_mbtowc                           0x00000000   Number         0  printfstubs.o ABSOLUTE
    _printf_n                                0x00000000   Number         0  printfstubs.o ABSOLUTE
    _printf_o                                0x00000000   Number         0  printfstubs.o ABSOLUTE
    _printf_p                                0x00000000   Number         0  printfstubs.o ABSOLUTE
    _printf_percent                          0x00000000   Number         0  printfstubs.o ABSOLUTE
    _printf_pre_padding                      0x00000000   Number         0  printfstubs.o ABSOLUTE
    _printf_return_value                     0x00000000   Number         0  printfstubs.o ABSOLUTE
    _printf_s                                0x00000000   Number         0  printfstubs.o ABSOLUTE
    _printf_sizespec                         0x00000000   Number         0  printfstubs.o ABSOLUTE
    _printf_str                              0x00000000   Number         0  printfstubs.o ABSOLUTE
    _printf_truncate_signed                  0x00000000   Number         0  printfstubs.o ABSOLUTE
    _printf_truncate_unsigned                0x00000000   Number         0  printfstubs.o ABSOLUTE
    _printf_u                                0x00000000   Number         0  printfstubs.o ABSOLUTE
    _printf_wc                               0x00000000   Number         0  printfstubs.o ABSOLUTE
    _printf_wctomb                           0x00000000   Number         0  printfstubs.o ABSOLUTE
    _printf_widthprec                        0x00000000   Number         0  printfstubs.o ABSOLUTE
    _printf_x                                0x00000000   Number         0  printfstubs.o ABSOLUTE
    __cpp_initialize__aeabi_                  - Undefined Weak Reference
    __cxa_finalize                            - Undefined Weak Reference
    __decompress                              - Undefined Weak Reference
    _clock_init                               - Undefined Weak Reference
    _microlib_exit                            - Undefined Weak Reference
    __Vectors_Size                           0x000002cc   Number         0  startup_stm32h730xxq.o ABSOLUTE
    __Vectors                                0x08000000   Data           4  startup_stm32h730xxq.o(RESET)
    __Vectors_End                            0x080002cc   Data           0  startup_stm32h730xxq.o(RESET)
    __main                                   0x080002cd   Thumb Code     0  entry.o(.ARM.Collect$$$$00000000)
    _main_stk                                0x080002cd   Thumb Code     0  entry2.o(.ARM.Collect$$$$00000001)
    _main_scatterload                        0x080002d1   Thumb Code     0  entry5.o(.ARM.Collect$$$$00000004)
    __main_after_scatterload                 0x080002d5   Thumb Code     0  entry5.o(.ARM.Collect$$$$00000004)
    _main_clock                              0x080002d5   Thumb Code     0  entry7b.o(.ARM.Collect$$$$00000008)
    _main_cpp_init                           0x080002d5   Thumb Code     0  entry8b.o(.ARM.Collect$$$$0000000A)
    _main_init                               0x080002d5   Thumb Code     0  entry9a.o(.ARM.Collect$$$$0000000B)
    __rt_final_cpp                           0x080002dd   Thumb Code     0  entry10a.o(.ARM.Collect$$$$0000000D)
    __rt_final_exit                          0x080002dd   Thumb Code     0  entry11a.o(.ARM.Collect$$$$0000000F)
    Reset_Handler                            0x080002e1   Thumb Code     8  startup_stm32h730xxq.o(.text)
    ADC3_IRQHandler                          0x080002fb   Thumb Code     0  startup_stm32h730xxq.o(.text)
    ADC_IRQHandler                           0x080002fb   Thumb Code     0  startup_stm32h730xxq.o(.text)
    BDMA_Channel0_IRQHandler                 0x080002fb   Thumb Code     0  startup_stm32h730xxq.o(.text)
    BDMA_Channel1_IRQHandler                 0x080002fb   Thumb Code     0  startup_stm32h730xxq.o(.text)
    BDMA_Channel2_IRQHandler                 0x080002fb   Thumb Code     0  startup_stm32h730xxq.o(.text)
    BDMA_Channel3_IRQHandler                 0x080002fb   Thumb Code     0  startup_stm32h730xxq.o(.text)
    BDMA_Channel4_IRQHandler                 0x080002fb   Thumb Code     0  startup_stm32h730xxq.o(.text)
    BDMA_Channel5_IRQHandler                 0x080002fb   Thumb Code     0  startup_stm32h730xxq.o(.text)
    BDMA_Channel6_IRQHandler                 0x080002fb   Thumb Code     0  startup_stm32h730xxq.o(.text)
    BDMA_Channel7_IRQHandler                 0x080002fb   Thumb Code     0  startup_stm32h730xxq.o(.text)
    CEC_IRQHandler                           0x080002fb   Thumb Code     0  startup_stm32h730xxq.o(.text)
    COMP1_IRQHandler                         0x080002fb   Thumb Code     0  startup_stm32h730xxq.o(.text)
    CORDIC_IRQHandler                        0x080002fb   Thumb Code     0  startup_stm32h730xxq.o(.text)
    CRS_IRQHandler                           0x080002fb   Thumb Code     0  startup_stm32h730xxq.o(.text)
    CRYP_IRQHandler                          0x080002fb   Thumb Code     0  startup_stm32h730xxq.o(.text)
    DCMI_PSSI_IRQHandler                     0x080002fb   Thumb Code     0  startup_stm32h730xxq.o(.text)
    DFSDM1_FLT0_IRQHandler                   0x080002fb   Thumb Code     0  startup_stm32h730xxq.o(.text)
    DFSDM1_FLT1_IRQHandler                   0x080002fb   Thumb Code     0  startup_stm32h730xxq.o(.text)
    DFSDM1_FLT2_IRQHandler                   0x080002fb   Thumb Code     0  startup_stm32h730xxq.o(.text)
    DFSDM1_FLT3_IRQHandler                   0x080002fb   Thumb Code     0  startup_stm32h730xxq.o(.text)
    DMA1_Stream3_IRQHandler                  0x080002fb   Thumb Code     0  startup_stm32h730xxq.o(.text)
    DMA1_Stream4_IRQHandler                  0x080002fb   Thumb Code     0  startup_stm32h730xxq.o(.text)
    DMA1_Stream5_IRQHandler                  0x080002fb   Thumb Code     0  startup_stm32h730xxq.o(.text)
    DMA1_Stream6_IRQHandler                  0x080002fb   Thumb Code     0  startup_stm32h730xxq.o(.text)
    DMA1_Stream7_IRQHandler                  0x080002fb   Thumb Code     0  startup_stm32h730xxq.o(.text)
    DMA2D_IRQHandler                         0x080002fb   Thumb Code     0  startup_stm32h730xxq.o(.text)
    DMA2_Stream0_IRQHandler                  0x080002fb   Thumb Code     0  startup_stm32h730xxq.o(.text)
    DMA2_Stream1_IRQHandler                  0x080002fb   Thumb Code     0  startup_stm32h730xxq.o(.text)
    DMA2_Stream2_IRQHandler                  0x080002fb   Thumb Code     0  startup_stm32h730xxq.o(.text)
    DMA2_Stream3_IRQHandler                  0x080002fb   Thumb Code     0  startup_stm32h730xxq.o(.text)
    DMA2_Stream4_IRQHandler                  0x080002fb   Thumb Code     0  startup_stm32h730xxq.o(.text)
    DMA2_Stream5_IRQHandler                  0x080002fb   Thumb Code     0  startup_stm32h730xxq.o(.text)
    DMA2_Stream6_IRQHandler                  0x080002fb   Thumb Code     0  startup_stm32h730xxq.o(.text)
    DMA2_Stream7_IRQHandler                  0x080002fb   Thumb Code     0  startup_stm32h730xxq.o(.text)
    DMAMUX1_OVR_IRQHandler                   0x080002fb   Thumb Code     0  startup_stm32h730xxq.o(.text)
    DMAMUX2_OVR_IRQHandler                   0x080002fb   Thumb Code     0  startup_stm32h730xxq.o(.text)
    DTS_IRQHandler                           0x080002fb   Thumb Code     0  startup_stm32h730xxq.o(.text)
    ECC_IRQHandler                           0x080002fb   Thumb Code     0  startup_stm32h730xxq.o(.text)
    ETH_IRQHandler                           0x080002fb   Thumb Code     0  startup_stm32h730xxq.o(.text)
    ETH_WKUP_IRQHandler                      0x080002fb   Thumb Code     0  startup_stm32h730xxq.o(.text)
    EXTI15_10_IRQHandler                     0x080002fb   Thumb Code     0  startup_stm32h730xxq.o(.text)
    EXTI2_IRQHandler                         0x080002fb   Thumb Code     0  startup_stm32h730xxq.o(.text)
    EXTI3_IRQHandler                         0x080002fb   Thumb Code     0  startup_stm32h730xxq.o(.text)
    EXTI4_IRQHandler                         0x080002fb   Thumb Code     0  startup_stm32h730xxq.o(.text)
    EXTI9_5_IRQHandler                       0x080002fb   Thumb Code     0  startup_stm32h730xxq.o(.text)
    FDCAN1_IT0_IRQHandler                    0x080002fb   Thumb Code     0  startup_stm32h730xxq.o(.text)
    FDCAN1_IT1_IRQHandler                    0x080002fb   Thumb Code     0  startup_stm32h730xxq.o(.text)
    FDCAN2_IT0_IRQHandler                    0x080002fb   Thumb Code     0  startup_stm32h730xxq.o(.text)
    FDCAN2_IT1_IRQHandler                    0x080002fb   Thumb Code     0  startup_stm32h730xxq.o(.text)
    FDCAN3_IT0_IRQHandler                    0x080002fb   Thumb Code     0  startup_stm32h730xxq.o(.text)
    FDCAN3_IT1_IRQHandler                    0x080002fb   Thumb Code     0  startup_stm32h730xxq.o(.text)
    FDCAN_CAL_IRQHandler                     0x080002fb   Thumb Code     0  startup_stm32h730xxq.o(.text)
    FLASH_IRQHandler                         0x080002fb   Thumb Code     0  startup_stm32h730xxq.o(.text)
    FMAC_IRQHandler                          0x080002fb   Thumb Code     0  startup_stm32h730xxq.o(.text)
    FMC_IRQHandler                           0x080002fb   Thumb Code     0  startup_stm32h730xxq.o(.text)
    FPU_IRQHandler                           0x080002fb   Thumb Code     0  startup_stm32h730xxq.o(.text)
    HASH_RNG_IRQHandler                      0x080002fb   Thumb Code     0  startup_stm32h730xxq.o(.text)
    HSEM1_IRQHandler                         0x080002fb   Thumb Code     0  startup_stm32h730xxq.o(.text)
    I2C1_ER_IRQHandler                       0x080002fb   Thumb Code     0  startup_stm32h730xxq.o(.text)
    I2C1_EV_IRQHandler                       0x080002fb   Thumb Code     0  startup_stm32h730xxq.o(.text)
    I2C2_ER_IRQHandler                       0x080002fb   Thumb Code     0  startup_stm32h730xxq.o(.text)
    I2C2_EV_IRQHandler                       0x080002fb   Thumb Code     0  startup_stm32h730xxq.o(.text)
    I2C3_ER_IRQHandler                       0x080002fb   Thumb Code     0  startup_stm32h730xxq.o(.text)
    I2C3_EV_IRQHandler                       0x080002fb   Thumb Code     0  startup_stm32h730xxq.o(.text)
    I2C4_ER_IRQHandler                       0x080002fb   Thumb Code     0  startup_stm32h730xxq.o(.text)
    I2C4_EV_IRQHandler                       0x080002fb   Thumb Code     0  startup_stm32h730xxq.o(.text)
    I2C5_ER_IRQHandler                       0x080002fb   Thumb Code     0  startup_stm32h730xxq.o(.text)
    I2C5_EV_IRQHandler                       0x080002fb   Thumb Code     0  startup_stm32h730xxq.o(.text)
    LPTIM1_IRQHandler                        0x080002fb   Thumb Code     0  startup_stm32h730xxq.o(.text)
    LPTIM2_IRQHandler                        0x080002fb   Thumb Code     0  startup_stm32h730xxq.o(.text)
    LPTIM3_IRQHandler                        0x080002fb   Thumb Code     0  startup_stm32h730xxq.o(.text)
    LPTIM4_IRQHandler                        0x080002fb   Thumb Code     0  startup_stm32h730xxq.o(.text)
    LPTIM5_IRQHandler                        0x080002fb   Thumb Code     0  startup_stm32h730xxq.o(.text)
    LPUART1_IRQHandler                       0x080002fb   Thumb Code     0  startup_stm32h730xxq.o(.text)
    LTDC_ER_IRQHandler                       0x080002fb   Thumb Code     0  startup_stm32h730xxq.o(.text)
    LTDC_IRQHandler                          0x080002fb   Thumb Code     0  startup_stm32h730xxq.o(.text)
    MDIOS_IRQHandler                         0x080002fb   Thumb Code     0  startup_stm32h730xxq.o(.text)
    MDIOS_WKUP_IRQHandler                    0x080002fb   Thumb Code     0  startup_stm32h730xxq.o(.text)
    MDMA_IRQHandler                          0x080002fb   Thumb Code     0  startup_stm32h730xxq.o(.text)
    OCTOSPI1_IRQHandler                      0x080002fb   Thumb Code     0  startup_stm32h730xxq.o(.text)
    OCTOSPI2_IRQHandler                      0x080002fb   Thumb Code     0  startup_stm32h730xxq.o(.text)
    OTFDEC1_IRQHandler                       0x080002fb   Thumb Code     0  startup_stm32h730xxq.o(.text)
    OTFDEC2_IRQHandler                       0x080002fb   Thumb Code     0  startup_stm32h730xxq.o(.text)
    OTG_HS_EP1_IN_IRQHandler                 0x080002fb   Thumb Code     0  startup_stm32h730xxq.o(.text)
    OTG_HS_EP1_OUT_IRQHandler                0x080002fb   Thumb Code     0  startup_stm32h730xxq.o(.text)
    OTG_HS_IRQHandler                        0x080002fb   Thumb Code     0  startup_stm32h730xxq.o(.text)
    OTG_HS_WKUP_IRQHandler                   0x080002fb   Thumb Code     0  startup_stm32h730xxq.o(.text)
    PVD_AVD_IRQHandler                       0x080002fb   Thumb Code     0  startup_stm32h730xxq.o(.text)
    RCC_IRQHandler                           0x080002fb   Thumb Code     0  startup_stm32h730xxq.o(.text)
    RTC_Alarm_IRQHandler                     0x080002fb   Thumb Code     0  startup_stm32h730xxq.o(.text)
    RTC_WKUP_IRQHandler                      0x080002fb   Thumb Code     0  startup_stm32h730xxq.o(.text)
    SAI1_IRQHandler                          0x080002fb   Thumb Code     0  startup_stm32h730xxq.o(.text)
    SAI4_IRQHandler                          0x080002fb   Thumb Code     0  startup_stm32h730xxq.o(.text)
    SDMMC1_IRQHandler                        0x080002fb   Thumb Code     0  startup_stm32h730xxq.o(.text)
    SDMMC2_IRQHandler                        0x080002fb   Thumb Code     0  startup_stm32h730xxq.o(.text)
    SPDIF_RX_IRQHandler                      0x080002fb   Thumb Code     0  startup_stm32h730xxq.o(.text)
    SPI1_IRQHandler                          0x080002fb   Thumb Code     0  startup_stm32h730xxq.o(.text)
    SPI2_IRQHandler                          0x080002fb   Thumb Code     0  startup_stm32h730xxq.o(.text)
    SPI3_IRQHandler                          0x080002fb   Thumb Code     0  startup_stm32h730xxq.o(.text)
    SPI4_IRQHandler                          0x080002fb   Thumb Code     0  startup_stm32h730xxq.o(.text)
    SPI5_IRQHandler                          0x080002fb   Thumb Code     0  startup_stm32h730xxq.o(.text)
    SPI6_IRQHandler                          0x080002fb   Thumb Code     0  startup_stm32h730xxq.o(.text)
    SWPMI1_IRQHandler                        0x080002fb   Thumb Code     0  startup_stm32h730xxq.o(.text)
    TAMP_STAMP_IRQHandler                    0x080002fb   Thumb Code     0  startup_stm32h730xxq.o(.text)
    TIM15_IRQHandler                         0x080002fb   Thumb Code     0  startup_stm32h730xxq.o(.text)
    TIM16_IRQHandler                         0x080002fb   Thumb Code     0  startup_stm32h730xxq.o(.text)
    TIM17_IRQHandler                         0x080002fb   Thumb Code     0  startup_stm32h730xxq.o(.text)
    TIM1_BRK_IRQHandler                      0x080002fb   Thumb Code     0  startup_stm32h730xxq.o(.text)
    TIM1_CC_IRQHandler                       0x080002fb   Thumb Code     0  startup_stm32h730xxq.o(.text)
    TIM1_TRG_COM_IRQHandler                  0x080002fb   Thumb Code     0  startup_stm32h730xxq.o(.text)
    TIM1_UP_IRQHandler                       0x080002fb   Thumb Code     0  startup_stm32h730xxq.o(.text)
    TIM23_IRQHandler                         0x080002fb   Thumb Code     0  startup_stm32h730xxq.o(.text)
    TIM24_IRQHandler                         0x080002fb   Thumb Code     0  startup_stm32h730xxq.o(.text)
    TIM2_IRQHandler                          0x080002fb   Thumb Code     0  startup_stm32h730xxq.o(.text)
    TIM3_IRQHandler                          0x080002fb   Thumb Code     0  startup_stm32h730xxq.o(.text)
    TIM4_IRQHandler                          0x080002fb   Thumb Code     0  startup_stm32h730xxq.o(.text)
    TIM5_IRQHandler                          0x080002fb   Thumb Code     0  startup_stm32h730xxq.o(.text)
    TIM6_DAC_IRQHandler                      0x080002fb   Thumb Code     0  startup_stm32h730xxq.o(.text)
    TIM7_IRQHandler                          0x080002fb   Thumb Code     0  startup_stm32h730xxq.o(.text)
    TIM8_BRK_TIM12_IRQHandler                0x080002fb   Thumb Code     0  startup_stm32h730xxq.o(.text)
    TIM8_CC_IRQHandler                       0x080002fb   Thumb Code     0  startup_stm32h730xxq.o(.text)
    TIM8_TRG_COM_TIM14_IRQHandler            0x080002fb   Thumb Code     0  startup_stm32h730xxq.o(.text)
    TIM8_UP_TIM13_IRQHandler                 0x080002fb   Thumb Code     0  startup_stm32h730xxq.o(.text)
    UART4_IRQHandler                         0x080002fb   Thumb Code     0  startup_stm32h730xxq.o(.text)
    UART5_IRQHandler                         0x080002fb   Thumb Code     0  startup_stm32h730xxq.o(.text)
    UART7_IRQHandler                         0x080002fb   Thumb Code     0  startup_stm32h730xxq.o(.text)
    UART8_IRQHandler                         0x080002fb   Thumb Code     0  startup_stm32h730xxq.o(.text)
    UART9_IRQHandler                         0x080002fb   Thumb Code     0  startup_stm32h730xxq.o(.text)
    USART10_IRQHandler                       0x080002fb   Thumb Code     0  startup_stm32h730xxq.o(.text)
    USART1_IRQHandler                        0x080002fb   Thumb Code     0  startup_stm32h730xxq.o(.text)
    USART2_IRQHandler                        0x080002fb   Thumb Code     0  startup_stm32h730xxq.o(.text)
    USART3_IRQHandler                        0x080002fb   Thumb Code     0  startup_stm32h730xxq.o(.text)
    USART6_IRQHandler                        0x080002fb   Thumb Code     0  startup_stm32h730xxq.o(.text)
    WAKEUP_PIN_IRQHandler                    0x080002fb   Thumb Code     0  startup_stm32h730xxq.o(.text)
    WWDG_IRQHandler                          0x080002fb   Thumb Code     0  startup_stm32h730xxq.o(.text)
    __aeabi_uldivmod                         0x08000305   Thumb Code    98  uldiv.o(.text)
    __aeabi_memset                           0x08000367   Thumb Code    14  memseta.o(.text)
    __aeabi_memset4                          0x08000367   Thumb Code     0  memseta.o(.text)
    __aeabi_memset8                          0x08000367   Thumb Code     0  memseta.o(.text)
    __aeabi_memclr                           0x08000375   Thumb Code     4  memseta.o(.text)
    __aeabi_memclr4                          0x08000375   Thumb Code     0  memseta.o(.text)
    __aeabi_memclr8                          0x08000375   Thumb Code     0  memseta.o(.text)
    _memset$wrapper                          0x08000379   Thumb Code    18  memseta.o(.text)
    __aeabi_uidiv                            0x0800038b   Thumb Code     0  uidiv.o(.text)
    __aeabi_uidivmod                         0x0800038b   Thumb Code    44  uidiv.o(.text)
    __aeabi_llsl                             0x080003b7   Thumb Code    30  llshl.o(.text)
    _ll_shift_l                              0x080003b7   Thumb Code     0  llshl.o(.text)
    __aeabi_llsr                             0x080003d5   Thumb Code    32  llushr.o(.text)
    _ll_ushift_r                             0x080003d5   Thumb Code     0  llushr.o(.text)
    __scatterload                            0x080003f5   Thumb Code    28  init.o(.text)
    __scatterload_rt2                        0x080003f5   Thumb Code     0  init.o(.text)
    ADC_ConfigureBoostMode                   0x08000419   Thumb Code   240  stm32h7xx_hal_adc.o(.text.ADC_ConfigureBoostMode)
    ADC_ConversionStop                       0x08000509   Thumb Code   214  stm32h7xx_hal_adc.o(.text.ADC_ConversionStop)
    ADC_DMAConvCplt                          0x080005e1   Thumb Code   100  stm32h7xx_hal_adc.o(.text.ADC_DMAConvCplt)
    ADC_DMAError                             0x08000649   Thumb Code    26  stm32h7xx_hal_adc.o(.text.ADC_DMAError)
    ADC_DMAHalfConvCplt                      0x08000669   Thumb Code    10  stm32h7xx_hal_adc.o(.text.ADC_DMAHalfConvCplt)
    ADC_Disable                              0x08000679   Thumb Code   126  stm32h7xx_hal_adc.o(.text.ADC_Disable)
    ADC_Enable                               0x080006f9   Thumb Code   192  stm32h7xx_hal_adc.o(.text.ADC_Enable)
    BusFault_Handler                         0x080007b9   Thumb Code     2  stm32h7xx_it.o(.text.BusFault_Handler)
    DAC_DMAConvCpltCh1                       0x080007c1   Thumb Code    16  stm32h7xx_hal_dac.o(.text.DAC_DMAConvCpltCh1)
    DAC_DMAConvCpltCh2                       0x080007d1   Thumb Code    16  stm32h7xx_hal_dac_ex.o(.text.DAC_DMAConvCpltCh2)
    DAC_DMAErrorCh1                          0x080007e1   Thumb Code    24  stm32h7xx_hal_dac.o(.text.DAC_DMAErrorCh1)
    DAC_DMAErrorCh2                          0x080007f9   Thumb Code    24  stm32h7xx_hal_dac_ex.o(.text.DAC_DMAErrorCh2)
    DAC_DMAHalfConvCpltCh1                   0x08000811   Thumb Code    10  stm32h7xx_hal_dac.o(.text.DAC_DMAHalfConvCpltCh1)
    DAC_DMAHalfConvCpltCh2                   0x08000821   Thumb Code    10  stm32h7xx_hal_dac_ex.o(.text.DAC_DMAHalfConvCpltCh2)
    DMA1_Stream0_IRQHandler                  0x08000831   Thumb Code    16  stm32h7xx_it.o(.text.DMA1_Stream0_IRQHandler)
    DMA1_Stream1_IRQHandler                  0x08000841   Thumb Code    16  stm32h7xx_it.o(.text.DMA1_Stream1_IRQHandler)
    DMA1_Stream2_IRQHandler                  0x08000851   Thumb Code    16  stm32h7xx_it.o(.text.DMA1_Stream2_IRQHandler)
    DebugMon_Handler                         0x08000e61   Thumb Code     2  stm32h7xx_it.o(.text.DebugMon_Handler)
    EXTI0_IRQHandler                         0x08000e69   Thumb Code    10  stm32h7xx_it.o(.text.EXTI0_IRQHandler)
    EXTI1_IRQHandler                         0x08000e79   Thumb Code    10  stm32h7xx_it.o(.text.EXTI1_IRQHandler)
    Error_Handler                            0x08000e89   Thumb Code     6  main.o(.text.Error_Handler)
    HAL_ADCEx_Calibration_Start              0x08000e91   Thumb Code   136  stm32h7xx_hal_adc_ex.o(.text.HAL_ADCEx_Calibration_Start)
    HAL_ADCEx_MultiModeConfigChannel         0x08000f19   Thumb Code   272  stm32h7xx_hal_adc_ex.o(.text.HAL_ADCEx_MultiModeConfigChannel)
    HAL_ADC_ConfigChannel                    0x08001029   Thumb Code  1484  stm32h7xx_hal_adc.o(.text.HAL_ADC_ConfigChannel)
    HAL_ADC_ConvCpltCallback                 0x080015f9   Thumb Code    14  main.o(.text.HAL_ADC_ConvCpltCallback)
    HAL_ADC_ConvHalfCpltCallback             0x08001609   Thumb Code    14  main.o(.text.HAL_ADC_ConvHalfCpltCallback)
    HAL_ADC_ErrorCallback                    0x08001619   Thumb Code     2  stm32h7xx_hal_adc.o(.text.HAL_ADC_ErrorCallback)
    HAL_ADC_Init                             0x08001621   Thumb Code   652  stm32h7xx_hal_adc.o(.text.HAL_ADC_Init)
    HAL_ADC_MspInit                          0x080018b1   Thumb Code   206  stm32h7xx_hal_msp.o(.text.HAL_ADC_MspInit)
    HAL_ADC_Start_DMA                        0x08001981   Thumb Code   306  stm32h7xx_hal_adc.o(.text.HAL_ADC_Start_DMA)
    HAL_ADC_Stop_DMA                         0x08001ab9   Thumb Code   116  stm32h7xx_hal_adc.o(.text.HAL_ADC_Stop_DMA)
    HAL_DACEx_ConvCpltCallbackCh2            0x08001b31   Thumb Code    42  main.o(.text.HAL_DACEx_ConvCpltCallbackCh2)
    HAL_DACEx_ConvHalfCpltCallbackCh2        0x08001b61   Thumb Code     2  stm32h7xx_hal_dac_ex.o(.text.HAL_DACEx_ConvHalfCpltCallbackCh2)
    HAL_DACEx_ErrorCallbackCh2               0x08001b69   Thumb Code     2  stm32h7xx_hal_dac_ex.o(.text.HAL_DACEx_ErrorCallbackCh2)
    HAL_DAC_ConfigChannel                    0x08001b71   Thumb Code   366  stm32h7xx_hal_dac.o(.text.HAL_DAC_ConfigChannel)
    HAL_DAC_ConvCpltCallbackCh1              0x08001ce1   Thumb Code   146  main.o(.text.HAL_DAC_ConvCpltCallbackCh1)
    HAL_DAC_ConvHalfCpltCallbackCh1          0x08001d79   Thumb Code     2  stm32h7xx_hal_dac.o(.text.HAL_DAC_ConvHalfCpltCallbackCh1)
    HAL_DAC_ErrorCallbackCh1                 0x08001d81   Thumb Code     2  stm32h7xx_hal_dac.o(.text.HAL_DAC_ErrorCallbackCh1)
    HAL_DAC_Init                             0x08001d89   Thumb Code    38  stm32h7xx_hal_dac.o(.text.HAL_DAC_Init)
    HAL_DAC_MspInit                          0x08001db1   Thumb Code   238  stm32h7xx_hal_msp.o(.text.HAL_DAC_MspInit)
    HAL_DAC_Start                            0x08001ea1   Thumb Code   102  stm32h7xx_hal_dac.o(.text.HAL_DAC_Start)
    HAL_DAC_Start_DMA                        0x08001f09   Thumb Code   256  stm32h7xx_hal_dac.o(.text.HAL_DAC_Start_DMA)
    HAL_DAC_Stop_DMA                         0x08002009   Thumb Code    84  stm32h7xx_hal_dac.o(.text.HAL_DAC_Stop_DMA)
    HAL_DMA_Abort                            0x08002061   Thumb Code  1474  stm32h7xx_hal_dma.o(.text.HAL_DMA_Abort)
    HAL_DMA_IRQHandler                       0x08002629   Thumb Code  2980  stm32h7xx_hal_dma.o(.text.HAL_DMA_IRQHandler)
    HAL_DMA_Init                             0x080031d1   Thumb Code  1432  stm32h7xx_hal_dma.o(.text.HAL_DMA_Init)
    HAL_DMA_Start_IT                         0x08003769   Thumb Code  1120  stm32h7xx_hal_dma.o(.text.HAL_DMA_Start_IT)
    HAL_GPIO_EXTI_Callback                   0x08003bc9   Thumb Code    80  main.o(.text.HAL_GPIO_EXTI_Callback)
    HAL_GPIO_EXTI_IRQHandler                 0x08003c59   Thumb Code    24  stm32h7xx_hal_gpio.o(.text.HAL_GPIO_EXTI_IRQHandler)
    HAL_GPIO_Init                            0x08003c71   Thumb Code   418  stm32h7xx_hal_gpio.o(.text.HAL_GPIO_Init)
    HAL_GPIO_ReadPin                         0x08003e19   Thumb Code    10  stm32h7xx_hal_gpio.o(.text.HAL_GPIO_ReadPin)
    HAL_GPIO_WritePin                        0x08003e29   Thumb Code    10  stm32h7xx_hal_gpio.o(.text.HAL_GPIO_WritePin)
    HAL_GetTick                              0x08003e39   Thumb Code    12  stm32h7xx_hal.o(.text.HAL_GetTick)
    HAL_IncTick                              0x08003e49   Thumb Code    26  stm32h7xx_hal.o(.text.HAL_IncTick)
    HAL_Init                                 0x08003e69   Thumb Code   100  stm32h7xx_hal.o(.text.HAL_Init)
    HAL_InitTick                             0x08003ed1   Thumb Code    84  stm32h7xx_hal.o(.text.HAL_InitTick)
    HAL_MPU_ConfigRegion                     0x08003f29   Thumb Code    94  stm32h7xx_hal_cortex.o(.text.HAL_MPU_ConfigRegion)
    HAL_MPU_Disable                          0x08003f89   Thumb Code    26  stm32h7xx_hal_cortex.o(.text.HAL_MPU_Disable)
    HAL_MPU_Enable                           0x08003fa9   Thumb Code    32  stm32h7xx_hal_cortex.o(.text.HAL_MPU_Enable)
    HAL_MspInit                              0x08003fc9   Thumb Code    32  stm32h7xx_hal_msp.o(.text.HAL_MspInit)
    HAL_NVIC_EnableIRQ                       0x08003fe9   Thumb Code     8  stm32h7xx_hal_cortex.o(.text.HAL_NVIC_EnableIRQ)
    HAL_NVIC_SetPriority                     0x08003ff1   Thumb Code    30  stm32h7xx_hal_cortex.o(.text.HAL_NVIC_SetPriority)
    HAL_NVIC_SetPriorityGrouping             0x08004011   Thumb Code     8  stm32h7xx_hal_cortex.o(.text.HAL_NVIC_SetPriorityGrouping)
    HAL_PWREx_ConfigSupply                   0x08004019   Thumb Code   134  stm32h7xx_hal_pwr_ex.o(.text.HAL_PWREx_ConfigSupply)
    HAL_RCCEx_GetD3PCLK1Freq                 0x080040a1   Thumb Code    38  stm32h7xx_hal_rcc_ex.o(.text.HAL_RCCEx_GetD3PCLK1Freq)
    HAL_RCCEx_GetPLL1ClockFreq               0x080040c9   Thumb Code   296  stm32h7xx_hal_rcc_ex.o(.text.HAL_RCCEx_GetPLL1ClockFreq)
    HAL_RCCEx_GetPLL2ClockFreq               0x080041f1   Thumb Code   292  stm32h7xx_hal_rcc_ex.o(.text.HAL_RCCEx_GetPLL2ClockFreq)
    HAL_RCCEx_GetPLL3ClockFreq               0x08004319   Thumb Code   292  stm32h7xx_hal_rcc_ex.o(.text.HAL_RCCEx_GetPLL3ClockFreq)
    HAL_RCCEx_GetPeriphCLKFreq               0x08004441   Thumb Code   808  stm32h7xx_hal_rcc_ex.o(.text.HAL_RCCEx_GetPeriphCLKFreq)
    HAL_RCCEx_PeriphCLKConfig                0x08004769   Thumb Code  2436  stm32h7xx_hal_rcc_ex.o(.text.HAL_RCCEx_PeriphCLKConfig)
    HAL_RCC_CSSCallback                      0x080050f1   Thumb Code     2  stm32h7xx_hal_rcc.o(.text.HAL_RCC_CSSCallback)
    HAL_RCC_ClockConfig                      0x080050f9   Thumb Code   596  stm32h7xx_hal_rcc.o(.text.HAL_RCC_ClockConfig)
    HAL_RCC_EnableCSS                        0x08005351   Thumb Code    18  stm32h7xx_hal_rcc.o(.text.HAL_RCC_EnableCSS)
    HAL_RCC_GetHCLKFreq                      0x08005369   Thumb Code    76  stm32h7xx_hal_rcc.o(.text.HAL_RCC_GetHCLKFreq)
    HAL_RCC_GetPCLK1Freq                     0x080053b9   Thumb Code    38  stm32h7xx_hal_rcc.o(.text.HAL_RCC_GetPCLK1Freq)
    HAL_RCC_GetPCLK2Freq                     0x080053e1   Thumb Code    38  stm32h7xx_hal_rcc.o(.text.HAL_RCC_GetPCLK2Freq)
    HAL_RCC_GetSysClockFreq                  0x08005409   Thumb Code   264  stm32h7xx_hal_rcc.o(.text.HAL_RCC_GetSysClockFreq)
    HAL_RCC_NMI_IRQHandler                   0x08005511   Thumb Code    30  stm32h7xx_hal_rcc.o(.text.HAL_RCC_NMI_IRQHandler)
    HAL_RCC_OscConfig                        0x08005531   Thumb Code  1562  stm32h7xx_hal_rcc.o(.text.HAL_RCC_OscConfig)
    HAL_SPI_Init                             0x08005b51   Thumb Code   392  stm32h7xx_hal_spi.o(.text.HAL_SPI_Init)
    HAL_SPI_MspInit                          0x08005cd9   Thumb Code   148  stm32h7xx_hal_msp.o(.text.HAL_SPI_MspInit)
    HAL_SPI_TransmitReceive                  0x08005d71   Thumb Code  1036  stm32h7xx_hal_spi.o(.text.HAL_SPI_TransmitReceive)
    HAL_SYSCFG_AnalogSwitchConfig            0x08006181   Thumb Code    20  stm32h7xx_hal.o(.text.HAL_SYSCFG_AnalogSwitchConfig)
    HAL_SYSTICK_Config                       0x08006199   Thumb Code     8  stm32h7xx_hal_cortex.o(.text.HAL_SYSTICK_Config)
    HAL_TIMEx_MasterConfigSynchronization    0x080061a1   Thumb Code   224  stm32h7xx_hal_tim_ex.o(.text.HAL_TIMEx_MasterConfigSynchronization)
    HAL_TIM_Base_Init                        0x08006281   Thumb Code    96  stm32h7xx_hal_tim.o(.text.HAL_TIM_Base_Init)
    HAL_TIM_Base_MspInit                     0x080062e1   Thumb Code   124  stm32h7xx_hal_msp.o(.text.HAL_TIM_Base_MspInit)
    HAL_TIM_Base_Start_IT                    0x08006361   Thumb Code   198  stm32h7xx_hal_tim.o(.text.HAL_TIM_Base_Start_IT)
    HAL_TIM_ConfigClockSource                0x08006429   Thumb Code   270  stm32h7xx_hal_tim.o(.text.HAL_TIM_ConfigClockSource)
    HAL_UARTEx_DisableFifoMode               0x08006539   Thumb Code    54  stm32h7xx_hal_uart_ex.o(.text.HAL_UARTEx_DisableFifoMode)
    HAL_UARTEx_SetRxFifoThreshold            0x08006571   Thumb Code    74  stm32h7xx_hal_uart_ex.o(.text.HAL_UARTEx_SetRxFifoThreshold)
    HAL_UARTEx_SetTxFifoThreshold            0x080065c1   Thumb Code    74  stm32h7xx_hal_uart_ex.o(.text.HAL_UARTEx_SetTxFifoThreshold)
    HAL_UART_Init                            0x08006611   Thumb Code   100  stm32h7xx_hal_uart.o(.text.HAL_UART_Init)
    HAL_UART_MspInit                         0x08006679   Thumb Code   144  stm32h7xx_hal_msp.o(.text.HAL_UART_MspInit)
    HAL_UART_Transmit                        0x08006709   Thumb Code   218  stm32h7xx_hal_uart.o(.text.HAL_UART_Transmit)
    HardFault_Handler                        0x080067e9   Thumb Code     2  stm32h7xx_it.o(.text.HardFault_Handler)
    MemManage_Handler                        0x080070b9   Thumb Code     2  stm32h7xx_it.o(.text.MemManage_Handler)
    NMI_Handler                              0x080070c1   Thumb Code     6  stm32h7xx_it.o(.text.NMI_Handler)
    PendSV_Handler                           0x080070f9   Thumb Code     2  stm32h7xx_it.o(.text.PendSV_Handler)
    SVC_Handler                              0x08007441   Thumb Code     2  stm32h7xx_it.o(.text.SVC_Handler)
    SysTick_Handler                          0x08007611   Thumb Code     8  stm32h7xx_it.o(.text.SysTick_Handler)
    SystemClock_Config                       0x08007619   Thumb Code   166  main.o(.text.SystemClock_Config)
    SystemInit                               0x080076c1   Thumb Code   176  system_stm32h7xx.o(.text.SystemInit)
    TIM_Base_SetConfig                       0x08007771   Thumb Code   346  stm32h7xx_hal_tim.o(.text.TIM_Base_SetConfig)
    TIM_ETR_SetConfig                        0x080078d1   Thumb Code    20  stm32h7xx_hal_tim.o(.text.TIM_ETR_SetConfig)
    UART_AdvFeatureConfig                    0x08007a09   Thumb Code   224  stm32h7xx_hal_uart.o(.text.UART_AdvFeatureConfig)
    UART_CheckIdleState                      0x08007ae9   Thumb Code   184  stm32h7xx_hal_uart.o(.text.UART_CheckIdleState)
    UART_SetConfig                           0x08007c01   Thumb Code  1480  stm32h7xx_hal_uart.o(.text.UART_SetConfig)
    UART_WaitOnFlagUntilTimeout              0x080081c9   Thumb Code   194  stm32h7xx_hal_uart.o(.text.UART_WaitOnFlagUntilTimeout)
    UsageFault_Handler                       0x08008291   Thumb Code     2  stm32h7xx_it.o(.text.UsageFault_Handler)
    fputc                                    0x08008311   Thumb Code    30  main.o(.text.fputc)
    main                                     0x08008331   Thumb Code  1036  main.o(.text.main)
    __0printf$1                              0x0800879d   Thumb Code    22  printf1.o(i.__0printf$1)
    __1printf$1                              0x0800879d   Thumb Code     0  printf1.o(i.__0printf$1)
    __2printf                                0x0800879d   Thumb Code     0  printf1.o(i.__0printf$1)
    __scatterload_copy                       0x080087bd   Thumb Code    14  handlers.o(i.__scatterload_copy)
    __scatterload_null                       0x080087cb   Thumb Code     2  handlers.o(i.__scatterload_null)
    __scatterload_zeroinit                   0x080087cd   Thumb Code    14  handlers.o(i.__scatterload_zeroinit)
    puts                                     0x08008931   Thumb Code    30  puts.o(i.puts)
    D1CorePrescTable                         0x08008954   Data          16  system_stm32h7xx.o(.rodata.D1CorePrescTable)
    UARTPrescTable                           0x08008964   Data          24  stm32h7xx_hal_uart.o(.rodata.UARTPrescTable)
    Region$$Table$$Base                      0x0800898c   Number         0  anon$$obj.o(Region$$Table)
    Region$$Table$$Limit                     0x080089ac   Number         0  anon$$obj.o(Region$$Table)
    __stdout                                 0x24000000   Data           4  stdout.o(.data)
    SystemCoreClock                          0x24000004   Data           4  system_stm32h7xx.o(.data.SystemCoreClock)
    SystemD2Clock                            0x24000008   Data           4  system_stm32h7xx.o(.data.SystemD2Clock)
    uwTickFreq                               0x24000012   Data           1  stm32h7xx_hal.o(.data.uwTickFreq)
    uwTickPrio                               0x24000014   Data           4  stm32h7xx_hal.o(.data.uwTickPrio)
    dma_transfer_complete_flag               0x2400001a   Data           1  main.o(.bss.dma_transfer_complete_flag)
    dma_transfer_half_complete_flag          0x2400001b   Data           1  main.o(.bss.dma_transfer_half_complete_flag)
    hadc1                                    0x2400001c   Data         112  main.o(.bss.hadc1)
    hdac1                                    0x24000090   Data          20  main.o(.bss.hdac1)
    hdma_adc1                                0x240000a4   Data         120  main.o(.bss.hdma_adc1)
    hdma_dac1_ch1                            0x2400011c   Data         120  main.o(.bss.hdma_dac1_ch1)
    hdma_dac1_ch2                            0x24000194   Data         120  main.o(.bss.hdma_dac1_ch2)
    hspi5                                    0x2400020c   Data         136  main.o(.bss.hspi5)
    htim2                                    0x24000294   Data          76  main.o(.bss.htim2)
    htim3                                    0x240002e0   Data          76  main.o(.bss.htim3)
    htim4                                    0x2400032c   Data          76  main.o(.bss.htim4)
    huart1                                   0x24000378   Data         148  main.o(.bss.huart1)
    scan_params_union                        0x2400040e   Data          18  main.o(.bss.scan_params_union)
    uwTick                                   0x2400042c   Data           4  stm32h7xx_hal.o(.bss.uwTick)
    __initial_sp                             0x24000830   Data           0  startup_stm32h730xxq.o(STACK)
    y_dac_buffer                             0x38000000   Data        2000  main.o(.ARM.__at_0x38000000)
    x_dac_buffer_r                           0x380007e0   Data        5000  main.o(.ARM.__at_0x38000000)
    x_dac_buffer_t                           0x38001b80   Data        5000  main.o(.ARM.__at_0x38000000)
    adc_buffer                               0x38002f20   Data        4000  main.o(.ARM.__at_0x38000000)



==============================================================================

Memory Map of the image

  Image Entry point : 0x080002cd

  Load Region LR_IROM1 (Base: 0x08000000, Size: 0x000089c8, Max: 0x00020000, ABSOLUTE)

    Execution Region ER_IROM1 (Exec base: 0x08000000, Load base: 0x08000000, Size: 0x000089ac, Max: 0x00020000, ABSOLUTE)

    Exec Addr    Load Addr    Size         Type   Attr      Idx    E Section Name        Object

    0x08000000   0x08000000   0x000002cc   Data   RO            3    RESET               startup_stm32h730xxq.o
    0x080002cc   0x080002cc   0x00000000   Code   RO         2134  * .ARM.Collect$$$$00000000  mc_w.l(entry.o)
    0x080002cc   0x080002cc   0x00000004   Code   RO         2406    .ARM.Collect$$$$00000001  mc_w.l(entry2.o)
    0x080002d0   0x080002d0   0x00000004   Code   RO         2409    .ARM.Collect$$$$00000004  mc_w.l(entry5.o)
    0x080002d4   0x080002d4   0x00000000   Code   RO         2411    .ARM.Collect$$$$00000008  mc_w.l(entry7b.o)
    0x080002d4   0x080002d4   0x00000000   Code   RO         2413    .ARM.Collect$$$$0000000A  mc_w.l(entry8b.o)
    0x080002d4   0x080002d4   0x00000008   Code   RO         2414    .ARM.Collect$$$$0000000B  mc_w.l(entry9a.o)
    0x080002dc   0x080002dc   0x00000000   Code   RO         2416    .ARM.Collect$$$$0000000D  mc_w.l(entry10a.o)
    0x080002dc   0x080002dc   0x00000000   Code   RO         2418    .ARM.Collect$$$$0000000F  mc_w.l(entry11a.o)
    0x080002dc   0x080002dc   0x00000004   Code   RO         2407    .ARM.Collect$$$$00002712  mc_w.l(entry2.o)
    0x080002e0   0x080002e0   0x00000024   Code   RO            4    .text               startup_stm32h730xxq.o
    0x08000304   0x08000304   0x00000062   Code   RO         2141    .text               mc_w.l(uldiv.o)
    0x08000366   0x08000366   0x00000024   Code   RO         2143    .text               mc_w.l(memseta.o)
    0x0800038a   0x0800038a   0x0000002c   Code   RO         2430    .text               mc_w.l(uidiv.o)
    0x080003b6   0x080003b6   0x0000001e   Code   RO         2432    .text               mc_w.l(llshl.o)
    0x080003d4   0x080003d4   0x00000020   Code   RO         2434    .text               mc_w.l(llushr.o)
    0x080003f4   0x080003f4   0x00000024   Code   RO         2447    .text               mc_w.l(init.o)
    0x08000418   0x08000418   0x000000f0   Code   RO          176    .text.ADC_ConfigureBoostMode  stm32h7xx_hal_adc.o
    0x08000508   0x08000508   0x000000d6   Code   RO          180    .text.ADC_ConversionStop  stm32h7xx_hal_adc.o
    0x080005de   0x080005de   0x00000002   PAD
    0x080005e0   0x080005e0   0x00000064   Code   RO          210    .text.ADC_DMAConvCplt  stm32h7xx_hal_adc.o
    0x08000644   0x08000644   0x00000004   PAD
    0x08000648   0x08000648   0x0000001a   Code   RO          214    .text.ADC_DMAError  stm32h7xx_hal_adc.o
    0x08000662   0x08000662   0x00000006   PAD
    0x08000668   0x08000668   0x0000000a   Code   RO          212    .text.ADC_DMAHalfConvCplt  stm32h7xx_hal_adc.o
    0x08000672   0x08000672   0x00000006   PAD
    0x08000678   0x08000678   0x0000007e   Code   RO          182    .text.ADC_Disable   stm32h7xx_hal_adc.o
    0x080006f6   0x080006f6   0x00000002   PAD
    0x080006f8   0x080006f8   0x000000c0   Code   RO          190    .text.ADC_Enable    stm32h7xx_hal_adc.o
    0x080007b8   0x080007b8   0x00000002   Code   RO           97    .text.BusFault_Handler  stm32h7xx_it.o
    0x080007ba   0x080007ba   0x00000006   PAD
    0x080007c0   0x080007c0   0x00000010   Code   RO         1370    .text.DAC_DMAConvCpltCh1  stm32h7xx_hal_dac.o
    0x080007d0   0x080007d0   0x00000010   Code   RO         1412    .text.DAC_DMAConvCpltCh2  stm32h7xx_hal_dac_ex.o
    0x080007e0   0x080007e0   0x00000018   Code   RO         1374    .text.DAC_DMAErrorCh1  stm32h7xx_hal_dac.o
    0x080007f8   0x080007f8   0x00000018   Code   RO         1416    .text.DAC_DMAErrorCh2  stm32h7xx_hal_dac_ex.o
    0x08000810   0x08000810   0x0000000a   Code   RO         1372    .text.DAC_DMAHalfConvCpltCh1  stm32h7xx_hal_dac.o
    0x0800081a   0x0800081a   0x00000006   PAD
    0x08000820   0x08000820   0x0000000a   Code   RO         1414    .text.DAC_DMAHalfConvCpltCh2  stm32h7xx_hal_dac_ex.o
    0x0800082a   0x0800082a   0x00000006   PAD
    0x08000830   0x08000830   0x00000010   Code   RO          113    .text.DMA1_Stream0_IRQHandler  stm32h7xx_it.o
    0x08000840   0x08000840   0x00000010   Code   RO          115    .text.DMA1_Stream1_IRQHandler  stm32h7xx_it.o
    0x08000850   0x08000850   0x00000010   Code   RO          117    .text.DMA1_Stream2_IRQHandler  stm32h7xx_it.o
    0x08000860   0x08000860   0x0000011c   Code   RO          703    .text.DMA_CalcBaseAndBitshift  stm32h7xx_hal_dma.o
    0x0800097c   0x0800097c   0x00000004   PAD
    0x08000980   0x08000980   0x000000ec   Code   RO          705    .text.DMA_CalcDMAMUXChannelBaseAndMask  stm32h7xx_hal_dma.o
    0x08000a6c   0x08000a6c   0x00000004   PAD
    0x08000a70   0x08000a70   0x000000ae   Code   RO          707    .text.DMA_CalcDMAMUXRequestGenBaseAndMask  stm32h7xx_hal_dma.o
    0x08000b1e   0x08000b1e   0x00000002   PAD
    0x08000b20   0x08000b20   0x00000050   Code   RO          701    .text.DMA_CheckFifoParam  stm32h7xx_hal_dma.o
    0x08000b70   0x08000b70   0x000002ee   Code   RO          713    .text.DMA_SetConfig  stm32h7xx_hal_dma.o
    0x08000e5e   0x08000e5e   0x00000002   PAD
    0x08000e60   0x08000e60   0x00000002   Code   RO          103    .text.DebugMon_Handler  stm32h7xx_it.o
    0x08000e62   0x08000e62   0x00000006   PAD
    0x08000e68   0x08000e68   0x0000000a   Code   RO          109    .text.EXTI0_IRQHandler  stm32h7xx_it.o
    0x08000e72   0x08000e72   0x00000006   PAD
    0x08000e78   0x08000e78   0x0000000a   Code   RO          111    .text.EXTI1_IRQHandler  stm32h7xx_it.o
    0x08000e82   0x08000e82   0x00000006   PAD
    0x08000e88   0x08000e88   0x00000006   Code   RO           37    .text.Error_Handler  main.o
    0x08000e8e   0x08000e8e   0x00000002   PAD
    0x08000e90   0x08000e90   0x00000088   Code   RO          312    .text.HAL_ADCEx_Calibration_Start  stm32h7xx_hal_adc_ex.o
    0x08000f18   0x08000f18   0x00000110   Code   RO          416    .text.HAL_ADCEx_MultiModeConfigChannel  stm32h7xx_hal_adc_ex.o
    0x08001028   0x08001028   0x000005cc   Code   RO          238    .text.HAL_ADC_ConfigChannel  stm32h7xx_hal_adc.o
    0x080015f4   0x080015f4   0x00000004   PAD
    0x080015f8   0x080015f8   0x0000000e   Code   RO           47    .text.HAL_ADC_ConvCpltCallback  main.o
    0x08001606   0x08001606   0x00000002   PAD
    0x08001608   0x08001608   0x0000000e   Code   RO           45    .text.HAL_ADC_ConvHalfCpltCallback  main.o
    0x08001616   0x08001616   0x00000002   PAD
    0x08001618   0x08001618   0x00000002   Code   RO          234    .text.HAL_ADC_ErrorCallback  stm32h7xx_hal_adc.o
    0x0800161a   0x0800161a   0x00000006   PAD
    0x08001620   0x08001620   0x0000028c   Code   RO          156    .text.HAL_ADC_Init  stm32h7xx_hal_adc.o
    0x080018ac   0x080018ac   0x00000004   PAD
    0x080018b0   0x080018b0   0x000000ce   Code   RO          128    .text.HAL_ADC_MspInit  stm32h7xx_hal_msp.o
    0x0800197e   0x0800197e   0x00000002   PAD
    0x08001980   0x08001980   0x00000132   Code   RO          208    .text.HAL_ADC_Start_DMA  stm32h7xx_hal_adc.o
    0x08001ab2   0x08001ab2   0x00000006   PAD
    0x08001ab8   0x08001ab8   0x00000074   Code   RO          222    .text.HAL_ADC_Stop_DMA  stm32h7xx_hal_adc.o
    0x08001b2c   0x08001b2c   0x00000004   PAD
    0x08001b30   0x08001b30   0x0000002a   Code   RO           51    .text.HAL_DACEx_ConvCpltCallbackCh2  main.o
    0x08001b5a   0x08001b5a   0x00000006   PAD
    0x08001b60   0x08001b60   0x00000002   Code   RO         1428    .text.HAL_DACEx_ConvHalfCpltCallbackCh2  stm32h7xx_hal_dac_ex.o
    0x08001b62   0x08001b62   0x00000006   PAD
    0x08001b68   0x08001b68   0x00000002   Code   RO         1430    .text.HAL_DACEx_ErrorCallbackCh2  stm32h7xx_hal_dac_ex.o
    0x08001b6a   0x08001b6a   0x00000006   PAD
    0x08001b70   0x08001b70   0x0000016e   Code   RO         1392    .text.HAL_DAC_ConfigChannel  stm32h7xx_hal_dac.o
    0x08001cde   0x08001cde   0x00000002   PAD
    0x08001ce0   0x08001ce0   0x00000092   Code   RO           49    .text.HAL_DAC_ConvCpltCallbackCh1  main.o
    0x08001d72   0x08001d72   0x00000006   PAD
    0x08001d78   0x08001d78   0x00000002   Code   RO         1386    .text.HAL_DAC_ConvHalfCpltCallbackCh1  stm32h7xx_hal_dac.o
    0x08001d7a   0x08001d7a   0x00000006   PAD
    0x08001d80   0x08001d80   0x00000002   Code   RO         1388    .text.HAL_DAC_ErrorCallbackCh1  stm32h7xx_hal_dac.o
    0x08001d82   0x08001d82   0x00000006   PAD
    0x08001d88   0x08001d88   0x00000026   Code   RO         1356    .text.HAL_DAC_Init  stm32h7xx_hal_dac.o
    0x08001dae   0x08001dae   0x00000002   PAD
    0x08001db0   0x08001db0   0x000000ee   Code   RO          132    .text.HAL_DAC_MspInit  stm32h7xx_hal_msp.o
    0x08001e9e   0x08001e9e   0x00000002   PAD
    0x08001ea0   0x08001ea0   0x00000066   Code   RO         1364    .text.HAL_DAC_Start  stm32h7xx_hal_dac.o
    0x08001f06   0x08001f06   0x00000002   PAD
    0x08001f08   0x08001f08   0x00000100   Code   RO         1368    .text.HAL_DAC_Start_DMA  stm32h7xx_hal_dac.o
    0x08002008   0x08002008   0x00000054   Code   RO         1376    .text.HAL_DAC_Stop_DMA  stm32h7xx_hal_dac.o
    0x0800205c   0x0800205c   0x00000004   PAD
    0x08002060   0x08002060   0x000005c2   Code   RO          717    .text.HAL_DMA_Abort  stm32h7xx_hal_dma.o
    0x08002622   0x08002622   0x00000006   PAD
    0x08002628   0x08002628   0x00000ba4   Code   RO          723    .text.HAL_DMA_IRQHandler  stm32h7xx_hal_dma.o
    0x080031cc   0x080031cc   0x00000004   PAD
    0x080031d0   0x080031d0   0x00000598   Code   RO          699    .text.HAL_DMA_Init  stm32h7xx_hal_dma.o
    0x08003768   0x08003768   0x00000460   Code   RO          715    .text.HAL_DMA_Start_IT  stm32h7xx_hal_dma.o
    0x08003bc8   0x08003bc8   0x0000008c   Code   RO           53    .text.HAL_GPIO_EXTI_Callback  main.o
    0x08003c54   0x08003c54   0x00000004   PAD
    0x08003c58   0x08003c58   0x00000018   Code   RO          657    .text.HAL_GPIO_EXTI_IRQHandler  stm32h7xx_hal_gpio.o
    0x08003c70   0x08003c70   0x000001a2   Code   RO          645    .text.HAL_GPIO_Init  stm32h7xx_hal_gpio.o
    0x08003e12   0x08003e12   0x00000006   PAD
    0x08003e18   0x08003e18   0x0000000a   Code   RO          649    .text.HAL_GPIO_ReadPin  stm32h7xx_hal_gpio.o
    0x08003e22   0x08003e22   0x00000006   PAD
    0x08003e28   0x08003e28   0x0000000a   Code   RO          651    .text.HAL_GPIO_WritePin  stm32h7xx_hal_gpio.o
    0x08003e32   0x08003e32   0x00000006   PAD
    0x08003e38   0x08003e38   0x0000000c   Code   RO         1033    .text.HAL_GetTick   stm32h7xx_hal.o
    0x08003e44   0x08003e44   0x00000004   PAD
    0x08003e48   0x08003e48   0x0000001a   Code   RO         1031    .text.HAL_IncTick   stm32h7xx_hal.o
    0x08003e62   0x08003e62   0x00000006   PAD
    0x08003e68   0x08003e68   0x00000064   Code   RO         1021    .text.HAL_Init      stm32h7xx_hal.o
    0x08003ecc   0x08003ecc   0x00000004   PAD
    0x08003ed0   0x08003ed0   0x00000054   Code   RO         1023    .text.HAL_InitTick  stm32h7xx_hal.o
    0x08003f24   0x08003f24   0x00000004   PAD
    0x08003f28   0x08003f28   0x0000005e   Code   RO          979    .text.HAL_MPU_ConfigRegion  stm32h7xx_hal_cortex.o
    0x08003f86   0x08003f86   0x00000002   PAD
    0x08003f88   0x08003f88   0x0000001a   Code   RO          971    .text.HAL_MPU_Disable  stm32h7xx_hal_cortex.o
    0x08003fa2   0x08003fa2   0x00000006   PAD
    0x08003fa8   0x08003fa8   0x00000020   Code   RO          973    .text.HAL_MPU_Enable  stm32h7xx_hal_cortex.o
    0x08003fc8   0x08003fc8   0x00000020   Code   RO          126    .text.HAL_MspInit   stm32h7xx_hal_msp.o
    0x08003fe8   0x08003fe8   0x00000008   Code   RO          955    .text.HAL_NVIC_EnableIRQ  stm32h7xx_hal_cortex.o
    0x08003ff0   0x08003ff0   0x0000001e   Code   RO          947    .text.HAL_NVIC_SetPriority  stm32h7xx_hal_cortex.o
    0x0800400e   0x0800400e   0x00000002   PAD
    0x08004010   0x08004010   0x00000008   Code   RO          943    .text.HAL_NVIC_SetPriorityGrouping  stm32h7xx_hal_cortex.o
    0x08004018   0x08004018   0x00000086   Code   RO          859    .text.HAL_PWREx_ConfigSupply  stm32h7xx_hal_pwr_ex.o
    0x0800409e   0x0800409e   0x00000002   PAD
    0x080040a0   0x080040a0   0x00000026   Code   RO          492    .text.HAL_RCCEx_GetD3PCLK1Freq  stm32h7xx_hal_rcc_ex.o
    0x080040c6   0x080040c6   0x00000002   PAD
    0x080040c8   0x080040c8   0x00000128   Code   RO          486    .text.HAL_RCCEx_GetPLL1ClockFreq  stm32h7xx_hal_rcc_ex.o
    0x080041f0   0x080041f0   0x00000124   Code   RO          488    .text.HAL_RCCEx_GetPLL2ClockFreq  stm32h7xx_hal_rcc_ex.o
    0x08004314   0x08004314   0x00000004   PAD
    0x08004318   0x08004318   0x00000124   Code   RO          490    .text.HAL_RCCEx_GetPLL3ClockFreq  stm32h7xx_hal_rcc_ex.o
    0x0800443c   0x0800443c   0x00000004   PAD
    0x08004440   0x08004440   0x00000328   Code   RO          484    .text.HAL_RCCEx_GetPeriphCLKFreq  stm32h7xx_hal_rcc_ex.o
    0x08004768   0x08004768   0x00000984   Code   RO          476    .text.HAL_RCCEx_PeriphCLKConfig  stm32h7xx_hal_rcc_ex.o
    0x080050ec   0x080050ec   0x00000004   PAD
    0x080050f0   0x080050f0   0x00000002   Code   RO          466    .text.HAL_RCC_CSSCallback  stm32h7xx_hal_rcc.o
    0x080050f2   0x080050f2   0x00000006   PAD
    0x080050f8   0x080050f8   0x00000254   Code   RO          444    .text.HAL_RCC_ClockConfig  stm32h7xx_hal_rcc.o
    0x0800534c   0x0800534c   0x00000004   PAD
    0x08005350   0x08005350   0x00000012   Code   RO          450    .text.HAL_RCC_EnableCSS  stm32h7xx_hal_rcc.o
    0x08005362   0x08005362   0x00000006   PAD
    0x08005368   0x08005368   0x0000004c   Code   RO          454    .text.HAL_RCC_GetHCLKFreq  stm32h7xx_hal_rcc.o
    0x080053b4   0x080053b4   0x00000004   PAD
    0x080053b8   0x080053b8   0x00000026   Code   RO          456    .text.HAL_RCC_GetPCLK1Freq  stm32h7xx_hal_rcc.o
    0x080053de   0x080053de   0x00000002   PAD
    0x080053e0   0x080053e0   0x00000026   Code   RO          458    .text.HAL_RCC_GetPCLK2Freq  stm32h7xx_hal_rcc.o
    0x08005406   0x08005406   0x00000002   PAD
    0x08005408   0x08005408   0x00000108   Code   RO          446    .text.HAL_RCC_GetSysClockFreq  stm32h7xx_hal_rcc.o
    0x08005510   0x08005510   0x0000001e   Code   RO          464    .text.HAL_RCC_NMI_IRQHandler  stm32h7xx_hal_rcc.o
    0x0800552e   0x0800552e   0x00000002   PAD
    0x08005530   0x08005530   0x0000061a   Code   RO          442    .text.HAL_RCC_OscConfig  stm32h7xx_hal_rcc.o
    0x08005b4a   0x08005b4a   0x00000006   PAD
    0x08005b50   0x08005b50   0x00000188   Code   RO         1450    .text.HAL_SPI_Init  stm32h7xx_hal_spi.o
    0x08005cd8   0x08005cd8   0x00000094   Code   RO          136    .text.HAL_SPI_MspInit  stm32h7xx_hal_msp.o
    0x08005d6c   0x08005d6c   0x00000004   PAD
    0x08005d70   0x08005d70   0x0000040c   Code   RO         1468    .text.HAL_SPI_TransmitReceive  stm32h7xx_hal_spi.o
    0x0800617c   0x0800617c   0x00000004   PAD
    0x08006180   0x08006180   0x00000014   Code   RO         1071    .text.HAL_SYSCFG_AnalogSwitchConfig  stm32h7xx_hal.o
    0x08006194   0x08006194   0x00000004   PAD
    0x08006198   0x08006198   0x00000008   Code   RO          967    .text.HAL_SYSTICK_Config  stm32h7xx_hal_cortex.o
    0x080061a0   0x080061a0   0x000000e0   Code   RO         1890    .text.HAL_TIMEx_MasterConfigSynchronization  stm32h7xx_hal_tim_ex.o
    0x08006280   0x08006280   0x00000060   Code   RO         1572    .text.HAL_TIM_Base_Init  stm32h7xx_hal_tim.o
    0x080062e0   0x080062e0   0x0000007c   Code   RO          140    .text.HAL_TIM_Base_MspInit  stm32h7xx_hal_msp.o
    0x0800635c   0x0800635c   0x00000004   PAD
    0x08006360   0x08006360   0x000000c6   Code   RO         1586    .text.HAL_TIM_Base_Start_IT  stm32h7xx_hal_tim.o
    0x08006426   0x08006426   0x00000002   PAD
    0x08006428   0x08006428   0x0000010e   Code   RO         1768    .text.HAL_TIM_ConfigClockSource  stm32h7xx_hal_tim.o
    0x08006536   0x08006536   0x00000002   PAD
    0x08006538   0x08006538   0x00000036   Code   RO         2097    .text.HAL_UARTEx_DisableFifoMode  stm32h7xx_hal_uart_ex.o
    0x0800656e   0x0800656e   0x00000002   PAD
    0x08006570   0x08006570   0x0000004a   Code   RO         2101    .text.HAL_UARTEx_SetRxFifoThreshold  stm32h7xx_hal_uart_ex.o
    0x080065ba   0x080065ba   0x00000006   PAD
    0x080065c0   0x080065c0   0x0000004a   Code   RO         2099    .text.HAL_UARTEx_SetTxFifoThreshold  stm32h7xx_hal_uart_ex.o
    0x0800660a   0x0800660a   0x00000006   PAD
    0x08006610   0x08006610   0x00000064   Code   RO         1926    .text.HAL_UART_Init  stm32h7xx_hal_uart.o
    0x08006674   0x08006674   0x00000004   PAD
    0x08006678   0x08006678   0x00000090   Code   RO          144    .text.HAL_UART_MspInit  stm32h7xx_hal_msp.o
    0x08006708   0x08006708   0x000000da   Code   RO         1946    .text.HAL_UART_Transmit  stm32h7xx_hal_uart.o
    0x080067e2   0x080067e2   0x00000006   PAD
    0x080067e8   0x080067e8   0x00000002   Code   RO           93    .text.HardFault_Handler  stm32h7xx_it.o
    0x080067ea   0x080067ea   0x00000006   PAD
    0x080067f0   0x080067f0   0x00000012   Code   RO          302    .text.LL_ADC_Disable  stm32h7xx_hal_adc.o
    0x08006802   0x08006802   0x00000006   PAD
    0x08006808   0x08006808   0x00000010   Code   RO          162    .text.LL_ADC_DisableDeepPowerDown  stm32h7xx_hal_adc.o
    0x08006818   0x08006818   0x00000012   Code   RO          300    .text.LL_ADC_Enable  stm32h7xx_hal_adc.o
    0x0800682a   0x0800682a   0x00000006   PAD
    0x08006830   0x08006830   0x0000000a   Code   RO          218    .text.LL_ADC_EnableDMAReq  stm32h7xx_hal_adc.o
    0x0800683a   0x0800683a   0x00000006   PAD
    0x08006840   0x08006840   0x00000014   Code   RO          166    .text.LL_ADC_EnableInternalRegulator  stm32h7xx_hal_adc.o
    0x08006854   0x08006854   0x00000004   PAD
    0x08006858   0x08006858   0x00000008   Code   RO          262    .text.LL_ADC_GetCommonPathInternalCh  stm32h7xx_hal_adc.o
    0x08006860   0x08006860   0x00000008   Code   RO          188    .text.LL_ADC_GetMultimode  stm32h7xx_hal_adc.o
    0x08006868   0x08006868   0x0000000c   Code   RO          254    .text.LL_ADC_GetOffsetChannel  stm32h7xx_hal_adc.o
    0x08006874   0x08006874   0x00000004   PAD
    0x08006878   0x08006878   0x00000008   Code   RO          174    .text.LL_ADC_INJ_IsConversionOngoing  stm32h7xx_hal_adc.o
    0x08006880   0x08006880   0x00000012   Code   RO          298    .text.LL_ADC_INJ_StopConversion  stm32h7xx_hal_adc.o
    0x08006892   0x08006892   0x00000006   PAD
    0x08006898   0x08006898   0x00000006   Code   RO          316    .text.LL_ADC_IsCalibrationOnGoing  stm32h7xx_hal_adc_ex.o
    0x0800689e   0x0800689e   0x00000002   PAD
    0x080068a0   0x080068a0   0x00000008   Code   RO          160    .text.LL_ADC_IsDeepPowerDownEnabled  stm32h7xx_hal_adc.o
    0x080068a8   0x080068a8   0x00000008   Code   RO          294    .text.LL_ADC_IsDisableOngoing  stm32h7xx_hal_adc.o
    0x080068b0   0x080068b0   0x00000008   Code   RO          170    .text.LL_ADC_IsEnabled  stm32h7xx_hal_adc.o
    0x080068b8   0x080068b8   0x00000008   Code   RO          324    .text.LL_ADC_IsEnabled  stm32h7xx_hal_adc_ex.o
    0x080068c0   0x080068c0   0x00000008   Code   RO          164    .text.LL_ADC_IsInternalRegulatorEnabled  stm32h7xx_hal_adc.o
    0x080068c8   0x080068c8   0x00000008   Code   RO          168    .text.LL_ADC_REG_IsConversionOngoing  stm32h7xx_hal_adc.o
    0x080068d0   0x080068d0   0x00000008   Code   RO          326    .text.LL_ADC_REG_IsConversionOngoing  stm32h7xx_hal_adc_ex.o
    0x080068d8   0x080068d8   0x0000000e   Code   RO          200    .text.LL_ADC_REG_IsTriggerSourceSWStart  stm32h7xx_hal_adc.o
    0x080068e6   0x080068e6   0x00000002   PAD
    0x080068e8   0x080068e8   0x00000014   Code   RO          216    .text.LL_ADC_REG_SetDMATransferMode  stm32h7xx_hal_adc.o
    0x080068fc   0x080068fc   0x00000004   PAD
    0x08006900   0x08006900   0x0000000c   Code   RO          220    .text.LL_ADC_REG_SetDataTransferMode  stm32h7xx_hal_adc.o
    0x0800690c   0x0800690c   0x00000004   PAD
    0x08006910   0x08006910   0x0000002c   Code   RO          240    .text.LL_ADC_REG_SetSequencerRanks  stm32h7xx_hal_adc.o
    0x0800693c   0x0800693c   0x00000004   PAD
    0x08006940   0x08006940   0x00000012   Code   RO          192    .text.LL_ADC_REG_StartConversion  stm32h7xx_hal_adc.o
    0x08006952   0x08006952   0x00000006   PAD
    0x08006958   0x08006958   0x00000012   Code   RO          296    .text.LL_ADC_REG_StopConversion  stm32h7xx_hal_adc.o
    0x0800696a   0x0800696a   0x00000006   PAD
    0x08006970   0x08006970   0x0000002e   Code   RO          260    .text.LL_ADC_SetChannelPreselection  stm32h7xx_hal_adc.o
    0x0800699e   0x0800699e   0x00000002   PAD
    0x080069a0   0x080069a0   0x00000028   Code   RO          242    .text.LL_ADC_SetChannelSamplingTime  stm32h7xx_hal_adc.o
    0x080069c8   0x080069c8   0x00000054   Code   RO          258    .text.LL_ADC_SetChannelSingleDiff  stm32h7xx_hal_adc.o
    0x08006a1c   0x08006a1c   0x00000004   PAD
    0x08006a20   0x08006a20   0x0000000c   Code   RO          172    .text.LL_ADC_SetCommonClock  stm32h7xx_hal_adc.o
    0x08006a2c   0x08006a2c   0x00000004   PAD
    0x08006a30   0x08006a30   0x0000000c   Code   RO          264    .text.LL_ADC_SetCommonPathInternalCh  stm32h7xx_hal_adc.o
    0x08006a3c   0x08006a3c   0x00000004   PAD
    0x08006a40   0x08006a40   0x00000014   Code   RO          252    .text.LL_ADC_SetDataRightShift  stm32h7xx_hal_adc.o
    0x08006a54   0x08006a54   0x00000004   PAD
    0x08006a58   0x08006a58   0x00000044   Code   RO          244    .text.LL_ADC_SetOffset  stm32h7xx_hal_adc.o
    0x08006a9c   0x08006a9c   0x00000004   PAD
    0x08006aa0   0x08006aa0   0x0000001e   Code   RO          248    .text.LL_ADC_SetOffsetSaturation  stm32h7xx_hal_adc.o
    0x08006abe   0x08006abe   0x00000002   PAD
    0x08006ac0   0x08006ac0   0x00000018   Code   RO          246    .text.LL_ADC_SetOffsetSign  stm32h7xx_hal_adc.o
    0x08006ad8   0x08006ad8   0x0000001e   Code   RO          250    .text.LL_ADC_SetOffsetSignedSaturation  stm32h7xx_hal_adc.o
    0x08006af6   0x08006af6   0x00000002   PAD
    0x08006af8   0x08006af8   0x0000000e   Code   RO          256    .text.LL_ADC_SetOffsetState  stm32h7xx_hal_adc.o
    0x08006b06   0x08006b06   0x00000002   PAD
    0x08006b08   0x08006b08   0x00000022   Code   RO          314    .text.LL_ADC_StartCalibration  stm32h7xx_hal_adc_ex.o
    0x08006b2a   0x08006b2a   0x00000006   PAD
    0x08006b30   0x08006b30   0x00000056   Code   RO           41    .text.Launch_Scan   main.o
    0x08006b86   0x08006b86   0x00000002   PAD
    0x08006b88   0x08006b88   0x0000005a   Code   RO           15    .text.MPU_Config    main.o
    0x08006be2   0x08006be2   0x00000006   PAD
    0x08006be8   0x08006be8   0x000000b0   Code   RO           29    .text.MX_ADC1_Init  main.o
    0x08006c98   0x08006c98   0x00000066   Code   RO           31    .text.MX_DAC1_Init  main.o
    0x08006cfe   0x08006cfe   0x00000002   PAD
    0x08006d00   0x08006d00   0x00000052   Code   RO           21    .text.MX_DMA_Init   main.o
    0x08006d52   0x08006d52   0x00000006   PAD
    0x08006d58   0x08006d58   0x00000130   Code   RO           19    .text.MX_GPIO_Init  main.o
    0x08006e88   0x08006e88   0x0000005a   Code   RO           23    .text.MX_SPI5_Init  main.o
    0x08006ee2   0x08006ee2   0x00000006   PAD
    0x08006ee8   0x08006ee8   0x00000070   Code   RO           33    .text.MX_TIM2_Init  main.o
    0x08006f58   0x08006f58   0x00000076   Code   RO           25    .text.MX_TIM3_Init  main.o
    0x08006fce   0x08006fce   0x00000002   PAD
    0x08006fd0   0x08006fd0   0x00000076   Code   RO           35    .text.MX_TIM4_Init  main.o
    0x08007046   0x08007046   0x00000002   PAD
    0x08007048   0x08007048   0x0000006c   Code   RO           27    .text.MX_USART1_UART_Init  main.o
    0x080070b4   0x080070b4   0x00000004   PAD
    0x080070b8   0x080070b8   0x00000002   Code   RO           95    .text.MemManage_Handler  stm32h7xx_it.o
    0x080070ba   0x080070ba   0x00000006   PAD
    0x080070c0   0x080070c0   0x00000006   Code   RO           91    .text.NMI_Handler   stm32h7xx_it.o
    0x080070c6   0x080070c6   0x00000002   PAD
    0x080070c8   0x080070c8   0x0000002e   Code   RO          953    .text.NVIC_EncodePriority  stm32h7xx_hal_cortex.o
    0x080070f6   0x080070f6   0x00000002   PAD
    0x080070f8   0x080070f8   0x00000002   Code   RO          105    .text.PendSV_Handler  stm32h7xx_it.o
    0x080070fa   0x080070fa   0x00000006   PAD
    0x08007100   0x08007100   0x0000011e   Code   RO          478    .text.RCCEx_PLL2_Config  stm32h7xx_hal_rcc_ex.o
    0x0800721e   0x0800721e   0x00000002   PAD
    0x08007220   0x08007220   0x0000011e   Code   RO          480    .text.RCCEx_PLL3_Config  stm32h7xx_hal_rcc_ex.o
    0x0800733e   0x0800733e   0x00000002   PAD
    0x08007340   0x08007340   0x000000b6   Code   RO         1462    .text.SPI_CloseTransfer  stm32h7xx_hal_spi.o
    0x080073f6   0x080073f6   0x00000002   PAD
    0x080073f8   0x080073f8   0x00000012   Code   RO         1452    .text.SPI_GetPacketSize  stm32h7xx_hal_spi.o
    0x0800740a   0x0800740a   0x00000006   PAD
    0x08007410   0x08007410   0x0000002e   Code   RO         1464    .text.SPI_WaitOnFlagUntilTimeout  stm32h7xx_hal_spi.o
    0x0800743e   0x0800743e   0x00000002   PAD
    0x08007440   0x08007440   0x00000002   Code   RO          101    .text.SVC_Handler   stm32h7xx_it.o
    0x08007442   0x08007442   0x00000006   PAD
    0x08007448   0x08007448   0x0000016c   Code   RO           39    .text.Scan_Init     main.o
    0x080075b4   0x080075b4   0x00000004   PAD
    0x080075b8   0x080075b8   0x00000028   Code   RO           43    .text.Stop_Scan     main.o
    0x080075e0   0x080075e0   0x0000002e   Code   RO          969    .text.SysTick_Config  stm32h7xx_hal_cortex.o
    0x0800760e   0x0800760e   0x00000002   PAD
    0x08007610   0x08007610   0x00000008   Code   RO          107    .text.SysTick_Handler  stm32h7xx_it.o
    0x08007618   0x08007618   0x000000a6   Code   RO           17    .text.SystemClock_Config  main.o
    0x080076be   0x080076be   0x00000002   PAD
    0x080076c0   0x080076c0   0x000000b0   Code   RO         2120    .text.SystemInit    system_stm32h7xx.o
    0x08007770   0x08007770   0x0000015a   Code   RO         1576    .text.TIM_Base_SetConfig  stm32h7xx_hal_tim.o
    0x080078ca   0x080078ca   0x00000006   PAD
    0x080078d0   0x080078d0   0x00000014   Code   RO         1766    .text.TIM_ETR_SetConfig  stm32h7xx_hal_tim.o
    0x080078e4   0x080078e4   0x00000004   PAD
    0x080078e8   0x080078e8   0x00000016   Code   RO         1772    .text.TIM_ITRx_SetConfig  stm32h7xx_hal_tim.o
    0x080078fe   0x080078fe   0x00000002   PAD
    0x08007900   0x08007900   0x0000006a   Code   RO         1770    .text.TIM_TI1_ConfigInputStage  stm32h7xx_hal_tim.o
    0x0800796a   0x0800796a   0x00000006   PAD
    0x08007970   0x08007970   0x0000003e   Code   RO         1774    .text.TIM_TI2_ConfigInputStage  stm32h7xx_hal_tim.o
    0x080079ae   0x080079ae   0x00000002   PAD
    0x080079b0   0x080079b0   0x00000054   Code   RO         2095    .text.UARTEx_SetNbDataToProcess  stm32h7xx_hal_uart_ex.o
    0x08007a04   0x08007a04   0x00000004   PAD
    0x08007a08   0x08007a08   0x000000e0   Code   RO         1930    .text.UART_AdvFeatureConfig  stm32h7xx_hal_uart.o
    0x08007ae8   0x08007ae8   0x000000b8   Code   RO         1934    .text.UART_CheckIdleState  stm32h7xx_hal_uart.o
    0x08007ba0   0x08007ba0   0x0000005a   Code   RO         1986    .text.UART_EndRxTransfer  stm32h7xx_hal_uart.o
    0x08007bfa   0x08007bfa   0x00000006   PAD
    0x08007c00   0x08007c00   0x000005c8   Code   RO         1932    .text.UART_SetConfig  stm32h7xx_hal_uart.o
    0x080081c8   0x080081c8   0x000000c2   Code   RO         1948    .text.UART_WaitOnFlagUntilTimeout  stm32h7xx_hal_uart.o
    0x0800828a   0x0800828a   0x00000006   PAD
    0x08008290   0x08008290   0x00000002   Code   RO           99    .text.UsageFault_Handler  stm32h7xx_it.o
    0x08008292   0x08008292   0x00000006   PAD
    0x08008298   0x08008298   0x00000020   Code   RO          957    .text.__NVIC_EnableIRQ  stm32h7xx_hal_cortex.o
    0x080082b8   0x080082b8   0x00000010   Code   RO          949    .text.__NVIC_GetPriorityGrouping  stm32h7xx_hal_cortex.o
    0x080082c8   0x080082c8   0x00000022   Code   RO          951    .text.__NVIC_SetPriority  stm32h7xx_hal_cortex.o
    0x080082ea   0x080082ea   0x00000006   PAD
    0x080082f0   0x080082f0   0x00000020   Code   RO          945    .text.__NVIC_SetPriorityGrouping  stm32h7xx_hal_cortex.o
    0x08008310   0x08008310   0x0000001e   Code   RO           11    .text.fputc         main.o
    0x0800832e   0x0800832e   0x00000002   PAD
    0x08008330   0x08008330   0x0000046c   Code   RO           13    .text.main          main.o
    0x0800879c   0x0800879c   0x00000020   Code   RO         2190    i.__0printf$1       mc_w.l(printf1.o)
    0x080087bc   0x080087bc   0x0000000e   Code   RO         2455    i.__scatterload_copy  mc_w.l(handlers.o)
    0x080087ca   0x080087ca   0x00000002   Code   RO         2456    i.__scatterload_null  mc_w.l(handlers.o)
    0x080087cc   0x080087cc   0x0000000e   Code   RO         2457    i.__scatterload_zeroinit  mc_w.l(handlers.o)
    0x080087da   0x080087da   0x00000002   PAD
    0x080087dc   0x080087dc   0x00000154   Code   RO         2197    i._printf_core      mc_w.l(printf1.o)
    0x08008930   0x08008930   0x00000024   Code   RO         2137    i.puts              mc_w.l(puts.o)
    0x08008954   0x08008954   0x00000010   Data   RO         2126    .rodata.D1CorePrescTable  system_stm32h7xx.o
    0x08008964   0x08008964   0x00000018   Data   RO         2066    .rodata.UARTPrescTable  stm32h7xx_hal_uart.o
    0x0800897c   0x0800897c   0x00000010   Data   RO         2111    .rodata.cst8        stm32h7xx_hal_uart_ex.o
    0x0800898c   0x0800898c   0x00000020   Data   RO         2454    Region$$Table       anon$$obj.o


    Execution Region RW_IRAM1 (Exec base: 0x20000000, Load base: 0x080089ac, Size: 0x00000000, Max: 0x00020000, ABSOLUTE)

    **** No section assigned to this execution region ****


    Execution Region RW_IRAM2 (Exec base: 0x24000000, Load base: 0x080089b0, Size: 0x00000830, Max: 0x00050000, ABSOLUTE)

    Exec Addr    Load Addr    Size         Type   Attr      Idx    E Section Name        Object

    0x24000000   0x080089b0   0x00000004   Data   RW         2420    .data               mc_w.l(stdout.o)
    0x24000004   0x080089b4   0x00000004   Data   RW         2124    .data.SystemCoreClock  system_stm32h7xx.o
    0x24000008   0x080089b8   0x00000004   Data   RW         2125    .data.SystemD2Clock  system_stm32h7xx.o
    0x2400000c   0x080089bc   0x00000002   Data   RW           71    .data.scan_lines    main.o
    0x2400000e   0x080089be   0x00000002   Data   RW           67    .data.scan_x_size   main.o
    0x24000010   0x080089c0   0x00000002   Data   RW           68    .data.scan_y_size   main.o
    0x24000012   0x080089c2   0x00000001   Data   RW         1130    .data.uwTickFreq    stm32h7xx_hal.o
    0x24000013   0x080089c3   0x00000001   PAD
    0x24000014   0x080089c4   0x00000004   Data   RW         1129    .data.uwTickPrio    stm32h7xx_hal.o
    0x24000018        -       0x00000002   Zero   RW           74    .bss.current_scan_line  main.o
    0x2400001a        -       0x00000001   Zero   RW           55    .bss.dma_transfer_complete_flag  main.o
    0x2400001b        -       0x00000001   Zero   RW           56    .bss.dma_transfer_half_complete_flag  main.o
    0x2400001c        -       0x00000070   Zero   RW           60    .bss.hadc1          main.o
    0x2400008c        -       0x00000001   Zero   RW           77    .bss.half_line_completed  main.o
    0x2400008d   0x080089c8   0x00000003   PAD
    0x24000090        -       0x00000014   Zero   RW           59    .bss.hdac1          main.o
    0x240000a4        -       0x00000078   Zero   RW           79    .bss.hdma_adc1      main.o
    0x2400011c        -       0x00000078   Zero   RW           80    .bss.hdma_dac1_ch1  main.o
    0x24000194        -       0x00000078   Zero   RW           81    .bss.hdma_dac1_ch2  main.o
    0x2400020c        -       0x00000088   Zero   RW           65    .bss.hspi5          main.o
    0x24000294        -       0x0000004c   Zero   RW           62    .bss.htim2          main.o
    0x240002e0        -       0x0000004c   Zero   RW           61    .bss.htim3          main.o
    0x2400032c        -       0x0000004c   Zero   RW           63    .bss.htim4          main.o
    0x24000378        -       0x00000094   Zero   RW           58    .bss.huart1         main.o
    0x2400040c        -       0x00000001   Zero   RW           73    .bss.line_completed  main.o
    0x2400040d        -       0x00000001   Zero   RW           72    .bss.scan_direction_upward  main.o
    0x2400040e        -       0x00000012   Zero   RW           66    .bss.scan_params_union  main.o
    0x24000420        -       0x00000002   Zero   RW           69    .bss.scan_x_offset  main.o
    0x24000422        -       0x00000001   Zero   RW           78    .bss.scan_x_tr      main.o
    0x24000423   0x080089c8   0x00000001   PAD
    0x24000424        -       0x00000004   Zero   RW           75    .bss.scan_y_inc     main.o
    0x24000428        -       0x00000002   Zero   RW           70    .bss.scan_y_offset  main.o
    0x2400042a        -       0x00000001   Zero   RW           64    .bss.spi_request    main.o
    0x2400042b   0x080089c8   0x00000001   PAD
    0x2400042c        -       0x00000004   Zero   RW         1131    .bss.uwTick         stm32h7xx_hal.o
    0x24000430        -       0x00000400   Zero   RW            1    STACK               startup_stm32h730xxq.o



  Load Region LR$$.ARM.__at_0x38000000 (Base: 0x38000000, Size: 0x00003ec0, Max: 0x00003ec0, ABSOLUTE)

    Execution Region ER$$.ARM.__at_0x38000000 (Exec base: 0x38000000, Load base: 0x38000000, Size: 0x00003ec0, Max: 0x00003ec0, ABSOLUTE, UNINIT)

    Exec Addr    Load Addr    Size         Type   Attr      Idx    E Section Name        Object

    0x38000000   0x38000000   0x00003ec0   Data   RW           76    .ARM.__at_0x38000000  main.o


==============================================================================

Image component sizes


      Code (inc. data)   RO Data    RW Data    ZI Data      Debug   Object Name

      3480        168          0      16070       1039      25476   main.o
        36          8        716          0       1024        808   startup_stm32h730xxq.o
       242          0          0          5          4      15928   stm32h7xx_hal.o
      4150         12          0          0          0      27450   stm32h7xx_hal_adc.o
       464          0          0          0          0      25436   stm32h7xx_hal_adc_ex.o
       412          0          0          0          0      12948   stm32h7xx_hal_cortex.o
       900          0          0          0          0       9061   stm32h7xx_hal_dac.o
        54          0          0          0          0       9272   stm32h7xx_hal_dac_ex.o
      8530         96          0          0          0      17636   stm32h7xx_hal_dma.o
       462          0          0          0          0       6979   stm32h7xx_hal_gpio.o
       892          0          0          0          0      16003   stm32h7xx_hal_msp.o
       134          0          0          0          0       9631   stm32h7xx_hal_pwr_ex.o
      2624         16          0          0          0      11070   stm32h7xx_hal_rcc.o
      4734        176          0          0          0      17327   stm32h7xx_hal_rcc_ex.o
      1674          0          0          0          0      21553   stm32h7xx_hal_spi.o
      1120          0          0          0          0      52168   stm32h7xx_hal_tim.o
       224          0          0          0          0      23612   stm32h7xx_hal_tim_ex.o
      2490        370         24          0          0      36747   stm32h7xx_hal_uart.o
       286          0         16          0          0      10438   stm32h7xx_hal_uart_ex.o
        96          0          0          0          0       1934   stm32h7xx_it.o
       176          0         16          8          0       5294   system_stm32h7xx.o

    ----------------------------------------------------------------------
     33704        866        804      16084       2072     356771   Object Totals
         0          0         32          0          0          0   (incl. Generated)
       524         20          0          1          5          0   (incl. Padding)

    ----------------------------------------------------------------------

      Code (inc. data)   RO Data    RW Data    ZI Data      Debug   Library Member Name

         0          0          0          0          0          0   entry.o
         0          0          0          0          0          0   entry10a.o
         0          0          0          0          0          0   entry11a.o
         8          4          0          0          0          0   entry2.o
         4          0          0          0          0          0   entry5.o
         0          0          0          0          0          0   entry7b.o
         0          0          0          0          0          0   entry8b.o
         8          4          0          0          0          0   entry9a.o
        30          0          0          0          0          0   handlers.o
        36          8          0          0          0         68   init.o
        30          0          0          0          0         68   llshl.o
        32          0          0          0          0         68   llushr.o
        36          0          0          0          0        108   memseta.o
       372         14          0          0          0        184   printf1.o
        36          6          0          0          0         80   puts.o
         0          0          0          4          0          0   stdout.o
        44          0          0          0          0         80   uidiv.o
        98          0          0          0          0         92   uldiv.o

    ----------------------------------------------------------------------
       736         36          0          4          0        748   Library Totals
         2          0          0          0          0          0   (incl. Padding)

    ----------------------------------------------------------------------

      Code (inc. data)   RO Data    RW Data    ZI Data      Debug   Library Name

       734         36          0          4          0        748   mc_w.l

    ----------------------------------------------------------------------
       736         36          0          4          0        748   Library Totals

    ----------------------------------------------------------------------

==============================================================================


      Code (inc. data)   RO Data    RW Data    ZI Data      Debug   

     34440        902        804      16088       2072     357031   Grand Totals
     34440        902        804      16088       2072     357031   ELF Image Totals
     34440        902        804      16088          0          0   ROM Totals

==============================================================================

    Total RO  Size (Code + RO Data)                35244 (  34.42kB)
    Total RW  Size (RW Data + ZI Data)             18160 (  17.73kB)
    Total ROM Size (Code + RO Data + RW Data)      51332 (  50.13kB)

==============================================================================

