Component: ARM Compiler 6.12 Tool: armlink [5d624300]

==============================================================================

Section Cross References

    startup_stm32h730xxq.o(RESET) refers to startup_stm32h730xxq.o(STACK) for __initial_sp
    startup_stm32h730xxq.o(RESET) refers to startup_stm32h730xxq.o(.text) for Reset_Handler
    startup_stm32h730xxq.o(RESET) refers to stm32h7xx_it.o(.text.NMI_Handler) for NMI_Handler
    startup_stm32h730xxq.o(RESET) refers to stm32h7xx_it.o(.text.HardFault_Handler) for HardFault_Handler
    startup_stm32h730xxq.o(RESET) refers to stm32h7xx_it.o(.text.MemManage_Handler) for MemManage_Handler
    startup_stm32h730xxq.o(RESET) refers to stm32h7xx_it.o(.text.BusFault_Handler) for BusFault_Handler
    startup_stm32h730xxq.o(RESET) refers to stm32h7xx_it.o(.text.UsageFault_Handler) for UsageFault_Handler
    startup_stm32h730xxq.o(RESET) refers to stm32h7xx_it.o(.text.SVC_Handler) for SVC_Handler
    startup_stm32h730xxq.o(RESET) refers to stm32h7xx_it.o(.text.DebugMon_Handler) for DebugMon_Handler
    startup_stm32h730xxq.o(RESET) refers to stm32h7xx_it.o(.text.PendSV_Handler) for PendSV_Handler
    startup_stm32h730xxq.o(RESET) refers to stm32h7xx_it.o(.text.SysTick_Handler) for SysTick_Handler
    startup_stm32h730xxq.o(RESET) refers to stm32h7xx_it.o(.text.EXTI0_IRQHandler) for EXTI0_IRQHandler
    startup_stm32h730xxq.o(RESET) refers to stm32h7xx_it.o(.text.DMA1_Stream0_IRQHandler) for DMA1_Stream0_IRQHandler
    startup_stm32h730xxq.o(RESET) refers to stm32h7xx_it.o(.text.DMA1_Stream1_IRQHandler) for DMA1_Stream1_IRQHandler
    startup_stm32h730xxq.o(RESET) refers to stm32h7xx_it.o(.text.DMA1_Stream2_IRQHandler) for DMA1_Stream2_IRQHandler
    startup_stm32h730xxq.o(.text) refers to system_stm32h7xx.o(.text.SystemInit) for SystemInit
    startup_stm32h730xxq.o(.text) refers to entry.o(.ARM.Collect$$$$00000000) for __main
    main.o(.text.fputc) refers to stm32h7xx_hal_uart.o(.text.HAL_UART_Transmit) for HAL_UART_Transmit
    main.o(.text.fputc) refers to main.o(.bss.huart1) for huart1
    main.o(.ARM.exidx.text.fputc) refers to main.o(.text.fputc) for [Anonymous Symbol]
    main.o(.text.main) refers to stm32h7xx_hal.o(.text.HAL_Init) for HAL_Init
    main.o(.text.main) refers to stm32h7xx_hal_cortex.o(.text.HAL_MPU_Disable) for HAL_MPU_Disable
    main.o(.text.main) refers to stm32h7xx_hal_cortex.o(.text.HAL_MPU_ConfigRegion) for HAL_MPU_ConfigRegion
    main.o(.text.main) refers to stm32h7xx_hal_cortex.o(.text.HAL_MPU_Enable) for HAL_MPU_Enable
    main.o(.text.main) refers to main.o(.text.SystemClock_Config) for SystemClock_Config
    main.o(.text.main) refers to stm32h7xx_hal_gpio.o(.text.HAL_GPIO_WritePin) for HAL_GPIO_WritePin
    main.o(.text.main) refers to stm32h7xx_hal_gpio.o(.text.HAL_GPIO_Init) for HAL_GPIO_Init
    main.o(.text.main) refers to memseta.o(.text) for __aeabi_memclr4
    main.o(.text.main) refers to stm32h7xx_hal_spi.o(.text.HAL_SPI_Init) for HAL_SPI_Init
    main.o(.text.main) refers to stm32h7xx_hal_tim.o(.text.HAL_TIM_Base_Init) for HAL_TIM_Base_Init
    main.o(.text.main) refers to stm32h7xx_hal_tim.o(.text.HAL_TIM_ConfigClockSource) for HAL_TIM_ConfigClockSource
    main.o(.text.main) refers to stm32h7xx_hal_tim_ex.o(.text.HAL_TIMEx_MasterConfigSynchronization) for HAL_TIMEx_MasterConfigSynchronization
    main.o(.text.main) refers to stm32h7xx_hal_uart.o(.text.HAL_UART_Init) for HAL_UART_Init
    main.o(.text.main) refers to stm32h7xx_hal_uart_ex.o(.text.HAL_UARTEx_SetTxFifoThreshold) for HAL_UARTEx_SetTxFifoThreshold
    main.o(.text.main) refers to stm32h7xx_hal_uart_ex.o(.text.HAL_UARTEx_SetRxFifoThreshold) for HAL_UARTEx_SetRxFifoThreshold
    main.o(.text.main) refers to stm32h7xx_hal_uart_ex.o(.text.HAL_UARTEx_DisableFifoMode) for HAL_UARTEx_DisableFifoMode
    main.o(.text.main) refers to stm32h7xx_hal_adc.o(.text.HAL_ADC_Init) for HAL_ADC_Init
    main.o(.text.main) refers to stm32h7xx_hal_adc_ex.o(.text.HAL_ADCEx_MultiModeConfigChannel) for HAL_ADCEx_MultiModeConfigChannel
    main.o(.text.main) refers to stm32h7xx_hal_adc.o(.text.HAL_ADC_ConfigChannel) for HAL_ADC_ConfigChannel
    main.o(.text.main) refers to stm32h7xx_hal_dac.o(.text.HAL_DAC_Init) for HAL_DAC_Init
    main.o(.text.main) refers to stm32h7xx_hal_dac.o(.text.HAL_DAC_ConfigChannel) for HAL_DAC_ConfigChannel
    main.o(.text.main) refers to stm32h7xx_hal_dac.o(.text.HAL_DAC_Start) for HAL_DAC_Start
    main.o(.text.main) refers to stm32h7xx_hal_adc_ex.o(.text.HAL_ADCEx_Calibration_Start) for HAL_ADCEx_Calibration_Start
    main.o(.text.main) refers to stm32h7xx_hal_tim.o(.text.HAL_TIM_Base_Start_IT) for HAL_TIM_Base_Start_IT
    main.o(.text.main) refers to stm32h7xx_hal_dac.o(.text.HAL_DAC_Start_DMA) for HAL_DAC_Start_DMA
    main.o(.text.main) refers to stm32h7xx_hal_adc.o(.text.HAL_ADC_Start_DMA) for HAL_ADC_Start_DMA
    main.o(.text.main) refers to puts.o(i.puts) for puts
    main.o(.text.main) refers to printf1.o(i.__0printf$1) for __2printf
[...]
    __arm_cp.0_14                            0x08002218   Number         4  stm32h7xx_hal_dma.o(.text.HAL_DMA_Init)
    __arm_cp.0_21                            0x0800221c   Number         4  stm32h7xx_hal_dma.o(.text.HAL_DMA_Init)
    __arm_cp.0_22                            0x08002220   Number         4  stm32h7xx_hal_dma.o(.text.HAL_DMA_Init)
    __arm_cp.0_23                            0x08002224   Number         4  stm32h7xx_hal_dma.o(.text.HAL_DMA_Init)
    __arm_cp.0_24                            0x08002228   Number         4  stm32h7xx_hal_dma.o(.text.HAL_DMA_Init)
    [Anonymous Symbol]                       0x0800222c   Section        0  stm32h7xx_hal_dma.o(.text.HAL_DMA_Start_IT)
    __arm_cp.7_0                             0x08002448   Number         4  stm32h7xx_hal_dma.o(.text.HAL_DMA_Start_IT)
    __arm_cp.7_1                             0x0800244c   Number         4  stm32h7xx_hal_dma.o(.text.HAL_DMA_Start_IT)
    __arm_cp.7_2                             0x08002450   Number         4  stm32h7xx_hal_dma.o(.text.HAL_DMA_Start_IT)
    __arm_cp.7_3                             0x08002454   Number         4  stm32h7xx_hal_dma.o(.text.HAL_DMA_Start_IT)
    __arm_cp.7_4                             0x08002458   Number         4  stm32h7xx_hal_dma.o(.text.HAL_DMA_Start_IT)
    __arm_cp.7_5                             0x0800245c   Number         4  stm32h7xx_hal_dma.o(.text.HAL_DMA_Start_IT)
    __arm_cp.7_6                             0x08002460   Number         4  stm32h7xx_hal_dma.o(.text.HAL_DMA_Start_IT)
    __arm_cp.7_7                             0x08002464   Number         4  stm32h7xx_hal_dma.o(.text.HAL_DMA_Start_IT)
    __arm_cp.7_8                             0x08002468   Number         4  stm32h7xx_hal_dma.o(.text.HAL_DMA_Start_IT)
    __arm_cp.7_9                             0x0800246c   Number         4  stm32h7xx_hal_dma.o(.text.HAL_DMA_Start_IT)
    __arm_cp.7_10                            0x08002470   Number         4  stm32h7xx_hal_dma.o(.text.HAL_DMA_Start_IT)
    __arm_cp.7_11                            0x08002474   Number         4  stm32h7xx_hal_dma.o(.text.HAL_DMA_Start_IT)
    __arm_cp.7_12                            0x08002478   Number         4  stm32h7xx_hal_dma.o(.text.HAL_DMA_Start_IT)
    __arm_cp.7_13                            0x0800247c   Number         4  stm32h7xx_hal_dma.o(.text.HAL_DMA_Start_IT)
    __arm_cp.7_14                            0x08002480   Number         4  stm32h7xx_hal_dma.o(.text.HAL_DMA_Start_IT)
    __arm_cp.7_15                            0x08002484   Number         4  stm32h7xx_hal_dma.o(.text.HAL_DMA_Start_IT)
    __arm_cp.7_16                            0x08002488   Number         4  stm32h7xx_hal_dma.o(.text.HAL_DMA_Start_IT)
    __arm_cp.7_17                            0x0800248c   Number         4  stm32h7xx_hal_dma.o(.text.HAL_DMA_Start_IT)
    __arm_cp.7_18                            0x08002490   Number         4  stm32h7xx_hal_dma.o(.text.HAL_DMA_Start_IT)
    __arm_cp.7_19                            0x08002494   Number         4  stm32h7xx_hal_dma.o(.text.HAL_DMA_Start_IT)
    __arm_cp.7_20                            0x08002498   Number         4  stm32h7xx_hal_dma.o(.text.HAL_DMA_Start_IT)
    __arm_cp.7_21                            0x0800249c   Number         4  stm32h7xx_hal_dma.o(.text.HAL_DMA_Start_IT)
    __arm_cp.7_22                            0x080024a0   Number         4  stm32h7xx_hal_dma.o(.text.HAL_DMA_Start_IT)
    __arm_cp.7_23                            0x080024a4   Number         4  stm32h7xx_hal_dma.o(.text.HAL_DMA_Start_IT)
    [Anonymous Symbol]                       0x080024a8   Section        0  stm32h7xx_hal_gpio.o(.text.HAL_GPIO_EXTI_Callback)
    [Anonymous Symbol]                       0x080024ac   Section        0  stm32h7xx_hal_gpio.o(.text.HAL_GPIO_EXTI_IRQHandler)
    __arm_cp.6_0                             0x080024bc   Number         4  stm32h7xx_hal_gpio.o(.text.HAL_GPIO_EXTI_IRQHandler)
    [Anonymous Symbol]                       0x080024c0   Section        0  stm32h7xx_hal_gpio.o(.text.HAL_GPIO_Init)
    __arm_cp.0_1                             0x08002644   Number         4  stm32h7xx_hal_gpio.o(.text.HAL_GPIO_Init)
    __arm_cp.0_2                             0x08002648   Number         4  stm32h7xx_hal_gpio.o(.text.HAL_GPIO_Init)
    __arm_cp.0_3                             0x0800264c   Number         4  stm32h7xx_hal_gpio.o(.text.HAL_GPIO_Init)
    __arm_cp.0_4                             0x08002650   Number         4  stm32h7xx_hal_gpio.o(.text.HAL_GPIO_Init)
    [Anonymous Symbol]                       0x08002654   Section        0  stm32h7xx_hal_gpio.o(.text.HAL_GPIO_WritePin)
    [Anonymous Symbol]                       0x08002660   Section        0  stm32h7xx_hal.o(.text.HAL_GetTick)
    [Anonymous Symbol]                       0x08002668   Section        0  stm32h7xx_hal.o(.text.HAL_IncTick)
    __arm_cp.5_1                             0x08002678   Number         4  stm32h7xx_hal.o(.text.HAL_IncTick)
    [Anonymous Symbol]                       0x0800267c   Section        0  stm32h7xx_hal.o(.text.HAL_Init)
    __arm_cp.0_0                             0x080026c8   Number         4  stm32h7xx_hal.o(.text.HAL_Init)
    __arm_cp.0_2                             0x080026cc   Number         4  stm32h7xx_hal.o(.text.HAL_Init)
    [Anonymous Symbol]                       0x080026d0   Section        0  stm32h7xx_hal.o(.text.HAL_InitTick)
    __arm_cp.1_0                             0x08002710   Number         4  stm32h7xx_hal.o(.text.HAL_InitTick)
    __arm_cp.1_1                             0x08002714   Number         4  stm32h7xx_hal.o(.text.HAL_InitTick)
    [Anonymous Symbol]                       0x08002718   Section        0  stm32h7xx_hal_cortex.o(.text.HAL_MPU_ConfigRegion)
    __arm_cp.12_0                            0x08002768   Number         4  stm32h7xx_hal_cortex.o(.text.HAL_MPU_ConfigRegion)
    [Anonymous Symbol]                       0x0800276c   Section        0  stm32h7xx_hal_cortex.o(.text.HAL_MPU_Disable)
    [Anonymous Symbol]                       0x08002780   Section        0  stm32h7xx_hal_cortex.o(.text.HAL_MPU_Enable)
    __arm_cp.9_0                             0x0800279c   Number         4  stm32h7xx_hal_cortex.o(.text.HAL_MPU_Enable)
    [Anonymous Symbol]                       0x080027a0   Section        0  stm32h7xx_hal_msp.o(.text.HAL_MspInit)
    __arm_cp.0_0                             0x080027bc   Number         4  stm32h7xx_hal_msp.o(.text.HAL_MspInit)
    [Anonymous Symbol]                       0x080027c0   Section        0  stm32h7xx_hal_cortex.o(.text.HAL_NVIC_EnableIRQ)
    __arm_cp.3_0                             0x080027d8   Number         4  stm32h7xx_hal_cortex.o(.text.HAL_NVIC_EnableIRQ)
    [Anonymous Symbol]                       0x080027dc   Section        0  stm32h7xx_hal_cortex.o(.text.HAL_NVIC_SetPriority)
    [Anonymous Symbol]                       0x0800281c   Section        0  stm32h7xx_hal_cortex.o(.text.HAL_NVIC_SetPriorityGrouping)
    __arm_cp.0_0                             0x08002834   Number         4  stm32h7xx_hal_cortex.o(.text.HAL_NVIC_SetPriorityGrouping)
    __arm_cp.0_1                             0x08002838   Number         4  stm32h7xx_hal_cortex.o(.text.HAL_NVIC_SetPriorityGrouping)
    [Anonymous Symbol]                       0x0800283c   Section        0  stm32h7xx_hal_pwr_ex.o(.text.HAL_PWREx_ConfigSupply)
    __arm_cp.0_0                             0x080028bc   Number         4  stm32h7xx_hal_pwr_ex.o(.text.HAL_PWREx_ConfigSupply)
    [Anonymous Symbol]                       0x080028c0   Section        0  stm32h7xx_hal_rcc_ex.o(.text.HAL_RCCEx_GetD3PCLK1Freq)
    __arm_cp.8_0                             0x080028dc   Number         4  stm32h7xx_hal_rcc_ex.o(.text.HAL_RCCEx_GetD3PCLK1Freq)
    __arm_cp.8_1                             0x080028e0   Number         4  stm32h7xx_hal_rcc_ex.o(.text.HAL_RCCEx_GetD3PCLK1Freq)
    [Anonymous Symbol]                       0x080028e4   Section        0  stm32h7xx_hal_rcc_ex.o(.text.HAL_RCCEx_GetPLL1ClockFreq)
    __arm_cp.5_0                             0x080029dc   Number         4  stm32h7xx_hal_rcc_ex.o(.text.HAL_RCCEx_GetPLL1ClockFreq)
    __arm_cp.5_4                             0x080029ec   Number         4  stm32h7xx_hal_rcc_ex.o(.text.HAL_RCCEx_GetPLL1ClockFreq)
    [Anonymous Symbol]                       0x080029f4   Section        0  stm32h7xx_hal_rcc_ex.o(.text.HAL_RCCEx_GetPLL2ClockFreq)
    __arm_cp.6_0                             0x08002ae8   Number         4  stm32h7xx_hal_rcc_ex.o(.text.HAL_RCCEx_GetPLL2ClockFreq)
    __arm_cp.6_4                             0x08002af8   Number         4  stm32h7xx_hal_rcc_ex.o(.text.HAL_RCCEx_GetPLL2ClockFreq)
    [Anonymous Symbol]                       0x08002b00   Section        0  stm32h7xx_hal_rcc_ex.o(.text.HAL_RCCEx_GetPLL3ClockFreq)
    __arm_cp.7_0                             0x08002bf4   Number         4  stm32h7xx_hal_rcc_ex.o(.text.HAL_RCCEx_GetPLL3ClockFreq)
    __arm_cp.7_4                             0x08002c04   Number         4  stm32h7xx_hal_rcc_ex.o(.text.HAL_RCCEx_GetPLL3ClockFreq)
    [Anonymous Symbol]                       0x08002c0c   Section        0  stm32h7xx_hal_rcc_ex.o(.text.HAL_RCCEx_GetPeriphCLKFreq)
    __arm_cp.4_0                             0x08002e64   Number         4  stm32h7xx_hal_rcc_ex.o(.text.HAL_RCCEx_GetPeriphCLKFreq)
    __arm_cp.4_1                             0x08002e68   Number         4  stm32h7xx_hal_rcc_ex.o(.text.HAL_RCCEx_GetPeriphCLKFreq)
    __arm_cp.4_2                             0x08002e6c   Number         4  stm32h7xx_hal_rcc_ex.o(.text.HAL_RCCEx_GetPeriphCLKFreq)
    __arm_cp.4_3                             0x08002e70   Number         4  stm32h7xx_hal_rcc_ex.o(.text.HAL_RCCEx_GetPeriphCLKFreq)
    __arm_cp.4_4                             0x08002e74   Number         4  stm32h7xx_hal_rcc_ex.o(.text.HAL_RCCEx_GetPeriphCLKFreq)
    [Anonymous Symbol]                       0x08002e78   Section        0  stm32h7xx_hal_rcc_ex.o(.text.HAL_RCCEx_PeriphCLKConfig)
    __arm_cp.0_17                            0x08003140   Number         4  stm32h7xx_hal_rcc_ex.o(.text.HAL_RCCEx_PeriphCLKConfig)
    __arm_cp.0_1                             0x08003798   Number         4  stm32h7xx_hal_rcc_ex.o(.text.HAL_RCCEx_PeriphCLKConfig)
    [Anonymous Symbol]                       0x0800379c   Section        0  stm32h7xx_hal_rcc.o(.text.HAL_RCC_CSSCallback)
    [Anonymous Symbol]                       0x080037a0   Section        0  stm32h7xx_hal_rcc.o(.text.HAL_RCC_ClockConfig)
    __arm_cp.2_0                             0x080039b4   Number         4  stm32h7xx_hal_rcc.o(.text.HAL_RCC_ClockConfig)
    __arm_cp.2_5                             0x080039b8   Number         4  stm32h7xx_hal_rcc.o(.text.HAL_RCC_ClockConfig)
    [Anonymous Symbol]                       0x080039bc   Section        0  stm32h7xx_hal_rcc.o(.text.HAL_RCC_EnableCSS)
    [Anonymous Symbol]                       0x080039c8   Section        0  stm32h7xx_hal_rcc.o(.text.HAL_RCC_GetHCLKFreq)
    __arm_cp.7_0                             0x080039fc   Number         4  stm32h7xx_hal_rcc.o(.text.HAL_RCC_GetHCLKFreq)
    __arm_cp.7_2                             0x08003a00   Number         4  stm32h7xx_hal_rcc.o(.text.HAL_RCC_GetHCLKFreq)
    __arm_cp.7_3                             0x08003a04   Number         4  stm32h7xx_hal_rcc.o(.text.HAL_RCC_GetHCLKFreq)
    [Anonymous Symbol]                       0x08003a08   Section        0  stm32h7xx_hal_rcc.o(.text.HAL_RCC_GetPCLK1Freq)
    [Anonymous Symbol]                       0x08003a24   Section        0  stm32h7xx_hal_rcc.o(.text.HAL_RCC_GetPCLK2Freq)
    __arm_cp.9_0                             0x08003a40   Number         4  stm32h7xx_hal_rcc.o(.text.HAL_RCC_GetPCLK2Freq)
    __arm_cp.9_1                             0x08003a44   Number         4  stm32h7xx_hal_rcc.o(.text.HAL_RCC_GetPCLK2Freq)
    [Anonymous Symbol]                       0x08003a48   Section        0  stm32h7xx_hal_rcc.o(.text.HAL_RCC_GetSysClockFreq)
    __arm_cp.3_0                             0x08003b24   Number         4  stm32h7xx_hal_rcc.o(.text.HAL_RCC_GetSysClockFreq)
    __arm_cp.3_1                             0x08003b28   Number         4  stm32h7xx_hal_rcc.o(.text.HAL_RCC_GetSysClockFreq)
    __arm_cp.3_2                             0x08003b2c   Number         4  stm32h7xx_hal_rcc.o(.text.HAL_RCC_GetSysClockFreq)
    __arm_cp.3_6                             0x08003b3c   Number         4  stm32h7xx_hal_rcc.o(.text.HAL_RCC_GetSysClockFreq)
    [Anonymous Symbol]                       0x08003b44   Section        0  stm32h7xx_hal_rcc.o(.text.HAL_RCC_NMI_IRQHandler)
    __arm_cp.12_0                            0x08003b5c   Number         4  stm32h7xx_hal_rcc.o(.text.HAL_RCC_NMI_IRQHandler)
    [Anonymous Symbol]                       0x08003b60   Section        0  stm32h7xx_hal_rcc.o(.text.HAL_RCC_OscConfig)
    __arm_cp.1_1                             0x08003eac   Number         4  stm32h7xx_hal_rcc.o(.text.HAL_RCC_OscConfig)
    [Anonymous Symbol]                       0x08004044   Section        0  stm32h7xx_hal_spi.o(.text.HAL_SPI_Init)
    __arm_cp.0_0                             0x080041d4   Number         4  stm32h7xx_hal_spi.o(.text.HAL_SPI_Init)
    __arm_cp.0_1                             0x080041d8   Number         4  stm32h7xx_hal_spi.o(.text.HAL_SPI_Init)
    __arm_cp.0_2                             0x080041dc   Number         4  stm32h7xx_hal_spi.o(.text.HAL_SPI_Init)
    [Anonymous Symbol]                       0x080041e0   Section        0  stm32h7xx_hal_msp.o(.text.HAL_SPI_MspInit)
    __arm_cp.5_0                             0x0800425c   Number         4  stm32h7xx_hal_msp.o(.text.HAL_SPI_MspInit)
    __arm_cp.5_1                             0x08004260   Number         4  stm32h7xx_hal_msp.o(.text.HAL_SPI_MspInit)
    __arm_cp.5_2                             0x08004264   Number         4  stm32h7xx_hal_msp.o(.text.HAL_SPI_MspInit)
    [Anonymous Symbol]                       0x08004268   Section        0  stm32h7xx_hal.o(.text.HAL_SYSCFG_AnalogSwitchConfig)
    __arm_cp.25_0                            0x08004278   Number         4  stm32h7xx_hal.o(.text.HAL_SYSCFG_AnalogSwitchConfig)
    [Anonymous Symbol]                       0x0800427c   Section        0  stm32h7xx_hal_cortex.o(.text.HAL_SYSTICK_Config)
    __arm_cp.7_0                             0x0800429c   Number         4  stm32h7xx_hal_cortex.o(.text.HAL_SYSTICK_Config)
    __arm_cp.7_1                             0x080042a0   Number         4  stm32h7xx_hal_cortex.o(.text.HAL_SYSTICK_Config)
    [Anonymous Symbol]                       0x080042a4   Section        0  stm32h7xx_hal_tim_ex.o(.text.HAL_TIMEx_MasterConfigSynchronization)
    [Anonymous Symbol]                       0x0800433c   Section        0  stm32h7xx_hal_tim.o(.text.HAL_TIM_Base_Init)
    [Anonymous Symbol]                       0x0800439c   Section        0  stm32h7xx_hal_msp.o(.text.HAL_TIM_Base_MspInit)
    __arm_cp.7_2                             0x080043f8   Number         4  stm32h7xx_hal_msp.o(.text.HAL_TIM_Base_MspInit)
    [Anonymous Symbol]                       0x080043fc   Section        0  stm32h7xx_hal_tim.o(.text.HAL_TIM_Base_Start_IT)
    __arm_cp.7_0                             0x08004478   Number         4  stm32h7xx_hal_tim.o(.text.HAL_TIM_Base_Start_IT)
    __arm_cp.7_1                             0x0800447c   Number         4  stm32h7xx_hal_tim.o(.text.HAL_TIM_Base_Start_IT)
    __arm_cp.7_2                             0x08004480   Number         4  stm32h7xx_hal_tim.o(.text.HAL_TIM_Base_Start_IT)
    __arm_cp.7_3                             0x08004484   Number         4  stm32h7xx_hal_tim.o(.text.HAL_TIM_Base_Start_IT)
    __arm_cp.7_4                             0x08004488   Number         4  stm32h7xx_hal_tim.o(.text.HAL_TIM_Base_Start_IT)
    __arm_cp.7_5                             0x0800448c   Number         4  stm32h7xx_hal_tim.o(.text.HAL_TIM_Base_Start_IT)
    __arm_cp.7_6                             0x08004490   Number         4  stm32h7xx_hal_tim.o(.text.HAL_TIM_Base_Start_IT)
    __arm_cp.7_7                             0x08004494   Number         4  stm32h7xx_hal_tim.o(.text.HAL_TIM_Base_Start_IT)
    __arm_cp.7_8                             0x08004498   Number         4  stm32h7xx_hal_tim.o(.text.HAL_TIM_Base_Start_IT)
    __arm_cp.7_9                             0x0800449c   Number         4  stm32h7xx_hal_tim.o(.text.HAL_TIM_Base_Start_IT)
    [Anonymous Symbol]                       0x080044a0   Section        0  stm32h7xx_hal_tim.o(.text.HAL_TIM_ConfigClockSource)
    __arm_cp.96_0                            0x080045b4   Number         4  stm32h7xx_hal_tim.o(.text.HAL_TIM_ConfigClockSource)
    __arm_cp.96_1                            0x080045b8   Number         4  stm32h7xx_hal_tim.o(.text.HAL_TIM_ConfigClockSource)
    __arm_cp.96_2                            0x080045bc   Number         4  stm32h7xx_hal_tim.o(.text.HAL_TIM_ConfigClockSource)
    __arm_cp.96_3                            0x080045c0   Number         4  stm32h7xx_hal_tim.o(.text.HAL_TIM_ConfigClockSource)
    __arm_cp.96_4                            0x080045c4   Number         4  stm32h7xx_hal_tim.o(.text.HAL_TIM_ConfigClockSource)
    [Anonymous Symbol]                       0x080045c8   Section        0  stm32h7xx_hal_uart_ex.o(.text.HAL_UARTEx_DisableFifoMode)
    [Anonymous Symbol]                       0x080045fe   Section        0  stm32h7xx_hal_uart_ex.o(.text.HAL_UARTEx_SetRxFifoThreshold)
    [Anonymous Symbol]                       0x08004648   Section        0  stm32h7xx_hal_uart_ex.o(.text.HAL_UARTEx_SetTxFifoThreshold)
    [Anonymous Symbol]                       0x08004692   Section        0  stm32h7xx_hal_uart.o(.text.HAL_UART_Init)
    [Anonymous Symbol]                       0x080046f8   Section        0  stm32h7xx_hal_msp.o(.text.HAL_UART_MspInit)
    __arm_cp.9_0                             0x08004770   Number         4  stm32h7xx_hal_msp.o(.text.HAL_UART_MspInit)
    __arm_cp.9_1                             0x08004774   Number         4  stm32h7xx_hal_msp.o(.text.HAL_UART_MspInit)
    __arm_cp.9_2                             0x08004778   Number         4  stm32h7xx_hal_msp.o(.text.HAL_UART_MspInit)
    [Anonymous Symbol]                       0x0800477c   Section        0  stm32h7xx_hal_uart.o(.text.HAL_UART_Transmit)
    [Anonymous Symbol]                       0x08004836   Section        0  stm32h7xx_it.o(.text.HardFault_Handler)
    LL_ADC_SetChannelSamplingTime            0x08004839   Thumb Code    34  stm32h7xx_hal_adc.o(.text.LL_ADC_SetChannelSamplingTime)
    [Anonymous Symbol]                       0x08004838   Section        0  stm32h7xx_hal_adc.o(.text.LL_ADC_SetChannelSamplingTime)
    [Anonymous Symbol]                       0x0800485a   Section        0  stm32h7xx_it.o(.text.MemManage_Handler)
    [Anonymous Symbol]                       0x0800485c   Section        0  stm32h7xx_it.o(.text.NMI_Handler)
    [Anonymous Symbol]                       0x08004862   Section        0  stm32h7xx_it.o(.text.PendSV_Handler)
    RCCEx_PLL2_Config                        0x08004865   Thumb Code   260  stm32h7xx_hal_rcc_ex.o(.text.RCCEx_PLL2_Config)
    [Anonymous Symbol]                       0x08004864   Section        0  stm32h7xx_hal_rcc_ex.o(.text.RCCEx_PLL2_Config)
    RCCEx_PLL3_Config                        0x08004965   Thumb Code   260  stm32h7xx_hal_rcc_ex.o(.text.RCCEx_PLL3_Config)
    [Anonymous Symbol]                       0x08004964   Section        0  stm32h7xx_hal_rcc_ex.o(.text.RCCEx_PLL3_Config)
    [Anonymous Symbol]                       0x08004a64   Section        0  stm32h7xx_it.o(.text.SVC_Handler)
    [Anonymous Symbol]                       0x08004a66   Section        0  stm32h7xx_it.o(.text.SysTick_Handler)
    [Anonymous Symbol]                       0x08004a6c   Section        0  main.o(.text.SystemClock_Config)
    __arm_cp.2_0                             0x08004b04   Number         4  main.o(.text.SystemClock_Config)
    [Anonymous Symbol]                       0x08004b08   Section        0  system_stm32h7xx.o(.text.SystemInit)
    __arm_cp.0_0                             0x08004b80   Number         4  system_stm32h7xx.o(.text.SystemInit)
    __arm_cp.0_1                             0x08004b84   Number         4  system_stm32h7xx.o(.text.SystemInit)
    __arm_cp.0_2                             0x08004b88   Number         4  system_stm32h7xx.o(.text.SystemInit)
    __arm_cp.0_3                             0x08004b8c   Number         4  system_stm32h7xx.o(.text.SystemInit)
    __arm_cp.0_4                             0x08004b90   Number         4  system_stm32h7xx.o(.text.SystemInit)
    __arm_cp.0_5                             0x08004b94   Number         4  system_stm32h7xx.o(.text.SystemInit)
    __arm_cp.0_6                             0x08004b98   Number         4  system_stm32h7xx.o(.text.SystemInit)
    __arm_cp.0_7                             0x08004b9c   Number         4  system_stm32h7xx.o(.text.SystemInit)
    [Anonymous Symbol]                       0x08004ba0   Section        0  stm32h7xx_hal_tim.o(.text.TIM_Base_SetConfig)
    __arm_cp.2_0                             0x08004c78   Number         4  stm32h7xx_hal_tim.o(.text.TIM_Base_SetConfig)
    __arm_cp.2_1                             0x08004c7c   Number         4  stm32h7xx_hal_tim.o(.text.TIM_Base_SetConfig)
    __arm_cp.2_2                             0x08004c80   Number         4  stm32h7xx_hal_tim.o(.text.TIM_Base_SetConfig)
    __arm_cp.2_3                             0x08004c84   Number         4  stm32h7xx_hal_tim.o(.text.TIM_Base_SetConfig)
    __arm_cp.2_4                             0x08004c88   Number         4  stm32h7xx_hal_tim.o(.text.TIM_Base_SetConfig)
    __arm_cp.2_5                             0x08004c8c   Number         4  stm32h7xx_hal_tim.o(.text.TIM_Base_SetConfig)
    __arm_cp.2_6                             0x08004c90   Number         4  stm32h7xx_hal_tim.o(.text.TIM_Base_SetConfig)
    __arm_cp.2_7                             0x08004c94   Number         4  stm32h7xx_hal_tim.o(.text.TIM_Base_SetConfig)
    __arm_cp.2_8                             0x08004c98   Number         4  stm32h7xx_hal_tim.o(.text.TIM_Base_SetConfig)
    __arm_cp.2_9                             0x08004c9c   Number         4  stm32h7xx_hal_tim.o(.text.TIM_Base_SetConfig)
    TIM_TI1_ConfigInputStage                 0x08004ca1   Thumb Code    34  stm32h7xx_hal_tim.o(.text.TIM_TI1_ConfigInputStage)
    [Anonymous Symbol]                       0x08004ca0   Section        0  stm32h7xx_hal_tim.o(.text.TIM_TI1_ConfigInputStage)
    TIM_TI2_ConfigInputStage                 0x08004cc3   Thumb Code    36  stm32h7xx_hal_tim.o(.text.TIM_TI2_ConfigInputStage)
    [Anonymous Symbol]                       0x08004cc2   Section        0  stm32h7xx_hal_tim.o(.text.TIM_TI2_ConfigInputStage)
    UARTEx_SetNbDataToProcess                0x08004ce9   Thumb Code    84  stm32h7xx_hal_uart_ex.o(.text.UARTEx_SetNbDataToProcess)
    [Anonymous Symbol]                       0x08004ce8   Section        0  stm32h7xx_hal_uart_ex.o(.text.UARTEx_SetNbDataToProcess)
    __arm_cp.9_0                             0x08004d34   Number         4  stm32h7xx_hal_uart_ex.o(.text.UARTEx_SetNbDataToProcess)
    __arm_cp.9_1                             0x08004d38   Number         4  stm32h7xx_hal_uart_ex.o(.text.UARTEx_SetNbDataToProcess)
    [Anonymous Symbol]                       0x08004d3c   Section        0  stm32h7xx_hal_uart.o(.text.UART_AdvFeatureConfig)
    [Anonymous Symbol]                       0x08004e02   Section        0  stm32h7xx_hal_uart.o(.text.UART_CheckIdleState)
    UART_EndRxTransfer                       0x08004eb9   Thumb Code    92  stm32h7xx_hal_uart.o(.text.UART_EndRxTransfer)
    [Anonymous Symbol]                       0x08004eb8   Section        0  stm32h7xx_hal_uart.o(.text.UART_EndRxTransfer)
    __arm_cp.30_0                            0x08004f10   Number         4  stm32h7xx_hal_uart.o(.text.UART_EndRxTransfer)
    [Anonymous Symbol]                       0x08004f14   Section        0  stm32h7xx_hal_uart.o(.text.UART_SetConfig)
    __arm_cp.3_31                            0x08005184   Number         4  stm32h7xx_hal_uart.o(.text.UART_SetConfig)
    __arm_cp.3_32                            0x08005188   Number         4  stm32h7xx_hal_uart.o(.text.UART_SetConfig)
    __arm_cp.3_33                            0x0800518c   Number         4  stm32h7xx_hal_uart.o(.text.UART_SetConfig)
    __arm_cp.3_34                            0x08005190   Number         4  stm32h7xx_hal_uart.o(.text.UART_SetConfig)
    __arm_cp.3_35                            0x08005194   Number         4  stm32h7xx_hal_uart.o(.text.UART_SetConfig)
    __arm_cp.3_36                            0x08005198   Number         4  stm32h7xx_hal_uart.o(.text.UART_SetConfig)
    __arm_cp.3_37                            0x0800519c   Number         4  stm32h7xx_hal_uart.o(.text.UART_SetConfig)
    __arm_cp.3_38                            0x080051a0   Number         4  stm32h7xx_hal_uart.o(.text.UART_SetConfig)
    __arm_cp.3_39                            0x080051a4   Number         4  stm32h7xx_hal_uart.o(.text.UART_SetConfig)
    __arm_cp.3_40                            0x080051a8   Number         4  stm32h7xx_hal_uart.o(.text.UART_SetConfig)
    __arm_cp.3_41                            0x080051ac   Number         4  stm32h7xx_hal_uart.o(.text.UART_SetConfig)
    __arm_cp.3_42                            0x080051b0   Number         4  stm32h7xx_hal_uart.o(.text.UART_SetConfig)
    __arm_cp.3_43                            0x080051b4   Number         4  stm32h7xx_hal_uart.o(.text.UART_SetConfig)
    __arm_cp.3_44                            0x080051b8   Number         4  stm32h7xx_hal_uart.o(.text.UART_SetConfig)
    __arm_cp.3_14                            0x080052f4   Number         4  stm32h7xx_hal_uart.o(.text.UART_SetConfig)
    __arm_cp.3_15                            0x080052f8   Number         4  stm32h7xx_hal_uart.o(.text.UART_SetConfig)
    __arm_cp.3_16                            0x080052fc   Number         4  stm32h7xx_hal_uart.o(.text.UART_SetConfig)
    __arm_cp.3_17                            0x08005300   Number         4  stm32h7xx_hal_uart.o(.text.UART_SetConfig)
    [Anonymous Symbol]                       0x08005304   Section        0  stm32h7xx_hal_uart.o(.text.UART_WaitOnFlagUntilTimeout)
    [Anonymous Symbol]                       0x0800539e   Section        0  stm32h7xx_it.o(.text.UsageFault_Handler)
    __NVIC_SetPriority                       0x080053a1   Thumb Code    32  stm32h7xx_hal_cortex.o(.text.__NVIC_SetPriority)
    [Anonymous Symbol]                       0x080053a0   Section        0  stm32h7xx_hal_cortex.o(.text.__NVIC_SetPriority)
    __arm_cp.2_1                             0x080053b8   Number         4  stm32h7xx_hal_cortex.o(.text.__NVIC_SetPriority)
    [Anonymous Symbol]                       0x080053bc   Section        0  main.o(.text.fputc)
    __arm_cp.0_0                             0x080053d4   Number         4  main.o(.text.fputc)
    [Anonymous Symbol]                       0x080053d8   Section        0  main.o(.text.main)
    __arm_cp.1_22                            0x080053e4   Number         4  main.o(.text.main)
    __arm_cp.1_23                            0x080055e4   Number         4  main.o(.text.main)
    __arm_cp.1_24                            0x080055e8   Number         4  main.o(.text.main)
    __arm_cp.1_25                            0x080055ec   Number         4  main.o(.text.main)
    __arm_cp.1_26                            0x080055f0   Number         4  main.o(.text.main)
    __arm_cp.1_5                             0x08005a80   Number         4  main.o(.text.main)
    __arm_cp.1_6                             0x08005a84   Number         4  main.o(.text.main)
    __arm_cp.1_7                             0x08005a88   Number         4  main.o(.text.main)
    __arm_cp.1_8                             0x08005a8c   Number         4  main.o(.text.main)
    __arm_cp.1_9                             0x08005a90   Number         4  main.o(.text.main)
    __arm_cp.1_10                            0x08005a94   Number         4  main.o(.text.main)
    __arm_cp.1_11                            0x08005a98   Number         4  main.o(.text.main)
    __arm_cp.1_12                            0x08005a9c   Number         4  main.o(.text.main)
    __arm_cp.1_13                            0x08005aa0   Number         4  main.o(.text.main)
    __arm_cp.1_16                            0x08005aac   Number         4  main.o(.text.main)
    __arm_cp.1_17                            0x08005ab0   Number         4  main.o(.text.main)
    __arm_cp.1_18                            0x08005ab4   Number         4  main.o(.text.main)
    __arm_cp.1_19                            0x08005ab8   Number         4  main.o(.text.main)
    i.__0printf$1                            0x08005af4   Section        0  printf1.o(i.__0printf$1)
    i.__scatterload_copy                     0x08005b14   Section       14  handlers.o(i.__scatterload_copy)
    i.__scatterload_null                     0x08005b22   Section        2  handlers.o(i.__scatterload_null)
    i.__scatterload_zeroinit                 0x08005b24   Section       14  handlers.o(i.__scatterload_zeroinit)
    _printf_core                             0x08005b35   Thumb Code   336  printf1.o(i._printf_core)
    i._printf_core                           0x08005b34   Section        0  printf1.o(i._printf_core)
    i.puts                                   0x08005c88   Section        0  puts.o(i.puts)
    DMA_CalcBaseAndBitshift.flagBitshiftOffset 0x08005cd4   Data           8  stm32h7xx_hal_dma.o(.rodata.cst8)
    UARTEx_SetNbDataToProcess.numerator      0x08005cdc   Data           8  stm32h7xx_hal_uart_ex.o(.rodata.cst8)
    UARTEx_SetNbDataToProcess.denominator    0x08005ce4   Data           8  stm32h7xx_hal_uart_ex.o(.rodata.cst8)
    .data                                    0x24000000   Section        4  stdout.o(.data)
    [Anonymous Symbol]                       0x24000004   Section        0  stm32h7xx_hal.o(.data..L_MergedGlobals)
    [Anonymous Symbol]                       0x2400000c   Section        0  system_stm32h7xx.o(.data..L_MergedGlobals)
    line_completed                           0x24000018   Data           1  main.o(.bss..L_MergedGlobals)
    [Anonymous Symbol]                       0x24000018   Section        0  main.o(.bss..L_MergedGlobals)
    scan_direction_upward                    0x24000019   Data           1  main.o(.bss..L_MergedGlobals)
    half_line_completed                      0x2400001a   Data           1  main.o(.bss..L_MergedGlobals)
    scan_x_tr                                0x2400001b   Data           1  main.o(.bss..L_MergedGlobals)
    current_scan_line                        0x2400001c   Data           2  main.o(.bss..L_MergedGlobals)
    scan_y_inc                               0x24000020   Data           4  main.o(.bss..L_MergedGlobals)
    STACK                                    0x24000418   Section     1024  startup_stm32h730xxq.o(STACK)

    Global Symbols

    Symbol Name                              Value     Ov Type        Size  Object(Section)

    BuildAttributes$$THM_ISAv4$E$P$D$K$B$S$7EM$VFPv5_D16$PE$PLD8$A:L22UL41UL21$X:L11$S22US41US21$IEEE1$IW$~IW$USESV6$~STKCKD$USESV7$~SHL$OSPACE$ROPI$EBA8$MICROLIB$REQ8$PRES8$EABIv2 0x00000000   Number         0  anon$$obj.o ABSOLUTE
    _printf_a                                0x00000000   Number         0  stubs.o ABSOLUTE
    _printf_c                                0x00000000   Number         0  stubs.o ABSOLUTE
    _printf_charcount                        0x00000000   Number         0  stubs.o ABSOLUTE
    _printf_d                                0x00000000   Number         0  stubs.o ABSOLUTE
    _printf_e                                0x00000000   Number         0  stubs.o ABSOLUTE
    _printf_f                                0x00000000   Number         0  stubs.o ABSOLUTE
    _printf_flags                            0x00000000   Number         0  stubs.o ABSOLUTE
    _printf_fp_dec                           0x00000000   Number         0  stubs.o ABSOLUTE
    _printf_fp_hex                           0x00000000   Number         0  stubs.o ABSOLUTE
    _printf_g                                0x00000000   Number         0  stubs.o ABSOLUTE
    _printf_i                                0x00000000   Number         0  stubs.o ABSOLUTE
    _printf_int_dec                          0x00000000   Number         0  stubs.o ABSOLUTE
    _printf_l                                0x00000000   Number         0  stubs.o ABSOLUTE
    _printf_lc                               0x00000000   Number         0  stubs.o ABSOLUTE
    _printf_ll                               0x00000000   Number         0  stubs.o ABSOLUTE
    _printf_lld                              0x00000000   Number         0  stubs.o ABSOLUTE
    _printf_lli                              0x00000000   Number         0  stubs.o ABSOLUTE
    _printf_llo                              0x00000000   Number         0  stubs.o ABSOLUTE
    _printf_llu                              0x00000000   Number         0  stubs.o ABSOLUTE
    _printf_llx                              0x00000000   Number         0  stubs.o ABSOLUTE
    _printf_longlong_dec                     0x00000000   Number         0  stubs.o ABSOLUTE
    _printf_longlong_hex                     0x00000000   Number         0  stubs.o ABSOLUTE
    _printf_longlong_oct                     0x00000000   Number         0  stubs.o ABSOLUTE
    _printf_ls                               0x00000000   Number         0  stubs.o ABSOLUTE
    _printf_mbtowc                           0x00000000   Number         0  stubs.o ABSOLUTE
    _printf_n                                0x00000000   Number         0  stubs.o ABSOLUTE
    _printf_o                                0x00000000   Number         0  stubs.o ABSOLUTE
    _printf_p                                0x00000000   Number         0  stubs.o ABSOLUTE
    _printf_percent                          0x00000000   Number         0  stubs.o ABSOLUTE
    _printf_pre_padding                      0x00000000   Number         0  stubs.o ABSOLUTE
    _printf_return_value                     0x00000000   Number         0  stubs.o ABSOLUTE
    _printf_s                                0x00000000   Number         0  stubs.o ABSOLUTE
    _printf_sizespec                         0x00000000   Number         0  stubs.o ABSOLUTE
    _printf_str                              0x00000000   Number         0  stubs.o ABSOLUTE
    _printf_truncate_signed                  0x00000000   Number         0  stubs.o ABSOLUTE
    _printf_truncate_unsigned                0x00000000   Number         0  stubs.o ABSOLUTE
    _printf_u                                0x00000000   Number         0  stubs.o ABSOLUTE
    _printf_wc                               0x00000000   Number         0  stubs.o ABSOLUTE
    _printf_wctomb                           0x00000000   Number         0  stubs.o ABSOLUTE
    _printf_widthprec                        0x00000000   Number         0  stubs.o ABSOLUTE
    _printf_x                                0x00000000   Number         0  stubs.o ABSOLUTE
    __cpp_initialize__aeabi_                  - Undefined Weak Reference
    __cxa_finalize                            - Undefined Weak Reference
    __decompress                              - Undefined Weak Reference
    _clock_init                               - Undefined Weak Reference
    _microlib_exit                            - Undefined Weak Reference
    __Vectors_Size                           0x000002cc   Number         0  startup_stm32h730xxq.o ABSOLUTE
    __Vectors                                0x08000000   Data           4  startup_stm32h730xxq.o(RESET)
    __Vectors_End                            0x080002cc   Data           0  startup_stm32h730xxq.o(RESET)
    __main                                   0x080002cd   Thumb Code     0  entry.o(.ARM.Collect$$$$00000000)
    _main_stk                                0x080002cd   Thumb Code     0  entry2.o(.ARM.Collect$$$$00000001)
    _main_scatterload                        0x080002d1   Thumb Code     0  entry5.o(.ARM.Collect$$$$00000004)
    __main_after_scatterload                 0x080002d5   Thumb Code     0  entry5.o(.ARM.Collect$$$$00000004)
    _main_clock                              0x080002d5   Thumb Code     0  entry7b.o(.ARM.Collect$$$$00000008)
    _main_cpp_init                           0x080002d5   Thumb Code     0  entry8b.o(.ARM.Collect$$$$0000000A)
    _main_init                               0x080002d5   Thumb Code     0  entry9a.o(.ARM.Collect$$$$0000000B)
    __rt_final_cpp                           0x080002dd   Thumb Code     0  entry10a.o(.ARM.Collect$$$$0000000D)
    __rt_final_exit                          0x080002dd   Thumb Code     0  entry11a.o(.ARM.Collect$$$$0000000F)
    Reset_Handler                            0x080002e1   Thumb Code     8  startup_stm32h730xxq.o(.text)
    ADC3_IRQHandler                          0x080002fb   Thumb Code     0  startup_stm32h730xxq.o(.text)
    ADC_IRQHandler                           0x080002fb   Thumb Code     0  startup_stm32h730xxq.o(.text)
    BDMA_Channel0_IRQHandler                 0x080002fb   Thumb Code     0  startup_stm32h730xxq.o(.text)
    BDMA_Channel1_IRQHandler                 0x080002fb   Thumb Code     0  startup_stm32h730xxq.o(.text)
    BDMA_Channel2_IRQHandler                 0x080002fb   Thumb Code     0  startup_stm32h730xxq.o(.text)
    BDMA_Channel3_IRQHandler                 0x080002fb   Thumb Code     0  startup_stm32h730xxq.o(.text)
    BDMA_Channel4_IRQHandler                 0x080002fb   Thumb Code     0  startup_stm32h730xxq.o(.text)
    BDMA_Channel5_IRQHandler                 0x080002fb   Thumb Code     0  startup_stm32h730xxq.o(.text)
    BDMA_Channel6_IRQHandler                 0x080002fb   Thumb Code     0  startup_stm32h730xxq.o(.text)
    BDMA_Channel7_IRQHandler                 0x080002fb   Thumb Code     0  startup_stm32h730xxq.o(.text)
    CEC_IRQHandler                           0x080002fb   Thumb Code     0  startup_stm32h730xxq.o(.text)
    COMP1_IRQHandler                         0x080002fb   Thumb Code     0  startup_stm32h730xxq.o(.text)
    CORDIC_IRQHandler                        0x080002fb   Thumb Code     0  startup_stm32h730xxq.o(.text)
    CRS_IRQHandler                           0x080002fb   Thumb Code     0  startup_stm32h730xxq.o(.text)
    CRYP_IRQHandler                          0x080002fb   Thumb Code     0  startup_stm32h730xxq.o(.text)
    DCMI_PSSI_IRQHandler                     0x080002fb   Thumb Code     0  startup_stm32h730xxq.o(.text)
    DFSDM1_FLT0_IRQHandler                   0x080002fb   Thumb Code     0  startup_stm32h730xxq.o(.text)
    DFSDM1_FLT1_IRQHandler                   0x080002fb   Thumb Code     0  startup_stm32h730xxq.o(.text)
    DFSDM1_FLT2_IRQHandler                   0x080002fb   Thumb Code     0  startup_stm32h730xxq.o(.text)
    DFSDM1_FLT3_IRQHandler                   0x080002fb   Thumb Code     0  startup_stm32h730xxq.o(.text)
    DMA1_Stream3_IRQHandler                  0x080002fb   Thumb Code     0  startup_stm32h730xxq.o(.text)
    DMA1_Stream4_IRQHandler                  0x080002fb   Thumb Code     0  startup_stm32h730xxq.o(.text)
    DMA1_Stream5_IRQHandler                  0x080002fb   Thumb Code     0  startup_stm32h730xxq.o(.text)
    DMA1_Stream6_IRQHandler                  0x080002fb   Thumb Code     0  startup_stm32h730xxq.o(.text)
    DMA1_Stream7_IRQHandler                  0x080002fb   Thumb Code     0  startup_stm32h730xxq.o(.text)
    DMA2D_IRQHandler                         0x080002fb   Thumb Code     0  startup_stm32h730xxq.o(.text)
    DMA2_Stream0_IRQHandler                  0x080002fb   Thumb Code     0  startup_stm32h730xxq.o(.text)
    DMA2_Stream1_IRQHandler                  0x080002fb   Thumb Code     0  startup_stm32h730xxq.o(.text)
    DMA2_Stream2_IRQHandler                  0x080002fb   Thumb Code     0  startup_stm32h730xxq.o(.text)
    DMA2_Stream3_IRQHandler                  0x080002fb   Thumb Code     0  startup_stm32h730xxq.o(.text)
    DMA2_Stream4_IRQHandler                  0x080002fb   Thumb Code     0  startup_stm32h730xxq.o(.text)
    DMA2_Stream5_IRQHandler                  0x080002fb   Thumb Code     0  startup_stm32h730xxq.o(.text)
    DMA2_Stream6_IRQHandler                  0x080002fb   Thumb Code     0  startup_stm32h730xxq.o(.text)
    DMA2_Stream7_IRQHandler                  0x080002fb   Thumb Code     0  startup_stm32h730xxq.o(.text)
    DMAMUX1_OVR_IRQHandler                   0x080002fb   Thumb Code     0  startup_stm32h730xxq.o(.text)
    DMAMUX2_OVR_IRQHandler                   0x080002fb   Thumb Code     0  startup_stm32h730xxq.o(.text)
    DTS_IRQHandler                           0x080002fb   Thumb Code     0  startup_stm32h730xxq.o(.text)
    ECC_IRQHandler                           0x080002fb   Thumb Code     0  startup_stm32h730xxq.o(.text)
    ETH_IRQHandler                           0x080002fb   Thumb Code     0  startup_stm32h730xxq.o(.text)
    ETH_WKUP_IRQHandler                      0x080002fb   Thumb Code     0  startup_stm32h730xxq.o(.text)
    EXTI15_10_IRQHandler                     0x080002fb   Thumb Code     0  startup_stm32h730xxq.o(.text)
    EXTI1_IRQHandler                         0x080002fb   Thumb Code     0  startup_stm32h730xxq.o(.text)
    EXTI2_IRQHandler                         0x080002fb   Thumb Code     0  startup_stm32h730xxq.o(.text)
    EXTI3_IRQHandler                         0x080002fb   Thumb Code     0  startup_stm32h730xxq.o(.text)
    EXTI4_IRQHandler                         0x080002fb   Thumb Code     0  startup_stm32h730xxq.o(.text)
    EXTI9_5_IRQHandler                       0x080002fb   Thumb Code     0  startup_stm32h730xxq.o(.text)
    FDCAN1_IT0_IRQHandler                    0x080002fb   Thumb Code     0  startup_stm32h730xxq.o(.text)
    FDCAN1_IT1_IRQHandler                    0x080002fb   Thumb Code     0  startup_stm32h730xxq.o(.text)
    FDCAN2_IT0_IRQHandler                    0x080002fb   Thumb Code     0  startup_stm32h730xxq.o(.text)
    FDCAN2_IT1_IRQHandler                    0x080002fb   Thumb Code     0  startup_stm32h730xxq.o(.text)
    FDCAN3_IT0_IRQHandler                    0x080002fb   Thumb Code     0  startup_stm32h730xxq.o(.text)
    FDCAN3_IT1_IRQHandler                    0x080002fb   Thumb Code     0  startup_stm32h730xxq.o(.text)
    FDCAN_CAL_IRQHandler                     0x080002fb   Thumb Code     0  startup_stm32h730xxq.o(.text)
    FLASH_IRQHandler                         0x080002fb   Thumb Code     0  startup_stm32h730xxq.o(.text)
    FMAC_IRQHandler                          0x080002fb   Thumb Code     0  startup_stm32h730xxq.o(.text)
    FMC_IRQHandler                           0x080002fb   Thumb Code     0  startup_stm32h730xxq.o(.text)
    FPU_IRQHandler                           0x080002fb   Thumb Code     0  startup_stm32h730xxq.o(.text)
    HASH_RNG_IRQHandler                      0x080002fb   Thumb Code     0  startup_stm32h730xxq.o(.text)
    HSEM1_IRQHandler                         0x080002fb   Thumb Code     0  startup_stm32h730xxq.o(.text)
    I2C1_ER_IRQHandler                       0x080002fb   Thumb Code     0  startup_stm32h730xxq.o(.text)
    I2C1_EV_IRQHandler                       0x080002fb   Thumb Code     0  startup_stm32h730xxq.o(.text)
    I2C2_ER_IRQHandler                       0x080002fb   Thumb Code     0  startup_stm32h730xxq.o(.text)
    I2C2_EV_IRQHandler                       0x080002fb   Thumb Code     0  startup_stm32h730xxq.o(.text)
    I2C3_ER_IRQHandler                       0x080002fb   Thumb Code     0  startup_stm32h730xxq.o(.text)
    I2C3_EV_IRQHandler                       0x080002fb   Thumb Code     0  startup_stm32h730xxq.o(.text)
    I2C4_ER_IRQHandler                       0x080002fb   Thumb Code     0  startup_stm32h730xxq.o(.text)
    I2C4_EV_IRQHandler                       0x080002fb   Thumb Code     0  startup_stm32h730xxq.o(.text)
    I2C5_ER_IRQHandler                       0x080002fb   Thumb Code     0  startup_stm32h730xxq.o(.text)
    I2C5_EV_IRQHandler                       0x080002fb   Thumb Code     0  startup_stm32h730xxq.o(.text)
    LPTIM1_IRQHandler                        0x080002fb   Thumb Code     0  startup_stm32h730xxq.o(.text)
    LPTIM2_IRQHandler                        0x080002fb   Thumb Code     0  startup_stm32h730xxq.o(.text)
    LPTIM3_IRQHandler                        0x080002fb   Thumb Code     0  startup_stm32h730xxq.o(.text)
    LPTIM4_IRQHandler                        0x080002fb   Thumb Code     0  startup_stm32h730xxq.o(.text)
    LPTIM5_IRQHandler                        0x080002fb   Thumb Code     0  startup_stm32h730xxq.o(.text)
    LPUART1_IRQHandler                       0x080002fb   Thumb Code     0  startup_stm32h730xxq.o(.text)
    LTDC_ER_IRQHandler                       0x080002fb   Thumb Code     0  startup_stm32h730xxq.o(.text)
    LTDC_IRQHandler                          0x080002fb   Thumb Code     0  startup_stm32h730xxq.o(.text)
    MDIOS_IRQHandler                         0x080002fb   Thumb Code     0  startup_stm32h730xxq.o(.text)
    MDIOS_WKUP_IRQHandler                    0x080002fb   Thumb Code     0  startup_stm32h730xxq.o(.text)
    MDMA_IRQHandler                          0x080002fb   Thumb Code     0  startup_stm32h730xxq.o(.text)
    OCTOSPI1_IRQHandler                      0x080002fb   Thumb Code     0  startup_stm32h730xxq.o(.text)
    OCTOSPI2_IRQHandler                      0x080002fb   Thumb Code     0  startup_stm32h730xxq.o(.text)
    OTFDEC1_IRQHandler                       0x080002fb   Thumb Code     0  startup_stm32h730xxq.o(.text)
    OTFDEC2_IRQHandler                       0x080002fb   Thumb Code     0  startup_stm32h730xxq.o(.text)
    OTG_HS_EP1_IN_IRQHandler                 0x080002fb   Thumb Code     0  startup_stm32h730xxq.o(.text)
    OTG_HS_EP1_OUT_IRQHandler                0x080002fb   Thumb Code     0  startup_stm32h730xxq.o(.text)
    OTG_HS_IRQHandler                        0x080002fb   Thumb Code     0  startup_stm32h730xxq.o(.text)
    OTG_HS_WKUP_IRQHandler                   0x080002fb   Thumb Code     0  startup_stm32h730xxq.o(.text)
    PVD_AVD_IRQHandler                       0x080002fb   Thumb Code     0  startup_stm32h730xxq.o(.text)
    RCC_IRQHandler                           0x080002fb   Thumb Code     0  startup_stm32h730xxq.o(.text)
    RTC_Alarm_IRQHandler                     0x080002fb   Thumb Code     0  startup_stm32h730xxq.o(.text)
    RTC_WKUP_IRQHandler                      0x080002fb   Thumb Code     0  startup_stm32h730xxq.o(.text)
    SAI1_IRQHandler                          0x080002fb   Thumb Code     0  startup_stm32h730xxq.o(.text)
    SAI4_IRQHandler                          0x080002fb   Thumb Code     0  startup_stm32h730xxq.o(.text)
    SDMMC1_IRQHandler                        0x080002fb   Thumb Code     0  startup_stm32h730xxq.o(.text)
    SDMMC2_IRQHandler                        0x080002fb   Thumb Code     0  startup_stm32h730xxq.o(.text)
    SPDIF_RX_IRQHandler                      0x080002fb   Thumb Code     0  startup_stm32h730xxq.o(.text)
    SPI1_IRQHandler                          0x080002fb   Thumb Code     0  startup_stm32h730xxq.o(.text)
    SPI2_IRQHandler                          0x080002fb   Thumb Code     0  startup_stm32h730xxq.o(.text)
    SPI3_IRQHandler                          0x080002fb   Thumb Code     0  startup_stm32h730xxq.o(.text)
    SPI4_IRQHandler                          0x080002fb   Thumb Code     0  startup_stm32h730xxq.o(.text)
    SPI5_IRQHandler                          0x080002fb   Thumb Code     0  startup_stm32h730xxq.o(.text)
    SPI6_IRQHandler                          0x080002fb   Thumb Code     0  startup_stm32h730xxq.o(.text)
    SWPMI1_IRQHandler                        0x080002fb   Thumb Code     0  startup_stm32h730xxq.o(.text)
    TAMP_STAMP_IRQHandler                    0x080002fb   Thumb Code     0  startup_stm32h730xxq.o(.text)
    TIM15_IRQHandler                         0x080002fb   Thumb Code     0  startup_stm32h730xxq.o(.text)
    TIM16_IRQHandler                         0x080002fb   Thumb Code     0  startup_stm32h730xxq.o(.text)
    TIM17_IRQHandler                         0x080002fb   Thumb Code     0  startup_stm32h730xxq.o(.text)
    TIM1_BRK_IRQHandler                      0x080002fb   Thumb Code     0  startup_stm32h730xxq.o(.text)
    TIM1_CC_IRQHandler                       0x080002fb   Thumb Code     0  startup_stm32h730xxq.o(.text)
    TIM1_TRG_COM_IRQHandler                  0x080002fb   Thumb Code     0  startup_stm32h730xxq.o(.text)
    TIM1_UP_IRQHandler                       0x080002fb   Thumb Code     0  startup_stm32h730xxq.o(.text)
    TIM23_IRQHandler                         0x080002fb   Thumb Code     0  startup_stm32h730xxq.o(.text)
    TIM24_IRQHandler                         0x080002fb   Thumb Code     0  startup_stm32h730xxq.o(.text)
    TIM2_IRQHandler                          0x080002fb   Thumb Code     0  startup_stm32h730xxq.o(.text)
    TIM3_IRQHandler                          0x080002fb   Thumb Code     0  startup_stm32h730xxq.o(.text)
    TIM4_IRQHandler                          0x080002fb   Thumb Code     0  startup_stm32h730xxq.o(.text)
    TIM5_IRQHandler                          0x080002fb   Thumb Code     0  startup_stm32h730xxq.o(.text)
    TIM6_DAC_IRQHandler                      0x080002fb   Thumb Code     0  startup_stm32h730xxq.o(.text)
    TIM7_IRQHandler                          0x080002fb   Thumb Code     0  startup_stm32h730xxq.o(.text)
    TIM8_BRK_TIM12_IRQHandler                0x080002fb   Thumb Code     0  startup_stm32h730xxq.o(.text)
    TIM8_CC_IRQHandler                       0x080002fb   Thumb Code     0  startup_stm32h730xxq.o(.text)
    TIM8_TRG_COM_TIM14_IRQHandler            0x080002fb   Thumb Code     0  startup_stm32h730xxq.o(.text)
    TIM8_UP_TIM13_IRQHandler                 0x080002fb   Thumb Code     0  startup_stm32h730xxq.o(.text)
    UART4_IRQHandler                         0x080002fb   Thumb Code     0  startup_stm32h730xxq.o(.text)
    UART5_IRQHandler                         0x080002fb   Thumb Code     0  startup_stm32h730xxq.o(.text)
    UART7_IRQHandler                         0x080002fb   Thumb Code     0  startup_stm32h730xxq.o(.text)
    UART8_IRQHandler                         0x080002fb   Thumb Code     0  startup_stm32h730xxq.o(.text)
    UART9_IRQHandler                         0x080002fb   Thumb Code     0  startup_stm32h730xxq.o(.text)
    USART10_IRQHandler                       0x080002fb   Thumb Code     0  startup_stm32h730xxq.o(.text)
    USART1_IRQHandler                        0x080002fb   Thumb Code     0  startup_stm32h730xxq.o(.text)
    USART2_IRQHandler                        0x080002fb   Thumb Code     0  startup_stm32h730xxq.o(.text)
    USART3_IRQHandler                        0x080002fb   Thumb Code     0  startup_stm32h730xxq.o(.text)
    USART6_IRQHandler                        0x080002fb   Thumb Code     0  startup_stm32h730xxq.o(.text)
    WAKEUP_PIN_IRQHandler                    0x080002fb   Thumb Code     0  startup_stm32h730xxq.o(.text)
    WWDG_IRQHandler                          0x080002fb   Thumb Code     0  startup_stm32h730xxq.o(.text)
    __aeabi_uldivmod                         0x08000305   Thumb Code    98  uldiv.o(.text)
    __aeabi_memset                           0x08000367   Thumb Code    14  memseta.o(.text)
    __aeabi_memset4                          0x08000367   Thumb Code     0  memseta.o(.text)
    __aeabi_memset8                          0x08000367   Thumb Code     0  memseta.o(.text)
    __aeabi_memclr                           0x08000375   Thumb Code     4  memseta.o(.text)
    __aeabi_memclr4                          0x08000375   Thumb Code     0  memseta.o(.text)
    __aeabi_memclr8                          0x08000375   Thumb Code     0  memseta.o(.text)
    _memset$wrapper                          0x08000379   Thumb Code    18  memseta.o(.text)
    __aeabi_uidiv                            0x0800038b   Thumb Code     0  uidiv.o(.text)
    __aeabi_uidivmod                         0x0800038b   Thumb Code    44  uidiv.o(.text)
    __aeabi_llsl                             0x080003b7   Thumb Code    30  llshl.o(.text)
    _ll_shift_l                              0x080003b7   Thumb Code     0  llshl.o(.text)
    __aeabi_llsr                             0x080003d5   Thumb Code    32  llushr.o(.text)
    _ll_ushift_r                             0x080003d5   Thumb Code     0  llushr.o(.text)
    __scatterload                            0x080003f5   Thumb Code    28  init.o(.text)
    __scatterload_rt2                        0x080003f5   Thumb Code     0  init.o(.text)
    ADC_ConfigureBoostMode                   0x08000419   Thumb Code   220  stm32h7xx_hal_adc.o(.text.ADC_ConfigureBoostMode)
    ADC_DMAConvCplt                          0x080004f5   Thumb Code    90  stm32h7xx_hal_adc.o(.text.ADC_DMAConvCplt)
    ADC_DMAError                             0x0800054f   Thumb Code    22  stm32h7xx_hal_adc.o(.text.ADC_DMAError)
    ADC_DMAHalfConvCplt                      0x08000565   Thumb Code     6  stm32h7xx_hal_adc.o(.text.ADC_DMAHalfConvCplt)
    ADC_Disable                              0x0800056d   Thumb Code   108  stm32h7xx_hal_adc.o(.text.ADC_Disable)
    ADC_Enable                               0x080005d5   Thumb Code   172  stm32h7xx_hal_adc.o(.text.ADC_Enable)
    BusFault_Handler                         0x08000681   Thumb Code     2  stm32h7xx_it.o(.text.BusFault_Handler)
    DAC_DMAConvCpltCh1                       0x08000683   Thumb Code    16  stm32h7xx_hal_dac.o(.text.DAC_DMAConvCpltCh1)
    DAC_DMAConvCpltCh2                       0x08000693   Thumb Code    16  stm32h7xx_hal_dac_ex.o(.text.DAC_DMAConvCpltCh2)
    DAC_DMAErrorCh1                          0x080006a3   Thumb Code    24  stm32h7xx_hal_dac.o(.text.DAC_DMAErrorCh1)
    DAC_DMAErrorCh2                          0x080006bb   Thumb Code    24  stm32h7xx_hal_dac_ex.o(.text.DAC_DMAErrorCh2)
    DAC_DMAHalfConvCpltCh1                   0x080006d3   Thumb Code     6  stm32h7xx_hal_dac.o(.text.DAC_DMAHalfConvCpltCh1)
    DAC_DMAHalfConvCpltCh2                   0x080006d9   Thumb Code     6  stm32h7xx_hal_dac_ex.o(.text.DAC_DMAHalfConvCpltCh2)
    DMA1_Stream0_IRQHandler                  0x080006e1   Thumb Code    12  stm32h7xx_it.o(.text.DMA1_Stream0_IRQHandler)
    DMA1_Stream1_IRQHandler                  0x080006ed   Thumb Code    12  stm32h7xx_it.o(.text.DMA1_Stream1_IRQHandler)
    DMA1_Stream2_IRQHandler                  0x080006f9   Thumb Code    12  stm32h7xx_it.o(.text.DMA1_Stream2_IRQHandler)
    DebugMon_Handler                         0x08000a91   Thumb Code     2  stm32h7xx_it.o(.text.DebugMon_Handler)
    EXTI0_IRQHandler                         0x08000a93   Thumb Code     6  stm32h7xx_it.o(.text.EXTI0_IRQHandler)
    Error_Handler                            0x08000a99   Thumb Code     8  main.o(.text.Error_Handler)
    HAL_ADCEx_Calibration_Start              0x08000aa1   Thumb Code   148  stm32h7xx_hal_adc_ex.o(.text.HAL_ADCEx_Calibration_Start)
    HAL_ADCEx_MultiModeConfigChannel         0x08000b35   Thumb Code   168  stm32h7xx_hal_adc_ex.o(.text.HAL_ADCEx_MultiModeConfigChannel)
    HAL_ADC_ConfigChannel                    0x08000bdd   Thumb Code  1208  stm32h7xx_hal_adc.o(.text.HAL_ADC_ConfigChannel)
    HAL_ADC_ConvCpltCallback                 0x08001089   Thumb Code    12  main.o(.text.HAL_ADC_ConvCpltCallback)
    HAL_ADC_ConvHalfCpltCallback             0x08001095   Thumb Code    12  main.o(.text.HAL_ADC_ConvHalfCpltCallback)
    HAL_ADC_ErrorCallback                    0x080010a1   Thumb Code     2  stm32h7xx_hal_adc.o(.text.HAL_ADC_ErrorCallback)
    HAL_ADC_Init                             0x080010a5   Thumb Code   620  stm32h7xx_hal_adc.o(.text.HAL_ADC_Init)
    HAL_ADC_MspInit                          0x0800130d   Thumb Code   196  stm32h7xx_hal_msp.o(.text.HAL_ADC_MspInit)
    HAL_ADC_Start_DMA                        0x080013cd   Thumb Code   328  stm32h7xx_hal_adc.o(.text.HAL_ADC_Start_DMA)
    HAL_DACEx_ConvCpltCallbackCh2            0x08001515   Thumb Code    36  main.o(.text.HAL_DACEx_ConvCpltCallbackCh2)
    HAL_DACEx_ConvHalfCpltCallbackCh2        0x08001535   Thumb Code     2  stm32h7xx_hal_dac_ex.o(.text.HAL_DACEx_ConvHalfCpltCallbackCh2)
    HAL_DACEx_ErrorCallbackCh2               0x08001537   Thumb Code     2  stm32h7xx_hal_dac_ex.o(.text.HAL_DACEx_ErrorCallbackCh2)
    HAL_DAC_ConfigChannel                    0x08001539   Thumb Code   340  stm32h7xx_hal_dac.o(.text.HAL_DAC_ConfigChannel)
    HAL_DAC_ConvCpltCallbackCh1              0x0800168d   Thumb Code   108  main.o(.text.HAL_DAC_ConvCpltCallbackCh1)
    HAL_DAC_ConvHalfCpltCallbackCh1          0x080016f9   Thumb Code     2  stm32h7xx_hal_dac.o(.text.HAL_DAC_ConvHalfCpltCallbackCh1)
    HAL_DAC_ErrorCallbackCh1                 0x080016fb   Thumb Code     2  stm32h7xx_hal_dac.o(.text.HAL_DAC_ErrorCallbackCh1)
    HAL_DAC_Init                             0x080016fd   Thumb Code    38  stm32h7xx_hal_dac.o(.text.HAL_DAC_Init)
    HAL_DAC_MspInit                          0x08001725   Thumb Code   216  stm32h7xx_hal_msp.o(.text.HAL_DAC_MspInit)
    HAL_DAC_Start                            0x080017fd   Thumb Code   108  stm32h7xx_hal_dac.o(.text.HAL_DAC_Start)
    HAL_DAC_Start_DMA                        0x08001869   Thumb Code   236  stm32h7xx_hal_dac.o(.text.HAL_DAC_Start_DMA)
    HAL_DMA_IRQHandler                       0x08001955   Thumb Code  1404  stm32h7xx_hal_dma.o(.text.HAL_DMA_IRQHandler)
    HAL_DMA_Init                             0x08001ec5   Thumb Code   896  stm32h7xx_hal_dma.o(.text.HAL_DMA_Init)
    HAL_DMA_Start_IT                         0x0800222d   Thumb Code   636  stm32h7xx_hal_dma.o(.text.HAL_DMA_Start_IT)
    HAL_GPIO_EXTI_Callback                   0x080024a9   Thumb Code     2  stm32h7xx_hal_gpio.o(.text.HAL_GPIO_EXTI_Callback)
    HAL_GPIO_EXTI_IRQHandler                 0x080024ad   Thumb Code    20  stm32h7xx_hal_gpio.o(.text.HAL_GPIO_EXTI_IRQHandler)
    HAL_GPIO_Init                            0x080024c1   Thumb Code   408  stm32h7xx_hal_gpio.o(.text.HAL_GPIO_Init)
    HAL_GPIO_WritePin                        0x08002655   Thumb Code    10  stm32h7xx_hal_gpio.o(.text.HAL_GPIO_WritePin)
    HAL_GetTick                              0x08002661   Thumb Code    12  stm32h7xx_hal.o(.text.HAL_GetTick)
    HAL_IncTick                              0x08002669   Thumb Code    24  stm32h7xx_hal.o(.text.HAL_IncTick)
    HAL_Init                                 0x0800267d   Thumb Code    92  stm32h7xx_hal.o(.text.HAL_Init)
    HAL_InitTick                             0x080026d1   Thumb Code    72  stm32h7xx_hal.o(.text.HAL_InitTick)
    HAL_MPU_ConfigRegion                     0x08002719   Thumb Code    84  stm32h7xx_hal_cortex.o(.text.HAL_MPU_ConfigRegion)
    HAL_MPU_Disable                          0x0800276d   Thumb Code    24  stm32h7xx_hal_cortex.o(.text.HAL_MPU_Disable)
    HAL_MPU_Enable                           0x08002781   Thumb Code    32  stm32h7xx_hal_cortex.o(.text.HAL_MPU_Enable)
    HAL_MspInit                              0x080027a1   Thumb Code    32  stm32h7xx_hal_msp.o(.text.HAL_MspInit)
    HAL_NVIC_EnableIRQ                       0x080027c1   Thumb Code    28  stm32h7xx_hal_cortex.o(.text.HAL_NVIC_EnableIRQ)
    HAL_NVIC_SetPriority                     0x080027dd   Thumb Code    68  stm32h7xx_hal_cortex.o(.text.HAL_NVIC_SetPriority)
    HAL_NVIC_SetPriorityGrouping             0x0800281d   Thumb Code    32  stm32h7xx_hal_cortex.o(.text.HAL_NVIC_SetPriorityGrouping)
    HAL_PWREx_ConfigSupply                   0x0800283d   Thumb Code   132  stm32h7xx_hal_pwr_ex.o(.text.HAL_PWREx_ConfigSupply)
    HAL_RCCEx_GetD3PCLK1Freq                 0x080028c1   Thumb Code    36  stm32h7xx_hal_rcc_ex.o(.text.HAL_RCCEx_GetD3PCLK1Freq)
    HAL_RCCEx_GetPLL1ClockFreq               0x080028e5   Thumb Code   272  stm32h7xx_hal_rcc_ex.o(.text.HAL_RCCEx_GetPLL1ClockFreq)
    HAL_RCCEx_GetPLL2ClockFreq               0x080029f5   Thumb Code   268  stm32h7xx_hal_rcc_ex.o(.text.HAL_RCCEx_GetPLL2ClockFreq)
    HAL_RCCEx_GetPLL3ClockFreq               0x08002b01   Thumb Code   268  stm32h7xx_hal_rcc_ex.o(.text.HAL_RCCEx_GetPLL3ClockFreq)
    HAL_RCCEx_GetPeriphCLKFreq               0x08002c0d   Thumb Code   620  stm32h7xx_hal_rcc_ex.o(.text.HAL_RCCEx_GetPeriphCLKFreq)
    HAL_RCCEx_PeriphCLKConfig                0x08002e79   Thumb Code  2340  stm32h7xx_hal_rcc_ex.o(.text.HAL_RCCEx_PeriphCLKConfig)
    HAL_RCC_CSSCallback                      0x0800379d   Thumb Code     2  stm32h7xx_hal_rcc.o(.text.HAL_RCC_CSSCallback)
    HAL_RCC_ClockConfig                      0x080037a1   Thumb Code   556  stm32h7xx_hal_rcc.o(.text.HAL_RCC_ClockConfig)
    HAL_RCC_EnableCSS                        0x080039bd   Thumb Code    16  stm32h7xx_hal_rcc.o(.text.HAL_RCC_EnableCSS)
    HAL_RCC_GetHCLKFreq                      0x080039c9   Thumb Code    68  stm32h7xx_hal_rcc.o(.text.HAL_RCC_GetHCLKFreq)
    HAL_RCC_GetPCLK1Freq                     0x08003a09   Thumb Code    36  stm32h7xx_hal_rcc.o(.text.HAL_RCC_GetPCLK1Freq)
    HAL_RCC_GetPCLK2Freq                     0x08003a25   Thumb Code    36  stm32h7xx_hal_rcc.o(.text.HAL_RCC_GetPCLK2Freq)
    HAL_RCC_GetSysClockFreq                  0x08003a49   Thumb Code   252  stm32h7xx_hal_rcc.o(.text.HAL_RCC_GetSysClockFreq)
    HAL_RCC_NMI_IRQHandler                   0x08003b45   Thumb Code    28  stm32h7xx_hal_rcc.o(.text.HAL_RCC_NMI_IRQHandler)
    HAL_RCC_OscConfig                        0x08003b61   Thumb Code  1250  stm32h7xx_hal_rcc.o(.text.HAL_RCC_OscConfig)
    HAL_SPI_Init                             0x08004045   Thumb Code   412  stm32h7xx_hal_spi.o(.text.HAL_SPI_Init)
    HAL_SPI_MspInit                          0x080041e1   Thumb Code   136  stm32h7xx_hal_msp.o(.text.HAL_SPI_MspInit)
    HAL_SYSCFG_AnalogSwitchConfig            0x08004269   Thumb Code    20  stm32h7xx_hal.o(.text.HAL_SYSCFG_AnalogSwitchConfig)
    HAL_SYSTICK_Config                       0x0800427d   Thumb Code    40  stm32h7xx_hal_cortex.o(.text.HAL_SYSTICK_Config)
    HAL_TIMEx_MasterConfigSynchronization    0x080042a5   Thumb Code   188  stm32h7xx_hal_tim_ex.o(.text.HAL_TIMEx_MasterConfigSynchronization)
    HAL_TIM_Base_Init                        0x0800433d   Thumb Code    96  stm32h7xx_hal_tim.o(.text.HAL_TIM_Base_Init)
    HAL_TIM_Base_MspInit                     0x0800439d   Thumb Code   104  stm32h7xx_hal_msp.o(.text.HAL_TIM_Base_MspInit)
    HAL_TIM_Base_Start_IT                    0x080043fd   Thumb Code   164  stm32h7xx_hal_tim.o(.text.HAL_TIM_Base_Start_IT)
    HAL_TIM_ConfigClockSource                0x080044a1   Thumb Code   296  stm32h7xx_hal_tim.o(.text.HAL_TIM_ConfigClockSource)
    HAL_UARTEx_DisableFifoMode               0x080045c9   Thumb Code    54  stm32h7xx_hal_uart_ex.o(.text.HAL_UARTEx_DisableFifoMode)
    HAL_UARTEx_SetRxFifoThreshold            0x080045ff   Thumb Code    74  stm32h7xx_hal_uart_ex.o(.text.HAL_UARTEx_SetRxFifoThreshold)
    HAL_UARTEx_SetTxFifoThreshold            0x08004649   Thumb Code    74  stm32h7xx_hal_uart_ex.o(.text.HAL_UARTEx_SetTxFifoThreshold)
    HAL_UART_Init                            0x08004693   Thumb Code   102  stm32h7xx_hal_uart.o(.text.HAL_UART_Init)
    HAL_UART_MspInit                         0x080046f9   Thumb Code   132  stm32h7xx_hal_msp.o(.text.HAL_UART_MspInit)
    HAL_UART_Transmit                        0x0800477d   Thumb Code   186  stm32h7xx_hal_uart.o(.text.HAL_UART_Transmit)
    HardFault_Handler                        0x08004837   Thumb Code     2  stm32h7xx_it.o(.text.HardFault_Handler)
    MemManage_Handler                        0x0800485b   Thumb Code     2  stm32h7xx_it.o(.text.MemManage_Handler)
    NMI_Handler                              0x0800485d   Thumb Code     6  stm32h7xx_it.o(.text.NMI_Handler)
    PendSV_Handler                           0x08004863   Thumb Code     2  stm32h7xx_it.o(.text.PendSV_Handler)
    SVC_Handler                              0x08004a65   Thumb Code     2  stm32h7xx_it.o(.text.SVC_Handler)
    SysTick_Handler                          0x08004a67   Thumb Code     4  stm32h7xx_it.o(.text.SysTick_Handler)
    SystemClock_Config                       0x08004a6d   Thumb Code   156  main.o(.text.SystemClock_Config)
    SystemInit                               0x08004b09   Thumb Code   152  system_stm32h7xx.o(.text.SystemInit)
    TIM_Base_SetConfig                       0x08004ba1   Thumb Code   256  stm32h7xx_hal_tim.o(.text.TIM_Base_SetConfig)
    UART_AdvFeatureConfig                    0x08004d3d   Thumb Code   198  stm32h7xx_hal_uart.o(.text.UART_AdvFeatureConfig)
    UART_CheckIdleState                      0x08004e03   Thumb Code   180  stm32h7xx_hal_uart.o(.text.UART_CheckIdleState)
    UART_SetConfig                           0x08004f15   Thumb Code  1008  stm32h7xx_hal_uart.o(.text.UART_SetConfig)
    UART_WaitOnFlagUntilTimeout              0x08005305   Thumb Code   154  stm32h7xx_hal_uart.o(.text.UART_WaitOnFlagUntilTimeout)
    UsageFault_Handler                       0x0800539f   Thumb Code     2  stm32h7xx_it.o(.text.UsageFault_Handler)
    fputc                                    0x080053bd   Thumb Code    28  main.o(.text.fputc)
    main                                     0x080053d9   Thumb Code  1820  main.o(.text.main)
    __0printf$1                              0x08005af5   Thumb Code    22  printf1.o(i.__0printf$1)
    __1printf$1                              0x08005af5   Thumb Code     0  printf1.o(i.__0printf$1)
    __2printf                                0x08005af5   Thumb Code     0  printf1.o(i.__0printf$1)
    __scatterload_copy                       0x08005b15   Thumb Code    14  handlers.o(i.__scatterload_copy)
    __scatterload_null                       0x08005b23   Thumb Code     2  handlers.o(i.__scatterload_null)
    __scatterload_zeroinit                   0x08005b25   Thumb Code    14  handlers.o(i.__scatterload_zeroinit)
    puts                                     0x08005c89   Thumb Code    30  puts.o(i.puts)
    D1CorePrescTable                         0x08005cac   Data          16  system_stm32h7xx.o(.rodata.D1CorePrescTable)
    UARTPrescTable                           0x08005cbc   Data          24  stm32h7xx_hal_uart.o(.rodata.UARTPrescTable)
    Region$$Table$$Base                      0x08005cec   Number         0  anon$$obj.o(Region$$Table)
    Region$$Table$$Limit                     0x08005d0c   Number         0  anon$$obj.o(Region$$Table)
    __stdout                                 0x24000000   Data           4  stdout.o(.data)
    uwTickFreq                               0x24000004   Data           1  stm32h7xx_hal.o(.data..L_MergedGlobals)
    uwTickPrio                               0x24000008   Data           4  stm32h7xx_hal.o(.data..L_MergedGlobals)
    SystemCoreClock                          0x2400000c   Data           4  system_stm32h7xx.o(.data..L_MergedGlobals)
    SystemD2Clock                            0x24000010   Data           4  system_stm32h7xx.o(.data..L_MergedGlobals)
    hdac1                                    0x24000024   Data          20  main.o(.bss..L_MergedGlobals)
    htim3                                    0x24000038   Data          76  main.o(.bss..L_MergedGlobals)
    dma_transfer_complete_flag               0x24000084   Data           1  main.o(.bss.dma_transfer_complete_flag)
    dma_transfer_half_complete_flag          0x24000085   Data           1  main.o(.bss.dma_transfer_half_complete_flag)
    hadc1                                    0x24000088   Data         112  main.o(.bss.hadc1)
    hdma_adc1                                0x240000f8   Data         120  main.o(.bss.hdma_adc1)
    hdma_dac1_ch1                            0x24000170   Data         120  main.o(.bss.hdma_dac1_ch1)
    hdma_dac1_ch2                            0x240001e8   Data         120  main.o(.bss.hdma_dac1_ch2)
    hspi5                                    0x24000260   Data         136  main.o(.bss.hspi5)
    htim2                                    0x240002e8   Data          76  main.o(.bss.htim2)
    htim4                                    0x24000334   Data          76  main.o(.bss.htim4)
    huart1                                   0x24000380   Data         148  main.o(.bss.huart1)
    uwTick                                   0x24000414   Data           4  stm32h7xx_hal.o(.bss.uwTick)
    __initial_sp                             0x24000818   Data           0  startup_stm32h730xxq.o(STACK)
    x_dac_buffer_t                           0x38000000   Data        5000  main.o(.ARM.__at_0x38000000)
    adc_buffer                               0x380013a0   Data        4000  main.o(.ARM.__at_0x38000000)
    y_dac_buffer                             0x38002340   Data        2000  main.o(.ARM.__at_0x38000000)
    x_dac_buffer_r                           0x38002b20   Data        5000  main.o(.ARM.__at_0x38000000)



==============================================================================

Memory Map of the image

  Image Entry point : 0x080002cd

  Load Region LR_IROM1 (Base: 0x08000000, Size: 0x00005d28, Max: 0x00020000, ABSOLUTE)

    Execution Region ER_IROM1 (Exec base: 0x08000000, Load base: 0x08000000, Size: 0x00005d0c, Max: 0x00020000, ABSOLUTE)

    Exec Addr    Load Addr    Size         Type   Attr      Idx    E Section Name        Object

    0x08000000   0x08000000   0x000002cc   Data   RO            3    RESET               startup_stm32h730xxq.o
    0x080002cc   0x080002cc   0x00000000   Code   RO         1894  * .ARM.Collect$$$$00000000  mc_w.l(entry.o)
    0x080002cc   0x080002cc   0x00000004   Code   RO         2166    .ARM.Collect$$$$00000001  mc_w.l(entry2.o)
    0x080002d0   0x080002d0   0x00000004   Code   RO         2169    .ARM.Collect$$$$00000004  mc_w.l(entry5.o)
    0x080002d4   0x080002d4   0x00000000   Code   RO         2171    .ARM.Collect$$$$00000008  mc_w.l(entry7b.o)
    0x080002d4   0x080002d4   0x00000000   Code   RO         2173    .ARM.Collect$$$$0000000A  mc_w.l(entry8b.o)
    0x080002d4   0x080002d4   0x00000008   Code   RO         2174    .ARM.Collect$$$$0000000B  mc_w.l(entry9a.o)
    0x080002dc   0x080002dc   0x00000000   Code   RO         2176    .ARM.Collect$$$$0000000D  mc_w.l(entry10a.o)
    0x080002dc   0x080002dc   0x00000000   Code   RO         2178    .ARM.Collect$$$$0000000F  mc_w.l(entry11a.o)
    0x080002dc   0x080002dc   0x00000004   Code   RO         2167    .ARM.Collect$$$$00002712  mc_w.l(entry2.o)
    0x080002e0   0x080002e0   0x00000024   Code   RO            4    .text               startup_stm32h730xxq.o
    0x08000304   0x08000304   0x00000062   Code   RO         1901    .text               mc_w.l(uldiv.o)
    0x08000366   0x08000366   0x00000024   Code   RO         1903    .text               mc_w.l(memseta.o)
    0x0800038a   0x0800038a   0x0000002c   Code   RO         2181    .text               mc_w.l(uidiv.o)
    0x080003b6   0x080003b6   0x0000001e   Code   RO         2183    .text               mc_w.l(llshl.o)
    0x080003d4   0x080003d4   0x00000020   Code   RO         2185    .text               mc_w.l(llushr.o)
    0x080003f4   0x080003f4   0x00000024   Code   RO         2198    .text               mc_w.l(init.o)
    0x08000418   0x08000418   0x000000dc   Code   RO          119    .text.ADC_ConfigureBoostMode  stm32h7xx_hal_adc.o
    0x080004f4   0x080004f4   0x0000005a   Code   RO          145    .text.ADC_DMAConvCplt  stm32h7xx_hal_adc.o
    0x0800054e   0x0800054e   0x00000016   Code   RO          149    .text.ADC_DMAError  stm32h7xx_hal_adc.o
    0x08000564   0x08000564   0x00000006   Code   RO          147    .text.ADC_DMAHalfConvCplt  stm32h7xx_hal_adc.o
    0x0800056a   0x0800056a   0x00000002   PAD
    0x0800056c   0x0800056c   0x00000068   Code   RO          125    .text.ADC_Disable   stm32h7xx_hal_adc.o
    0x080005d4   0x080005d4   0x000000ac   Code   RO          131    .text.ADC_Enable    stm32h7xx_hal_adc.o
    0x08000680   0x08000680   0x00000002   Code   RO           56    .text.BusFault_Handler  stm32h7xx_it.o
    0x08000682   0x08000682   0x00000010   Code   RO         1133    .text.DAC_DMAConvCpltCh1  stm32h7xx_hal_dac.o
    0x08000692   0x08000692   0x00000010   Code   RO         1176    .text.DAC_DMAConvCpltCh2  stm32h7xx_hal_dac_ex.o
    0x080006a2   0x080006a2   0x00000018   Code   RO         1137    .text.DAC_DMAErrorCh1  stm32h7xx_hal_dac.o
    0x080006ba   0x080006ba   0x00000018   Code   RO         1180    .text.DAC_DMAErrorCh2  stm32h7xx_hal_dac_ex.o
    0x080006d2   0x080006d2   0x00000006   Code   RO         1135    .text.DAC_DMAHalfConvCpltCh1  stm32h7xx_hal_dac.o
    0x080006d8   0x080006d8   0x00000006   Code   RO         1178    .text.DAC_DMAHalfConvCpltCh2  stm32h7xx_hal_dac_ex.o
    0x080006de   0x080006de   0x00000002   PAD
    0x080006e0   0x080006e0   0x0000000c   Code   RO           70    .text.DMA1_Stream0_IRQHandler  stm32h7xx_it.o
    0x080006ec   0x080006ec   0x0000000c   Code   RO           72    .text.DMA1_Stream1_IRQHandler  stm32h7xx_it.o
    0x080006f8   0x080006f8   0x0000000c   Code   RO           74    .text.DMA1_Stream2_IRQHandler  stm32h7xx_it.o
    0x08000704   0x08000704   0x000000a4   Code   RO          486    .text.DMA_CalcBaseAndBitshift  stm32h7xx_hal_dma.o
    0x080007a8   0x080007a8   0x00000090   Code   RO          488    .text.DMA_CalcDMAMUXChannelBaseAndMask  stm32h7xx_hal_dma.o
    0x08000838   0x08000838   0x00000064   Code   RO          490    .text.DMA_CalcDMAMUXRequestGenBaseAndMask  stm32h7xx_hal_dma.o
    0x0800089c   0x0800089c   0x000001f4   Code   RO          496    .text.DMA_SetConfig  stm32h7xx_hal_dma.o
    0x08000a90   0x08000a90   0x00000002   Code   RO           62    .text.DebugMon_Handler  stm32h7xx_it.o
    0x08000a92   0x08000a92   0x00000006   Code   RO           68    .text.EXTI0_IRQHandler  stm32h7xx_it.o
    0x08000a98   0x08000a98   0x00000008   Code   RO           17    .text.Error_Handler  main.o
    0x08000aa0   0x08000aa0   0x00000094   Code   RO          186    .text.HAL_ADCEx_Calibration_Start  stm32h7xx_hal_adc_ex.o
    0x08000b34   0x08000b34   0x000000a8   Code   RO          242    .text.HAL_ADCEx_MultiModeConfigChannel  stm32h7xx_hal_adc_ex.o
    0x08000bdc   0x08000bdc   0x000004ac   Code   RO          165    .text.HAL_ADC_ConfigChannel  stm32h7xx_hal_adc.o
    0x08001088   0x08001088   0x0000000c   Code   RO           21    .text.HAL_ADC_ConvCpltCallback  main.o
    0x08001094   0x08001094   0x0000000c   Code   RO           19    .text.HAL_ADC_ConvHalfCpltCallback  main.o
    0x080010a0   0x080010a0   0x00000002   Code   RO          161    .text.HAL_ADC_ErrorCallback  stm32h7xx_hal_adc.o
    0x080010a2   0x080010a2   0x00000002   PAD
    0x080010a4   0x080010a4   0x00000268   Code   RO          115    .text.HAL_ADC_Init  stm32h7xx_hal_adc.o
    0x0800130c   0x0800130c   0x000000c0   Code   RO           86    .text.HAL_ADC_MspInit  stm32h7xx_hal_msp.o
    0x080013cc   0x080013cc   0x00000148   Code   RO          143    .text.HAL_ADC_Start_DMA  stm32h7xx_hal_adc.o
    0x08001514   0x08001514   0x00000020   Code   RO           25    .text.HAL_DACEx_ConvCpltCallbackCh2  main.o
    0x08001534   0x08001534   0x00000002   Code   RO         1192    .text.HAL_DACEx_ConvHalfCpltCallbackCh2  stm32h7xx_hal_dac_ex.o
    0x08001536   0x08001536   0x00000002   Code   RO         1194    .text.HAL_DACEx_ErrorCallbackCh2  stm32h7xx_hal_dac_ex.o
    0x08001538   0x08001538   0x00000154   Code   RO         1155    .text.HAL_DAC_ConfigChannel  stm32h7xx_hal_dac.o
    0x0800168c   0x0800168c   0x0000006c   Code   RO           23    .text.HAL_DAC_ConvCpltCallbackCh1  main.o
    0x080016f8   0x080016f8   0x00000002   Code   RO         1149    .text.HAL_DAC_ConvHalfCpltCallbackCh1  stm32h7xx_hal_dac.o
    0x080016fa   0x080016fa   0x00000002   Code   RO         1151    .text.HAL_DAC_ErrorCallbackCh1  stm32h7xx_hal_dac.o
    0x080016fc   0x080016fc   0x00000026   Code   RO         1119    .text.HAL_DAC_Init  stm32h7xx_hal_dac.o
    0x08001722   0x08001722   0x00000002   PAD
    0x08001724   0x08001724   0x000000d8   Code   RO           90    .text.HAL_DAC_MspInit  stm32h7xx_hal_msp.o
    0x080017fc   0x080017fc   0x0000006c   Code   RO         1127    .text.HAL_DAC_Start  stm32h7xx_hal_dac.o
    0x08001868   0x08001868   0x000000ec   Code   RO         1131    .text.HAL_DAC_Start_DMA  stm32h7xx_hal_dac.o
    0x08001954   0x08001954   0x00000570   Code   RO          506    .text.HAL_DMA_IRQHandler  stm32h7xx_hal_dma.o
    0x08001ec4   0x08001ec4   0x00000368   Code   RO          484    .text.HAL_DMA_Init  stm32h7xx_hal_dma.o
    0x0800222c   0x0800222c   0x0000027c   Code   RO          498    .text.HAL_DMA_Start_IT  stm32h7xx_hal_dma.o
    0x080024a8   0x080024a8   0x00000002   Code   RO          442    .text.HAL_GPIO_EXTI_Callback  stm32h7xx_hal_gpio.o
    0x080024aa   0x080024aa   0x00000002   PAD
    0x080024ac   0x080024ac   0x00000014   Code   RO          440    .text.HAL_GPIO_EXTI_IRQHandler  stm32h7xx_hal_gpio.o
    0x080024c0   0x080024c0   0x00000194   Code   RO          428    .text.HAL_GPIO_Init  stm32h7xx_hal_gpio.o
    0x08002654   0x08002654   0x0000000a   Code   RO          434    .text.HAL_GPIO_WritePin  stm32h7xx_hal_gpio.o
    0x0800265e   0x0800265e   0x00000002   PAD
    0x08002660   0x08002660   0x00000008   Code   RO          797    .text.HAL_GetTick   stm32h7xx_hal.o
    0x08002668   0x08002668   0x00000014   Code   RO          795    .text.HAL_IncTick   stm32h7xx_hal.o
    0x0800267c   0x0800267c   0x00000054   Code   RO          785    .text.HAL_Init      stm32h7xx_hal.o
    0x080026d0   0x080026d0   0x00000048   Code   RO          787    .text.HAL_InitTick  stm32h7xx_hal.o
    0x08002718   0x08002718   0x00000054   Code   RO          754    .text.HAL_MPU_ConfigRegion  stm32h7xx_hal_cortex.o
    0x0800276c   0x0800276c   0x00000014   Code   RO          746    .text.HAL_MPU_Disable  stm32h7xx_hal_cortex.o
    0x08002780   0x08002780   0x00000020   Code   RO          748    .text.HAL_MPU_Enable  stm32h7xx_hal_cortex.o
    0x080027a0   0x080027a0   0x00000020   Code   RO           84    .text.HAL_MspInit   stm32h7xx_hal_msp.o
    0x080027c0   0x080027c0   0x0000001c   Code   RO          736    .text.HAL_NVIC_EnableIRQ  stm32h7xx_hal_cortex.o
    0x080027dc   0x080027dc   0x00000040   Code   RO          732    .text.HAL_NVIC_SetPriority  stm32h7xx_hal_cortex.o
    0x0800281c   0x0800281c   0x00000020   Code   RO          730    .text.HAL_NVIC_SetPriorityGrouping  stm32h7xx_hal_cortex.o
    0x0800283c   0x0800283c   0x00000084   Code   RO          645    .text.HAL_PWREx_ConfigSupply  stm32h7xx_hal_pwr_ex.o
    0x080028c0   0x080028c0   0x00000024   Code   RO          314    .text.HAL_RCCEx_GetD3PCLK1Freq  stm32h7xx_hal_rcc_ex.o
    0x080028e4   0x080028e4   0x00000110   Code   RO          308    .text.HAL_RCCEx_GetPLL1ClockFreq  stm32h7xx_hal_rcc_ex.o
    0x080029f4   0x080029f4   0x0000010c   Code   RO          310    .text.HAL_RCCEx_GetPLL2ClockFreq  stm32h7xx_hal_rcc_ex.o
    0x08002b00   0x08002b00   0x0000010c   Code   RO          312    .text.HAL_RCCEx_GetPLL3ClockFreq  stm32h7xx_hal_rcc_ex.o
    0x08002c0c   0x08002c0c   0x0000026c   Code   RO          306    .text.HAL_RCCEx_GetPeriphCLKFreq  stm32h7xx_hal_rcc_ex.o
    0x08002e78   0x08002e78   0x00000924   Code   RO          298    .text.HAL_RCCEx_PeriphCLKConfig  stm32h7xx_hal_rcc_ex.o
    0x0800379c   0x0800379c   0x00000002   Code   RO          287    .text.HAL_RCC_CSSCallback  stm32h7xx_hal_rcc.o
    0x0800379e   0x0800379e   0x00000002   PAD
    0x080037a0   0x080037a0   0x0000021c   Code   RO          265    .text.HAL_RCC_ClockConfig  stm32h7xx_hal_rcc.o
    0x080039bc   0x080039bc   0x0000000c   Code   RO          271    .text.HAL_RCC_EnableCSS  stm32h7xx_hal_rcc.o
    0x080039c8   0x080039c8   0x00000040   Code   RO          275    .text.HAL_RCC_GetHCLKFreq  stm32h7xx_hal_rcc.o
    0x08003a08   0x08003a08   0x0000001c   Code   RO          277    .text.HAL_RCC_GetPCLK1Freq  stm32h7xx_hal_rcc.o
    0x08003a24   0x08003a24   0x00000024   Code   RO          279    .text.HAL_RCC_GetPCLK2Freq  stm32h7xx_hal_rcc.o
    0x08003a48   0x08003a48   0x000000fc   Code   RO          267    .text.HAL_RCC_GetSysClockFreq  stm32h7xx_hal_rcc.o
    0x08003b44   0x08003b44   0x0000001c   Code   RO          285    .text.HAL_RCC_NMI_IRQHandler  stm32h7xx_hal_rcc.o
    0x08003b60   0x08003b60   0x000004e2   Code   RO          263    .text.HAL_RCC_OscConfig  stm32h7xx_hal_rcc.o
    0x08004042   0x08004042   0x00000002   PAD
    0x08004044   0x08004044   0x0000019c   Code   RO         1215    .text.HAL_SPI_Init  stm32h7xx_hal_spi.o
    0x080041e0   0x080041e0   0x00000088   Code   RO           94    .text.HAL_SPI_MspInit  stm32h7xx_hal_msp.o
    0x08004268   0x08004268   0x00000014   Code   RO          835    .text.HAL_SYSCFG_AnalogSwitchConfig  stm32h7xx_hal.o
    0x0800427c   0x0800427c   0x00000028   Code   RO          744    .text.HAL_SYSTICK_Config  stm32h7xx_hal_cortex.o
    0x080042a4   0x080042a4   0x00000098   Code   RO         1651    .text.HAL_TIMEx_MasterConfigSynchronization  stm32h7xx_hal_tim_ex.o
    0x0800433c   0x0800433c   0x00000060   Code   RO         1337    .text.HAL_TIM_Base_Init  stm32h7xx_hal_tim.o
    0x0800439c   0x0800439c   0x00000060   Code   RO           98    .text.HAL_TIM_Base_MspInit  stm32h7xx_hal_msp.o
    0x080043fc   0x080043fc   0x000000a4   Code   RO         1351    .text.HAL_TIM_Base_Start_IT  stm32h7xx_hal_tim.o
    0x080044a0   0x080044a0   0x00000128   Code   RO         1529    .text.HAL_TIM_ConfigClockSource  stm32h7xx_hal_tim.o
    0x080045c8   0x080045c8   0x00000036   Code   RO         1856    .text.HAL_UARTEx_DisableFifoMode  stm32h7xx_hal_uart_ex.o
    0x080045fe   0x080045fe   0x0000004a   Code   RO         1860    .text.HAL_UARTEx_SetRxFifoThreshold  stm32h7xx_hal_uart_ex.o
    0x08004648   0x08004648   0x0000004a   Code   RO         1858    .text.HAL_UARTEx_SetTxFifoThreshold  stm32h7xx_hal_uart_ex.o
    0x08004692   0x08004692   0x00000066   Code   RO         1688    .text.HAL_UART_Init  stm32h7xx_hal_uart.o
    0x080046f8   0x080046f8   0x00000084   Code   RO          102    .text.HAL_UART_MspInit  stm32h7xx_hal_msp.o
    0x0800477c   0x0800477c   0x000000ba   Code   RO         1708    .text.HAL_UART_Transmit  stm32h7xx_hal_uart.o
    0x08004836   0x08004836   0x00000002   Code   RO           52    .text.HardFault_Handler  stm32h7xx_it.o
    0x08004838   0x08004838   0x00000022   Code   RO          167    .text.LL_ADC_SetChannelSamplingTime  stm32h7xx_hal_adc.o
    0x0800485a   0x0800485a   0x00000002   Code   RO           54    .text.MemManage_Handler  stm32h7xx_it.o
    0x0800485c   0x0800485c   0x00000006   Code   RO           50    .text.NMI_Handler   stm32h7xx_it.o
    0x08004862   0x08004862   0x00000002   Code   RO           64    .text.PendSV_Handler  stm32h7xx_it.o
    0x08004864   0x08004864   0x00000100   Code   RO          300    .text.RCCEx_PLL2_Config  stm32h7xx_hal_rcc_ex.o
    0x08004964   0x08004964   0x00000100   Code   RO          302    .text.RCCEx_PLL3_Config  stm32h7xx_hal_rcc_ex.o
    0x08004a64   0x08004a64   0x00000002   Code   RO           60    .text.SVC_Handler   stm32h7xx_it.o
    0x08004a66   0x08004a66   0x00000004   Code   RO           66    .text.SysTick_Handler  stm32h7xx_it.o
    0x08004a6a   0x08004a6a   0x00000002   PAD
    0x08004a6c   0x08004a6c   0x0000009c   Code   RO           15    .text.SystemClock_Config  main.o
    0x08004b08   0x08004b08   0x00000098   Code   RO         1880    .text.SystemInit    system_stm32h7xx.o
    0x08004ba0   0x08004ba0   0x00000100   Code   RO         1341    .text.TIM_Base_SetConfig  stm32h7xx_hal_tim.o
    0x08004ca0   0x08004ca0   0x00000022   Code   RO         1531    .text.TIM_TI1_ConfigInputStage  stm32h7xx_hal_tim.o
    0x08004cc2   0x08004cc2   0x00000024   Code   RO         1533    .text.TIM_TI2_ConfigInputStage  stm32h7xx_hal_tim.o
    0x08004ce6   0x08004ce6   0x00000002   PAD
    0x08004ce8   0x08004ce8   0x00000054   Code   RO         1854    .text.UARTEx_SetNbDataToProcess  stm32h7xx_hal_uart_ex.o
    0x08004d3c   0x08004d3c   0x000000c6   Code   RO         1692    .text.UART_AdvFeatureConfig  stm32h7xx_hal_uart.o
    0x08004e02   0x08004e02   0x000000b4   Code   RO         1696    .text.UART_CheckIdleState  stm32h7xx_hal_uart.o
    0x08004eb6   0x08004eb6   0x00000002   PAD
    0x08004eb8   0x08004eb8   0x0000005c   Code   RO         1748    .text.UART_EndRxTransfer  stm32h7xx_hal_uart.o
    0x08004f14   0x08004f14   0x000003f0   Code   RO         1694    .text.UART_SetConfig  stm32h7xx_hal_uart.o
    0x08005304   0x08005304   0x0000009a   Code   RO         1710    .text.UART_WaitOnFlagUntilTimeout  stm32h7xx_hal_uart.o
    0x0800539e   0x0800539e   0x00000002   Code   RO           58    .text.UsageFault_Handler  stm32h7xx_it.o
    0x080053a0   0x080053a0   0x0000001c   Code   RO          734    .text.__NVIC_SetPriority  stm32h7xx_hal_cortex.o
    0x080053bc   0x080053bc   0x0000001c   Code   RO           11    .text.fputc         main.o
    0x080053d8   0x080053d8   0x0000071c   Code   RO           13    .text.main          main.o
    0x08005af4   0x08005af4   0x00000020   Code   RO         1950    i.__0printf$1       mc_w.l(printf1.o)
    0x08005b14   0x08005b14   0x0000000e   Code   RO         2206    i.__scatterload_copy  mc_w.l(handlers.o)
    0x08005b22   0x08005b22   0x00000002   Code   RO         2207    i.__scatterload_null  mc_w.l(handlers.o)
    0x08005b24   0x08005b24   0x0000000e   Code   RO         2208    i.__scatterload_zeroinit  mc_w.l(handlers.o)
    0x08005b32   0x08005b32   0x00000002   PAD
    0x08005b34   0x08005b34   0x00000154   Code   RO         1957    i._printf_core      mc_w.l(printf1.o)
    0x08005c88   0x08005c88   0x00000024   Code   RO         1897    i.puts              mc_w.l(puts.o)
    0x08005cac   0x08005cac   0x00000010   Data   RO         1884    .rodata.D1CorePrescTable  system_stm32h7xx.o
    0x08005cbc   0x08005cbc   0x00000018   Data   RO         1826    .rodata.UARTPrescTable  stm32h7xx_hal_uart.o
    0x08005cd4   0x08005cd4   0x00000008   Data   RO          516    .rodata.cst8        stm32h7xx_hal_dma.o
    0x08005cdc   0x08005cdc   0x00000010   Data   RO         1870    .rodata.cst8        stm32h7xx_hal_uart_ex.o
    0x08005cec   0x08005cec   0x00000020   Data   RO         2205    Region$$Table       anon$$obj.o


    Execution Region RW_IRAM1 (Exec base: 0x20000000, Load base: 0x08005d0c, Size: 0x00000000, Max: 0x00020000, ABSOLUTE)

    **** No section assigned to this execution region ****


    Execution Region RW_IRAM2 (Exec base: 0x24000000, Load base: 0x08005d10, Size: 0x00000818, Max: 0x00050000, ABSOLUTE)

    Exec Addr    Load Addr    Size         Type   Attr      Idx    E Section Name        Object

    0x24000000   0x08005d10   0x00000004   Data   RW         2180    .data               mc_w.l(stdout.o)
    0x24000004   0x08005d14   0x00000008   Data   RW          894    .data..L_MergedGlobals  stm32h7xx_hal.o
    0x2400000c   0x08005d1c   0x00000008   Data   RW         1885    .data..L_MergedGlobals  system_stm32h7xx.o
    0x24000014   0x08005d24   0x00000004   PAD
    0x24000018        -       0x0000006c   Zero   RW           40    .bss..L_MergedGlobals  main.o
    0x24000084        -       0x00000001   Zero   RW           27    .bss.dma_transfer_complete_flag  main.o
    0x24000085        -       0x00000001   Zero   RW           28    .bss.dma_transfer_half_complete_flag  main.o
    0x24000086   0x08005d24   0x00000002   PAD
    0x24000088        -       0x00000070   Zero   RW           31    .bss.hadc1          main.o
    0x240000f8        -       0x00000078   Zero   RW           35    .bss.hdma_adc1      main.o
    0x24000170        -       0x00000078   Zero   RW           36    .bss.hdma_dac1_ch1  main.o
    0x240001e8        -       0x00000078   Zero   RW           37    .bss.hdma_dac1_ch2  main.o
    0x24000260        -       0x00000088   Zero   RW           38    .bss.hspi5          main.o
    0x240002e8        -       0x0000004c   Zero   RW           32    .bss.htim2          main.o
    0x24000334        -       0x0000004c   Zero   RW           33    .bss.htim4          main.o
    0x24000380        -       0x00000094   Zero   RW           30    .bss.huart1         main.o
    0x24000414        -       0x00000004   Zero   RW          893    .bss.uwTick         stm32h7xx_hal.o
    0x24000418        -       0x00000400   Zero   RW            1    STACK               startup_stm32h730xxq.o



  Load Region LR$$.ARM.__at_0x38000000 (Base: 0x38000000, Size: 0x00003ea8, Max: 0x00003ea8, ABSOLUTE)

    Execution Region ER$$.ARM.__at_0x38000000 (Exec base: 0x38000000, Load base: 0x38000000, Size: 0x00003ea8, Max: 0x00003ea8, ABSOLUTE, UNINIT)

    Exec Addr    Load Addr    Size         Type   Attr      Idx    E Section Name        Object

    0x38000000   0x38000000   0x00003ea8   Data   RW           34    .ARM.__at_0x38000000  main.o


==============================================================================

Image component sizes


      Code (inc. data)   RO Data    RW Data    ZI Data      Debug   Object Name

      2176        176          0      16040       1018      23726   main.o
        36          8        716          0       1024        808   startup_stm32h730xxq.o
       204         24          0          8          4      15565   stm32h7xx_hal.o
      2790        148          0          0          0      27464   stm32h7xx_hal_adc.o
       316         12          0          0          0      26140   stm32h7xx_hal_adc_ex.o
       328         32          0          0          0      11969   stm32h7xx_hal_cortex.o
       772         28          0          0          0       8382   stm32h7xx_hal_dac.o
        50          0          0          0          0       8138   stm32h7xx_hal_dac_ex.o
      3808        440          8          0          0      13889   stm32h7xx_hal_dma.o
       436         20          0          0          0       6747   stm32h7xx_hal_gpio.o
       804         68          0          0          0      15939   stm32h7xx_hal_msp.o
       132          4          0          0          0       9328   stm32h7xx_hal_pwr_ex.o
      2212         68          0          0          0      10621   stm32h7xx_hal_rcc.o
      4316        236          0          0          0      17201   stm32h7xx_hal_rcc_ex.o
       412         12          0          0          0      19749   stm32h7xx_hal_spi.o
       882        100          0          0          0      45232   stm32h7xx_hal_tim.o
       152          0          0          0          0      20362   stm32h7xx_hal_tim_ex.o
      1920        168         24          0          0      31818   stm32h7xx_hal_uart.o
       286          8         16          0          0       9575   stm32h7xx_hal_uart_ex.o
        66         12          0          0          0       1508   stm32h7xx_it.o
       152         32         16          8          0       5062   system_stm32h7xx.o

    ----------------------------------------------------------------------
     22272       1596        812      16056       2052     329223   Object Totals
         0          0         32          0          0          0   (incl. Generated)
        22          0          0          0          6          0   (incl. Padding)

    ----------------------------------------------------------------------

      Code (inc. data)   RO Data    RW Data    ZI Data      Debug   Library Member Name

         0          0          0          0          0          0   entry.o
         0          0          0          0          0          0   entry10a.o
         0          0          0          0          0          0   entry11a.o
         8          4          0          0          0          0   entry2.o
         4          0          0          0          0          0   entry5.o
         0          0          0          0          0          0   entry7b.o
         0          0          0          0          0          0   entry8b.o
         8          4          0          0          0          0   entry9a.o
        30          0          0          0          0          0   handlers.o
        36          8          0          0          0         68   init.o
        30          0          0          0          0         68   llshl.o
        32          0          0          0          0         68   llushr.o
        36          0          0          0          0        108   memseta.o
       372         14          0          0          0        184   printf1.o
        36          6          0          0          0         80   puts.o
         0          0          0          4          0          0   stdout.o
        44          0          0          0          0         80   uidiv.o
        98          0          0          0          0         92   uldiv.o

    ----------------------------------------------------------------------
       736         36          0          4          0        748   Library Totals
         2          0          0          0          0          0   (incl. Padding)

    ----------------------------------------------------------------------

      Code (inc. data)   RO Data    RW Data    ZI Data      Debug   Library Name

       734         36          0          4          0        748   mc_w.l

    ----------------------------------------------------------------------
       736         36          0          4          0        748   Library Totals

    ----------------------------------------------------------------------

==============================================================================


      Code (inc. data)   RO Data    RW Data    ZI Data      Debug   

     23008       1632        812      16060       2052     329559   Grand Totals
     23008       1632        812      16060       2052     329559   ELF Image Totals
     23008       1632        812      16060          0          0   ROM Totals

==============================================================================

    Total RO  Size (Code + RO Data)                23820 (  23.26kB)
    Total RW  Size (RW Data + ZI Data)             18112 (  17.69kB)
    Total ROM Size (Code + RO Data + RW Data)      39880 (  38.95kB)

==============================================================================

